Component: ARM Compiler 5.06 update 1 (build 61) Tool: armlink [4d35a8]

==============================================================================

Section Cross References

    startup_stm32f429_439xx.o(STACK) refers (Special) to heapauxi.o(.text) for __use_two_region_memory
    startup_stm32f429_439xx.o(HEAP) refers (Special) to heapauxi.o(.text) for __use_two_region_memory
    startup_stm32f429_439xx.o(RESET) refers (Special) to heapauxi.o(.text) for __use_two_region_memory
    startup_stm32f429_439xx.o(RESET) refers to startup_stm32f429_439xx.o(STACK) for __initial_sp
    startup_stm32f429_439xx.o(RESET) refers to startup_stm32f429_439xx.o(.text) for Reset_Handler
    startup_stm32f429_439xx.o(RESET) refers to stm32f4xx_it.o(.text) for NMI_Handler
    startup_stm32f429_439xx.o(RESET) refers to tm_stm32f4_dma.o(.text) for DMA1_Stream0_IRQHandler
    startup_stm32f429_439xx.o(RESET) refers to tm_stm32f4_usart.o(.text) for USART1_IRQHandler
    startup_stm32f429_439xx.o(.text) refers (Special) to heapauxi.o(.text) for __use_two_region_memory
    startup_stm32f429_439xx.o(.text) refers to system_stm32f4xx.o(.text) for SystemInit
    startup_stm32f429_439xx.o(.text) refers to __main.o(!!!main) for __main
    startup_stm32f429_439xx.o(.text) refers to startup_stm32f429_439xx.o(HEAP) for Heap_Mem
    startup_stm32f429_439xx.o(.text) refers to startup_stm32f429_439xx.o(STACK) for Stack_Mem
    stm32f4xx_rcc.o(.text) refers to stm32f4xx_rcc.o(.data) for .data
    stm32f4xx_gpio.o(.text) refers to stm32f4xx_rcc.o(.text) for RCC_AHB1PeriphResetCmd
    stm32f4xx_usart.o(.text) refers to stm32f4xx_rcc.o(.text) for RCC_APB2PeriphResetCmd
    stm32f4xx_fmc.o(.text) refers to stm32f4xx_fmc.o(.constdata) for .constdata
    stm32f4xx_i2c.o(.text) refers to stm32f4xx_rcc.o(.text) for RCC_APB1PeriphResetCmd
    stm32f4xx_spi.o(.text) refers to stm32f4xx_rcc.o(.text) for RCC_APB1PeriphResetCmd
    tm_stm32f4_usart.o(.text) refers to tm_stm32f4_gpio.o(.text) for TM_GPIO_InitAlternate
    tm_stm32f4_usart.o(.text) refers to stm32f4xx_usart.o(.text) for USART_DeInit
    tm_stm32f4_usart.o(.text) refers to misc.o(.text) for NVIC_Init
    tm_stm32f4_usart.o(.text) refers to tm_stm32f4_usart.o(.data) for .data
    tm_stm32f4_usart.o(.text) refers (Weak) to camuart_communication_frames.o(.text) for TM_USART1_ReceiveHandler
    tm_stm32f4_usart.o(.data) refers to tm_stm32f4_usart.o(.bss) for TM_USART1_Buffer
    tm_stm32f4_usart.o(.data) refers to tm_stm32f4_usart.o(.bss) for TM_USART2_Buffer
    tm_stm32f4_usart.o(.data) refers to tm_stm32f4_usart.o(.bss) for TM_USART3_Buffer
    tm_stm32f4_usart.o(.data) refers to tm_stm32f4_usart.o(.bss) for TM_UART4_Buffer
    tm_stm32f4_usart.o(.data) refers to tm_stm32f4_usart.o(.bss) for TM_UART5_Buffer
    tm_stm32f4_usart.o(.data) refers to tm_stm32f4_usart.o(.bss) for TM_USART6_Buffer
    tm_stm32f4_usart.o(.data) refers to tm_stm32f4_usart.o(.bss) for TM_UART7_Buffer
    tm_stm32f4_usart.o(.data) refers to tm_stm32f4_usart.o(.bss) for TM_UART8_Buffer
    tm_stm32f4_delay.o(.text) refers to h1_alloc.o(.text) for malloc
    tm_stm32f4_delay.o(.text) refers to h1_free.o(.text) for free
    tm_stm32f4_delay.o(.text) refers to tm_stm32f4_delay.o(.data) for .data
    tm_stm32f4_delay.o(.text) refers to tm_stm32f4_delay.o(.bss) for .bss
    tm_stm32f4_delay.o(.text) refers to system_stm32f4xx.o(.data) for SystemCoreClock
    tm_stm32f4_gpio.o(.text) refers to tm_stm32f4_gpio.o(.bss) for .bss
    tm_stm32f4_disco.o(.text) refers to tm_stm32f4_gpio.o(.text) for TM_GPIO_Init
    tm_stm32f4_disco.o(.text) refers to tm_stm32f4_disco.o(.data) for .data
    tm_stm32f4_ili9341.o(.text) refers to stm32f4xx_gpio.o(.text) for GPIO_ResetBits
    tm_stm32f4_ili9341.o(.text) refers to tm_stm32f4_spi.o(.text) for TM_SPI_SetDataSize
    tm_stm32f4_ili9341.o(.text) refers to tm_stm32f4_spi_dma.o(.text) for TM_SPI_DMA_SendHalfWord
    tm_stm32f4_ili9341.o(.text) refers to tm_stm32f4_gpio.o(.text) for TM_GPIO_Init
    tm_stm32f4_ili9341.o(.text) refers to tm_stm32f4_ili9341.o(.data) for .data
    tm_stm32f4_ili9341_button.o(.text) refers to tm_stm32f4_ili9341.o(.text) for TM_ILI9341_DrawPixel
    tm_stm32f4_ili9341_button.o(.text) refers to tm_stm32f4_ili9341_button.o(.bss) for .bss
    tm_stm32f4_fonts.o(.text) refers to strlen.o(.text) for strlen
    tm_stm32f4_fonts.o(.data) refers to tm_stm32f4_fonts.o(.constdata) for TM_Font7x10
    tm_stm32f4_fonts.o(.data) refers to tm_stm32f4_fonts.o(.constdata) for TM_Font11x18
    tm_stm32f4_fonts.o(.data) refers to tm_stm32f4_fonts.o(.constdata) for TM_Font16x26
    tm_stm32f4_sdram.o(.text) refers to stm32f4xx_fmc.o(.text) for FMC_SDRAMInit
    tm_stm32f4_sdram.o(.text) refers to tm_stm32f4_gpio.o(.text) for TM_GPIO_InitAlternate
    tm_stm32f4_sdram.o(.text) refers to tm_stm32f4_sdram.o(.data) for .data
    tm_stm32f4_spi_dma.o(.text) refers to stm32f4xx_dma.o(.text) for DMA_DeInit
[...]
    SPI6_DMA_INT                             0x2000013c   Data          24  tm_stm32f4_spi_dma.o(.data)
    .data                                    0x20000154   Section       16  tm_stm32f4_i2c.o(.data)
    TM_I2C_Timeout                           0x20000154   Data           4  tm_stm32f4_i2c.o(.data)
    TM_I2C_INT_Clocks                        0x20000158   Data          12  tm_stm32f4_i2c.o(.data)
    .data                                    0x20000164   Section       20  main.o(.data)
    connected                                0x20000164   Data           1  main.o(.data)
    .data                                    0x20000178   Section       20  system_stm32f4xx.o(.data)
    .data                                    0x2000018c   Section        4  camuart_communication_frames.o(.data)
    state                                    0x2000018f   Data           1  camuart_communication_frames.o(.data)
    .data                                    0x20000190   Section       26  camprocessscreen.o(.data)
    .data                                    0x200001aa   Section     1692  camscreen.o(.data)
    pevious_button_Pressed                   0x200001aa   Data           1  camscreen.o(.data)
    previous_values                          0x200001b8   Data           4  camscreen.o(.data)
    previous_values                          0x2000083c   Data          10  camscreen.o(.data)
    .bss                                     0x20000848   Section       32  tm_stm32f4_usart.o(.bss)
    .bss                                     0x20000868   Section       32  tm_stm32f4_usart.o(.bss)
    .bss                                     0x20000888   Section       32  tm_stm32f4_usart.o(.bss)
    .bss                                     0x200008a8   Section       32  tm_stm32f4_usart.o(.bss)
    .bss                                     0x200008c8   Section       32  tm_stm32f4_usart.o(.bss)
    .bss                                     0x200008e8   Section       32  tm_stm32f4_usart.o(.bss)
    .bss                                     0x20000908   Section       32  tm_stm32f4_usart.o(.bss)
    .bss                                     0x20000928   Section       32  tm_stm32f4_usart.o(.bss)
    .bss                                     0x20000948   Section       24  tm_stm32f4_delay.o(.bss)
    CustomTimers                             0x20000948   Data          24  tm_stm32f4_delay.o(.bss)
    .bss                                     0x20000960   Section       22  tm_stm32f4_gpio.o(.bss)
    GPIO_UsedPins                            0x20000960   Data          22  tm_stm32f4_gpio.o(.bss)
    .bss                                     0x20000978   Section      320  tm_stm32f4_ili9341_button.o(.bss)
    .bss                                     0x20000ab8   Section       60  tm_stm32f4_spi_dma.o(.bss)
    DMA_InitStruct                           0x20000ab8   Data          60  tm_stm32f4_spi_dma.o(.bss)
    .bss                                     0x20000af4   Section      300  camuart_communication_frames.o(.bss)
    .bss                                     0x20000c20   Section       62  camscreen.o(.bss)
    .bss                                     0x20000c60   Section       96  libspace.o(.bss)
    HEAP                                     0x20000cc0   Section      512  startup_stm32f429_439xx.o(HEAP)
    Heap_Mem                                 0x20000cc0   Data         512  startup_stm32f429_439xx.o(HEAP)
    STACK                                    0x20000ec0   Section     1024  startup_stm32f429_439xx.o(STACK)
    Stack_Mem                                0x20000ec0   Data        1024  startup_stm32f429_439xx.o(STACK)
    __initial_sp                             0x200012c0   Data           0  startup_stm32f429_439xx.o(STACK)

    Global Symbols

    Symbol Name                              Value     Ov Type        Size  Object(Section)

    BuildAttributes$$THM_ISAv4$E$P$D$K$B$S$7EM$VFPi3$EXTD16$VFPS$VFMA$PE$A:L22UL41UL21$X:L11$S22US41US21$IEEE1$IW$USESV6$~STKCKD$USESV7$~SHL$OTIME$ROPI$EBA8$UX$STANDARDLIB$REQ8$PRES8$EABIv2 0x00000000   Number         0  anon$$obj.o ABSOLUTE
    __ARM_use_no_argv                        0x00000000   Number         0  main.o ABSOLUTE
    TM_DELAY_1msHandler                       - Undefined Weak Reference
    __ARM_exceptions_init                     - Undefined Weak Reference
    __alloca_initialize                       - Undefined Weak Reference
    __arm_preinit_                            - Undefined Weak Reference
    __cpp_initialize__aeabi_                  - Undefined Weak Reference
    __cxa_finalize                            - Undefined Weak Reference
    __rt_locale                               - Undefined Weak Reference
    __sigvec_lookup                           - Undefined Weak Reference
    __user_heap_extent                        - Undefined Weak Reference
    _atexit_init                              - Undefined Weak Reference
    _call_atexit_fns                          - Undefined Weak Reference
    _clock_init                               - Undefined Weak Reference
    _fp_trap_init                             - Undefined Weak Reference
    _fp_trap_shutdown                         - Undefined Weak Reference
    _get_lc_collate                           - Undefined Weak Reference
    _get_lc_ctype                             - Undefined Weak Reference
    _get_lc_monetary                          - Undefined Weak Reference
    _get_lc_numeric                           - Undefined Weak Reference
    _get_lc_time                              - Undefined Weak Reference
    _getenv_init                              - Undefined Weak Reference
    _handle_redirection                       - Undefined Weak Reference
    _initio                                   - Undefined Weak Reference
    _mutex_acquire                            - Undefined Weak Reference
    _mutex_free                               - Undefined Weak Reference
    _mutex_release                            - Undefined Weak Reference
    _printf_post_padding                      - Undefined Weak Reference
    _printf_pre_padding                       - Undefined Weak Reference
    _printf_truncate_signed                   - Undefined Weak Reference
    _printf_truncate_unsigned                 - Undefined Weak Reference
    _rand_init                                - Undefined Weak Reference
    _signal_finish                            - Undefined Weak Reference
    _signal_init                              - Undefined Weak Reference
    _terminateio                              - Undefined Weak Reference
    __Vectors_Size                           0x000001ac   Number         0  startup_stm32f429_439xx.o ABSOLUTE
    __Vectors                                0x08000000   Data           4  startup_stm32f429_439xx.o(RESET)
    __Vectors_End                            0x080001ac   Data           0  startup_stm32f429_439xx.o(RESET)
    __main                                   0x080001ad   Thumb Code     8  __main.o(!!!main)
    __scatterload                            0x080001b5   Thumb Code     0  __scatter.o(!!!scatter)
    __scatterload_rt2                        0x080001b5   Thumb Code    44  __scatter.o(!!!scatter)
    __scatterload_rt2_thumb_only             0x080001b5   Thumb Code     0  __scatter.o(!!!scatter)
    __scatterload_null                       0x080001c3   Thumb Code     0  __scatter.o(!!!scatter)
    __decompress                             0x080001e9   Thumb Code    90  __dczerorl2.o(!!dczerorl2)
    __decompress1                            0x080001e9   Thumb Code     0  __dczerorl2.o(!!dczerorl2)
    __scatterload_zeroinit                   0x08000245   Thumb Code    28  __scatter_zi.o(!!handler_zi)
    _printf_d                                0x08000261   Thumb Code     0  _printf_d.o(.ARM.Collect$$_printf_percent$$00000009)
    _printf_percent                          0x08000261   Thumb Code     0  _printf_percent.o(.ARM.Collect$$_printf_percent$$00000000)
    _printf_percent_end                      0x08000267   Thumb Code     0  _printf_percent_end.o(.ARM.Collect$$_printf_percent$$00000017)
    __rt_lib_init                            0x0800026b   Thumb Code     0  libinit.o(.ARM.Collect$$libinit$$00000000)
    __rt_lib_init_fp_1                       0x0800026d   Thumb Code     0  libinit2.o(.ARM.Collect$$libinit$$00000001)
    __rt_lib_init_heap_2                     0x08000271   Thumb Code     0  libinit2.o(.ARM.Collect$$libinit$$00000005)
    __rt_lib_init_preinit_1                  0x08000271   Thumb Code     0  libinit2.o(.ARM.Collect$$libinit$$00000004)
    __rt_lib_init_alloca_1                   0x08000279   Thumb Code     0  libinit2.o(.ARM.Collect$$libinit$$0000002E)
    __rt_lib_init_argv_1                     0x08000279   Thumb Code     0  libinit2.o(.ARM.Collect$$libinit$$0000002C)
    __rt_lib_init_atexit_1                   0x08000279   Thumb Code     0  libinit2.o(.ARM.Collect$$libinit$$0000001B)
    __rt_lib_init_clock_1                    0x08000279   Thumb Code     0  libinit2.o(.ARM.Collect$$libinit$$00000021)
    __rt_lib_init_cpp_1                      0x08000279   Thumb Code     0  libinit2.o(.ARM.Collect$$libinit$$00000032)
    __rt_lib_init_exceptions_1               0x08000279   Thumb Code     0  libinit2.o(.ARM.Collect$$libinit$$00000030)
    __rt_lib_init_fp_trap_1                  0x08000279   Thumb Code     0  libinit2.o(.ARM.Collect$$libinit$$0000001F)
    __rt_lib_init_getenv_1                   0x08000279   Thumb Code     0  libinit2.o(.ARM.Collect$$libinit$$00000023)
    __rt_lib_init_heap_1                     0x08000279   Thumb Code     0  libinit2.o(.ARM.Collect$$libinit$$0000000A)
    __rt_lib_init_lc_collate_1               0x08000279   Thumb Code     0  libinit2.o(.ARM.Collect$$libinit$$00000011)
    __rt_lib_init_lc_ctype_1                 0x08000279   Thumb Code     0  libinit2.o(.ARM.Collect$$libinit$$00000013)
    __rt_lib_init_lc_monetary_1              0x08000279   Thumb Code     0  libinit2.o(.ARM.Collect$$libinit$$00000015)
    __rt_lib_init_lc_numeric_1               0x08000279   Thumb Code     0  libinit2.o(.ARM.Collect$$libinit$$00000017)
    __rt_lib_init_lc_time_1                  0x08000279   Thumb Code     0  libinit2.o(.ARM.Collect$$libinit$$00000019)
    __rt_lib_init_rand_1                     0x08000279   Thumb Code     0  libinit2.o(.ARM.Collect$$libinit$$0000000E)
    __rt_lib_init_return                     0x08000279   Thumb Code     0  libinit2.o(.ARM.Collect$$libinit$$00000033)
    __rt_lib_init_signal_1                   0x08000279   Thumb Code     0  libinit2.o(.ARM.Collect$$libinit$$0000001D)
    __rt_lib_init_stdio_1                    0x08000279   Thumb Code     0  libinit2.o(.ARM.Collect$$libinit$$00000025)
    __rt_lib_init_user_alloc_1               0x08000279   Thumb Code     0  libinit2.o(.ARM.Collect$$libinit$$0000000C)
    __rt_lib_shutdown                        0x0800027b   Thumb Code     0  libshutdown.o(.ARM.Collect$$libshutdown$$00000000)
    __rt_lib_shutdown_cpp_1                  0x0800027d   Thumb Code     0  libshutdown2.o(.ARM.Collect$$libshutdown$$00000002)
    __rt_lib_shutdown_fp_trap_1              0x0800027d   Thumb Code     0  libshutdown2.o(.ARM.Collect$$libshutdown$$00000007)
    __rt_lib_shutdown_heap_1                 0x0800027d   Thumb Code     0  libshutdown2.o(.ARM.Collect$$libshutdown$$0000000F)
    __rt_lib_shutdown_return                 0x0800027d   Thumb Code     0  libshutdown2.o(.ARM.Collect$$libshutdown$$00000010)
    __rt_lib_shutdown_signal_1               0x0800027d   Thumb Code     0  libshutdown2.o(.ARM.Collect$$libshutdown$$0000000A)
    __rt_lib_shutdown_stdio_1                0x0800027d   Thumb Code     0  libshutdown2.o(.ARM.Collect$$libshutdown$$00000004)
    __rt_lib_shutdown_user_alloc_1           0x0800027d   Thumb Code     0  libshutdown2.o(.ARM.Collect$$libshutdown$$0000000C)
    __rt_entry                               0x0800027f   Thumb Code     0  __rtentry.o(.ARM.Collect$$rtentry$$00000000)
    __rt_entry_presh_1                       0x0800027f   Thumb Code     0  __rtentry2.o(.ARM.Collect$$rtentry$$00000002)
    __rt_entry_sh                            0x0800027f   Thumb Code     0  __rtentry4.o(.ARM.Collect$$rtentry$$00000004)
    __rt_entry_li                            0x08000285   Thumb Code     0  __rtentry2.o(.ARM.Collect$$rtentry$$0000000A)
    __rt_entry_postsh_1                      0x08000285   Thumb Code     0  __rtentry2.o(.ARM.Collect$$rtentry$$00000009)
    __rt_entry_main                          0x08000289   Thumb Code     0  __rtentry2.o(.ARM.Collect$$rtentry$$0000000D)
    __rt_entry_postli_1                      0x08000289   Thumb Code     0  __rtentry2.o(.ARM.Collect$$rtentry$$0000000C)
    __rt_exit                                0x08000291   Thumb Code     0  rtexit.o(.ARM.Collect$$rtexit$$00000000)
    __rt_exit_ls                             0x08000293   Thumb Code     0  rtexit2.o(.ARM.Collect$$rtexit$$00000003)
    __rt_exit_prels_1                        0x08000293   Thumb Code     0  rtexit2.o(.ARM.Collect$$rtexit$$00000002)
    __rt_exit_exit                           0x08000297   Thumb Code     0  rtexit2.o(.ARM.Collect$$rtexit$$00000004)
    Reset_Handler                            0x0800029d   Thumb Code     8  startup_stm32f429_439xx.o(.text)
    _maybe_terminate_alloc                   0x0800029d   Thumb Code     0  maybetermalloc1.o(.emb_text)
    ADC_IRQHandler                           0x080002b7   Thumb Code     0  startup_stm32f429_439xx.o(.text)
    CAN1_RX0_IRQHandler                      0x080002b7   Thumb Code     0  startup_stm32f429_439xx.o(.text)
    CAN1_RX1_IRQHandler                      0x080002b7   Thumb Code     0  startup_stm32f429_439xx.o(.text)
    CAN1_SCE_IRQHandler                      0x080002b7   Thumb Code     0  startup_stm32f429_439xx.o(.text)
    CAN1_TX_IRQHandler                       0x080002b7   Thumb Code     0  startup_stm32f429_439xx.o(.text)
    CAN2_RX0_IRQHandler                      0x080002b7   Thumb Code     0  startup_stm32f429_439xx.o(.text)
    CAN2_RX1_IRQHandler                      0x080002b7   Thumb Code     0  startup_stm32f429_439xx.o(.text)
    CAN2_SCE_IRQHandler                      0x080002b7   Thumb Code     0  startup_stm32f429_439xx.o(.text)
    CAN2_TX_IRQHandler                       0x080002b7   Thumb Code     0  startup_stm32f429_439xx.o(.text)
    CRYP_IRQHandler                          0x080002b7   Thumb Code     0  startup_stm32f429_439xx.o(.text)
    DCMI_IRQHandler                          0x080002b7   Thumb Code     0  startup_stm32f429_439xx.o(.text)
    DMA2D_IRQHandler                         0x080002b7   Thumb Code     0  startup_stm32f429_439xx.o(.text)
    ETH_IRQHandler                           0x080002b7   Thumb Code     0  startup_stm32f429_439xx.o(.text)
    ETH_WKUP_IRQHandler                      0x080002b7   Thumb Code     0  startup_stm32f429_439xx.o(.text)
    EXTI0_IRQHandler                         0x080002b7   Thumb Code     0  startup_stm32f429_439xx.o(.text)
    EXTI15_10_IRQHandler                     0x080002b7   Thumb Code     0  startup_stm32f429_439xx.o(.text)
    EXTI1_IRQHandler                         0x080002b7   Thumb Code     0  startup_stm32f429_439xx.o(.text)
    EXTI2_IRQHandler                         0x080002b7   Thumb Code     0  startup_stm32f429_439xx.o(.text)
    EXTI3_IRQHandler                         0x080002b7   Thumb Code     0  startup_stm32f429_439xx.o(.text)
    EXTI4_IRQHandler                         0x080002b7   Thumb Code     0  startup_stm32f429_439xx.o(.text)
    EXTI9_5_IRQHandler                       0x080002b7   Thumb Code     0  startup_stm32f429_439xx.o(.text)
    FLASH_IRQHandler                         0x080002b7   Thumb Code     0  startup_stm32f429_439xx.o(.text)
    FMC_IRQHandler                           0x080002b7   Thumb Code     0  startup_stm32f429_439xx.o(.text)
    FPU_IRQHandler                           0x080002b7   Thumb Code     0  startup_stm32f429_439xx.o(.text)
    HASH_RNG_IRQHandler                      0x080002b7   Thumb Code     0  startup_stm32f429_439xx.o(.text)
    I2C1_ER_IRQHandler                       0x080002b7   Thumb Code     0  startup_stm32f429_439xx.o(.text)
    I2C1_EV_IRQHandler                       0x080002b7   Thumb Code     0  startup_stm32f429_439xx.o(.text)
    I2C2_ER_IRQHandler                       0x080002b7   Thumb Code     0  startup_stm32f429_439xx.o(.text)
    I2C2_EV_IRQHandler                       0x080002b7   Thumb Code     0  startup_stm32f429_439xx.o(.text)
    I2C3_ER_IRQHandler                       0x080002b7   Thumb Code     0  startup_stm32f429_439xx.o(.text)
    I2C3_EV_IRQHandler                       0x080002b7   Thumb Code     0  startup_stm32f429_439xx.o(.text)
    LTDC_ER_IRQHandler                       0x080002b7   Thumb Code     0  startup_stm32f429_439xx.o(.text)
    LTDC_IRQHandler                          0x080002b7   Thumb Code     0  startup_stm32f429_439xx.o(.text)
    OTG_FS_IRQHandler                        0x080002b7   Thumb Code     0  startup_stm32f429_439xx.o(.text)
    OTG_FS_WKUP_IRQHandler                   0x080002b7   Thumb Code     0  startup_stm32f429_439xx.o(.text)
    OTG_HS_EP1_IN_IRQHandler                 0x080002b7   Thumb Code     0  startup_stm32f429_439xx.o(.text)
    OTG_HS_EP1_OUT_IRQHandler                0x080002b7   Thumb Code     0  startup_stm32f429_439xx.o(.text)
    OTG_HS_IRQHandler                        0x080002b7   Thumb Code     0  startup_stm32f429_439xx.o(.text)
    OTG_HS_WKUP_IRQHandler                   0x080002b7   Thumb Code     0  startup_stm32f429_439xx.o(.text)
    PVD_IRQHandler                           0x080002b7   Thumb Code     0  startup_stm32f429_439xx.o(.text)
    RCC_IRQHandler                           0x080002b7   Thumb Code     0  startup_stm32f429_439xx.o(.text)
    RTC_Alarm_IRQHandler                     0x080002b7   Thumb Code     0  startup_stm32f429_439xx.o(.text)
    RTC_WKUP_IRQHandler                      0x080002b7   Thumb Code     0  startup_stm32f429_439xx.o(.text)
    SAI1_IRQHandler                          0x080002b7   Thumb Code     0  startup_stm32f429_439xx.o(.text)
    SDIO_IRQHandler                          0x080002b7   Thumb Code     0  startup_stm32f429_439xx.o(.text)
    SPI1_IRQHandler                          0x080002b7   Thumb Code     0  startup_stm32f429_439xx.o(.text)
    SPI2_IRQHandler                          0x080002b7   Thumb Code     0  startup_stm32f429_439xx.o(.text)
    SPI3_IRQHandler                          0x080002b7   Thumb Code     0  startup_stm32f429_439xx.o(.text)
    SPI4_IRQHandler                          0x080002b7   Thumb Code     0  startup_stm32f429_439xx.o(.text)
    SPI5_IRQHandler                          0x080002b7   Thumb Code     0  startup_stm32f429_439xx.o(.text)
    SPI6_IRQHandler                          0x080002b7   Thumb Code     0  startup_stm32f429_439xx.o(.text)
    TAMP_STAMP_IRQHandler                    0x080002b7   Thumb Code     0  startup_stm32f429_439xx.o(.text)
    TIM1_BRK_TIM9_IRQHandler                 0x080002b7   Thumb Code     0  startup_stm32f429_439xx.o(.text)
    TIM1_CC_IRQHandler                       0x080002b7   Thumb Code     0  startup_stm32f429_439xx.o(.text)
    TIM1_TRG_COM_TIM11_IRQHandler            0x080002b7   Thumb Code     0  startup_stm32f429_439xx.o(.text)
    TIM1_UP_TIM10_IRQHandler                 0x080002b7   Thumb Code     0  startup_stm32f429_439xx.o(.text)
    TIM2_IRQHandler                          0x080002b7   Thumb Code     0  startup_stm32f429_439xx.o(.text)
    TIM3_IRQHandler                          0x080002b7   Thumb Code     0  startup_stm32f429_439xx.o(.text)
    TIM4_IRQHandler                          0x080002b7   Thumb Code     0  startup_stm32f429_439xx.o(.text)
    TIM5_IRQHandler                          0x080002b7   Thumb Code     0  startup_stm32f429_439xx.o(.text)
    TIM6_DAC_IRQHandler                      0x080002b7   Thumb Code     0  startup_stm32f429_439xx.o(.text)
    TIM7_IRQHandler                          0x080002b7   Thumb Code     0  startup_stm32f429_439xx.o(.text)
    TIM8_BRK_TIM12_IRQHandler                0x080002b7   Thumb Code     0  startup_stm32f429_439xx.o(.text)
    TIM8_CC_IRQHandler                       0x080002b7   Thumb Code     0  startup_stm32f429_439xx.o(.text)
    TIM8_TRG_COM_TIM14_IRQHandler            0x080002b7   Thumb Code     0  startup_stm32f429_439xx.o(.text)
    TIM8_UP_TIM13_IRQHandler                 0x080002b7   Thumb Code     0  startup_stm32f429_439xx.o(.text)
    WWDG_IRQHandler                          0x080002b7   Thumb Code     0  startup_stm32f429_439xx.o(.text)
    __user_initial_stackheap                 0x080002b9   Thumb Code     0  startup_stm32f429_439xx.o(.text)
    NVIC_PriorityGroupConfig                 0x080002dd   Thumb Code    10  misc.o(.text)
    NVIC_Init                                0x080002e7   Thumb Code    96  misc.o(.text)
    NVIC_SetVectorTable                      0x08000347   Thumb Code    14  misc.o(.text)
    NVIC_SystemLPConfig                      0x08000355   Thumb Code    20  misc.o(.text)
    SysTick_CLKSourceConfig                  0x08000369   Thumb Code    24  misc.o(.text)
    RCC_DeInit                               0x0800038d   Thumb Code    68  stm32f4xx_rcc.o(.text)
    RCC_HSEConfig                            0x080003d1   Thumb Code    12  stm32f4xx_rcc.o(.text)
    RCC_GetFlagStatus                        0x080003dd   Thumb Code    46  stm32f4xx_rcc.o(.text)
    RCC_WaitForHSEStartUp                    0x0800040b   Thumb Code    44  stm32f4xx_rcc.o(.text)
    RCC_AdjustHSICalibrationValue            0x08000437   Thumb Code    16  stm32f4xx_rcc.o(.text)
    RCC_HSICmd                               0x08000447   Thumb Code     6  stm32f4xx_rcc.o(.text)
    RCC_LSEConfig                            0x0800044d   Thumb Code    24  stm32f4xx_rcc.o(.text)
    RCC_LSICmd                               0x08000465   Thumb Code     6  stm32f4xx_rcc.o(.text)
    RCC_PLLConfig                            0x0800046b   Thumb Code    32  stm32f4xx_rcc.o(.text)
    RCC_PLLCmd                               0x0800048b   Thumb Code     6  stm32f4xx_rcc.o(.text)
    RCC_PLLI2SConfig                         0x08000491   Thumb Code    18  stm32f4xx_rcc.o(.text)
    RCC_PLLI2SCmd                            0x080004a3   Thumb Code     6  stm32f4xx_rcc.o(.text)
    RCC_PLLSAIConfig                         0x080004a9   Thumb Code    18  stm32f4xx_rcc.o(.text)
    RCC_PLLSAICmd                            0x080004bb   Thumb Code     6  stm32f4xx_rcc.o(.text)
    RCC_ClockSecuritySystemCmd               0x080004c1   Thumb Code     6  stm32f4xx_rcc.o(.text)
    RCC_MCO1Config                           0x080004c7   Thumb Code    18  stm32f4xx_rcc.o(.text)
    RCC_MCO2Config                           0x080004d9   Thumb Code    18  stm32f4xx_rcc.o(.text)
    RCC_SYSCLKConfig                         0x080004eb   Thumb Code    16  stm32f4xx_rcc.o(.text)
    RCC_GetSYSCLKSource                      0x080004fb   Thumb Code    12  stm32f4xx_rcc.o(.text)
    RCC_HCLKConfig                           0x08000507   Thumb Code    16  stm32f4xx_rcc.o(.text)
    RCC_PCLK1Config                          0x08000517   Thumb Code    16  stm32f4xx_rcc.o(.text)
    RCC_PCLK2Config                          0x08000527   Thumb Code    18  stm32f4xx_rcc.o(.text)
    RCC_GetClocksFreq                        0x08000539   Thumb Code   134  stm32f4xx_rcc.o(.text)
    RCC_RTCCLKConfig                         0x080005bf   Thumb Code    42  stm32f4xx_rcc.o(.text)
    RCC_RTCCLKCmd                            0x080005e9   Thumb Code     8  stm32f4xx_rcc.o(.text)
    RCC_BackupResetCmd                       0x080005f1   Thumb Code     8  stm32f4xx_rcc.o(.text)
    RCC_I2SCLKConfig                         0x080005f9   Thumb Code     8  stm32f4xx_rcc.o(.text)
    RCC_SAIBlockACLKConfig                   0x08000601   Thumb Code    16  stm32f4xx_rcc.o(.text)
    RCC_SAIBlockBCLKConfig                   0x08000611   Thumb Code    16  stm32f4xx_rcc.o(.text)
    RCC_SAIPLLI2SClkDivConfig                0x08000621   Thumb Code    18  stm32f4xx_rcc.o(.text)
    RCC_SAIPLLSAIClkDivConfig                0x08000633   Thumb Code    24  stm32f4xx_rcc.o(.text)
    RCC_LTDCCLKDivConfig                     0x0800064b   Thumb Code    16  stm32f4xx_rcc.o(.text)
    RCC_TIMCLKPresConfig                     0x0800065b   Thumb Code     8  stm32f4xx_rcc.o(.text)
    RCC_AHB1PeriphClockCmd                   0x08000663   Thumb Code    20  stm32f4xx_rcc.o(.text)
    RCC_AHB2PeriphClockCmd                   0x08000677   Thumb Code    20  stm32f4xx_rcc.o(.text)
    RCC_AHB3PeriphClockCmd                   0x0800068b   Thumb Code    20  stm32f4xx_rcc.o(.text)
    RCC_APB1PeriphClockCmd                   0x0800069f   Thumb Code    20  stm32f4xx_rcc.o(.text)
    RCC_APB2PeriphClockCmd                   0x080006b3   Thumb Code    20  stm32f4xx_rcc.o(.text)
    RCC_AHB1PeriphResetCmd                   0x080006c7   Thumb Code    20  stm32f4xx_rcc.o(.text)
    RCC_AHB2PeriphResetCmd                   0x080006db   Thumb Code    20  stm32f4xx_rcc.o(.text)
    RCC_AHB3PeriphResetCmd                   0x080006ef   Thumb Code    20  stm32f4xx_rcc.o(.text)
    RCC_APB1PeriphResetCmd                   0x08000703   Thumb Code    20  stm32f4xx_rcc.o(.text)
    RCC_APB2PeriphResetCmd                   0x08000717   Thumb Code    20  stm32f4xx_rcc.o(.text)
    RCC_AHB1PeriphClockLPModeCmd             0x0800072b   Thumb Code    20  stm32f4xx_rcc.o(.text)
    RCC_AHB2PeriphClockLPModeCmd             0x0800073f   Thumb Code    20  stm32f4xx_rcc.o(.text)
    RCC_AHB3PeriphClockLPModeCmd             0x08000753   Thumb Code    20  stm32f4xx_rcc.o(.text)
    RCC_APB1PeriphClockLPModeCmd             0x08000767   Thumb Code    64  stm32f4xx_rcc.o(.text)
    RCC_APB2PeriphClockLPModeCmd             0x080007a7   Thumb Code    18  stm32f4xx_rcc.o(.text)
    RCC_LSEModeConfig                        0x080007b9   Thumb Code    24  stm32f4xx_rcc.o(.text)
    RCC_ITConfig                             0x080007d1   Thumb Code    20  stm32f4xx_rcc.o(.text)
    RCC_ClearFlag                            0x080007e5   Thumb Code    14  stm32f4xx_rcc.o(.text)
    RCC_GetITStatus                          0x080007f3   Thumb Code    18  stm32f4xx_rcc.o(.text)
    RCC_ClearITPendingBit                    0x08000805   Thumb Code     8  stm32f4xx_rcc.o(.text)
    GPIO_DeInit                              0x08000811   Thumb Code   216  stm32f4xx_gpio.o(.text)
    GPIO_Init                                0x080008e9   Thumb Code   120  stm32f4xx_gpio.o(.text)
    GPIO_StructInit                          0x08000961   Thumb Code    18  stm32f4xx_gpio.o(.text)
    GPIO_PinLockConfig                       0x08000973   Thumb Code    24  stm32f4xx_gpio.o(.text)
    GPIO_ReadInputDataBit                    0x0800098b   Thumb Code    14  stm32f4xx_gpio.o(.text)
    GPIO_ReadInputData                       0x08000999   Thumb Code     6  stm32f4xx_gpio.o(.text)
    GPIO_ReadOutputDataBit                   0x0800099f   Thumb Code    14  stm32f4xx_gpio.o(.text)
    GPIO_ReadOutputData                      0x080009ad   Thumb Code     6  stm32f4xx_gpio.o(.text)
    GPIO_SetBits                             0x080009b3   Thumb Code     4  stm32f4xx_gpio.o(.text)
    GPIO_ResetBits                           0x080009b7   Thumb Code     4  stm32f4xx_gpio.o(.text)
    GPIO_WriteBit                            0x080009bb   Thumb Code    10  stm32f4xx_gpio.o(.text)
    GPIO_Write                               0x080009c5   Thumb Code     4  stm32f4xx_gpio.o(.text)
    GPIO_ToggleBits                          0x080009c9   Thumb Code     8  stm32f4xx_gpio.o(.text)
    GPIO_PinAFConfig                         0x080009d1   Thumb Code    32  stm32f4xx_gpio.o(.text)
    USART_DeInit                             0x08000a1d   Thumb Code   138  stm32f4xx_usart.o(.text)
    USART_Init                               0x08000aa7   Thumb Code   164  stm32f4xx_usart.o(.text)
    USART_StructInit                         0x08000b4b   Thumb Code    22  stm32f4xx_usart.o(.text)
    USART_ClockInit                          0x08000b61   Thumb Code    28  stm32f4xx_usart.o(.text)
    USART_ClockStructInit                    0x08000b7d   Thumb Code    12  stm32f4xx_usart.o(.text)
    USART_Cmd                                0x08000b89   Thumb Code    20  stm32f4xx_usart.o(.text)
    USART_SetPrescaler                       0x08000b9d   Thumb Code    16  stm32f4xx_usart.o(.text)
    USART_OverSampling8Cmd                   0x08000bad   Thumb Code    20  stm32f4xx_usart.o(.text)
    USART_OneBitMethodCmd                    0x08000bc1   Thumb Code    20  stm32f4xx_usart.o(.text)
    USART_SendData                           0x08000bd5   Thumb Code     8  stm32f4xx_usart.o(.text)
    USART_ReceiveData                        0x08000bdd   Thumb Code     8  stm32f4xx_usart.o(.text)
    USART_SetAddress                         0x08000be5   Thumb Code    16  stm32f4xx_usart.o(.text)
    USART_ReceiverWakeUpCmd                  0x08000bf5   Thumb Code    20  stm32f4xx_usart.o(.text)
    USART_WakeUpConfig                       0x08000c09   Thumb Code    16  stm32f4xx_usart.o(.text)
    USART_LINBreakDetectLengthConfig         0x08000c19   Thumb Code    16  stm32f4xx_usart.o(.text)
    USART_LINCmd                             0x08000c29   Thumb Code    20  stm32f4xx_usart.o(.text)
    USART_SendBreak                          0x08000c3d   Thumb Code    10  stm32f4xx_usart.o(.text)
    USART_HalfDuplexCmd                      0x08000c47   Thumb Code    20  stm32f4xx_usart.o(.text)
    USART_SetGuardTime                       0x08000c5b   Thumb Code    16  stm32f4xx_usart.o(.text)
    USART_SmartCardCmd                       0x08000c6b   Thumb Code    20  stm32f4xx_usart.o(.text)
    USART_SmartCardNACKCmd                   0x08000c7f   Thumb Code    20  stm32f4xx_usart.o(.text)
    USART_IrDAConfig                         0x08000c93   Thumb Code    16  stm32f4xx_usart.o(.text)
    USART_IrDACmd                            0x08000ca3   Thumb Code    20  stm32f4xx_usart.o(.text)
    USART_DMACmd                             0x08000cb7   Thumb Code    16  stm32f4xx_usart.o(.text)
    USART_ITConfig                           0x08000cc7   Thumb Code    48  stm32f4xx_usart.o(.text)
    USART_GetFlagStatus                      0x08000cf7   Thumb Code    14  stm32f4xx_usart.o(.text)
    USART_ClearFlag                          0x08000d05   Thumb Code     6  stm32f4xx_usart.o(.text)
    USART_GetITStatus                        0x08000d0b   Thumb Code    62  stm32f4xx_usart.o(.text)
    USART_ClearITPendingBit                  0x08000d49   Thumb Code    12  stm32f4xx_usart.o(.text)
    I2C_DeInit                               0x08000d75   Thumb Code    56  stm32f4xx_i2c.o(.text)
    I2C_Init                                 0x08000dad   Thumb Code   174  stm32f4xx_i2c.o(.text)
    I2C_StructInit                           0x08000e5b   Thumb Code    28  stm32f4xx_i2c.o(.text)
    I2C_Cmd                                  0x08000e77   Thumb Code    20  stm32f4xx_i2c.o(.text)
    I2C_AnalogFilterCmd                      0x08000e8b   Thumb Code    20  stm32f4xx_i2c.o(.text)
    I2C_DigitalFilterConfig                  0x08000e9f   Thumb Code    16  stm32f4xx_i2c.o(.text)
    I2C_GenerateSTART                        0x08000eaf   Thumb Code    20  stm32f4xx_i2c.o(.text)
    I2C_GenerateSTOP                         0x08000ec3   Thumb Code    20  stm32f4xx_i2c.o(.text)
    I2C_Send7bitAddress                      0x08000ed7   Thumb Code    16  stm32f4xx_i2c.o(.text)
    I2C_AcknowledgeConfig                    0x08000ee7   Thumb Code    20  stm32f4xx_i2c.o(.text)
    I2C_OwnAddress2Config                    0x08000efb   Thumb Code    16  stm32f4xx_i2c.o(.text)
    I2C_DualAddressCmd                       0x08000f0b   Thumb Code    20  stm32f4xx_i2c.o(.text)
    I2C_GeneralCallCmd                       0x08000f1f   Thumb Code    20  stm32f4xx_i2c.o(.text)
    I2C_SoftwareResetCmd                     0x08000f33   Thumb Code    20  stm32f4xx_i2c.o(.text)
    I2C_StretchClockCmd                      0x08000f47   Thumb Code    20  stm32f4xx_i2c.o(.text)
    I2C_FastModeDutyCycleConfig              0x08000f5b   Thumb Code    22  stm32f4xx_i2c.o(.text)
    I2C_NACKPositionConfig                   0x08000f71   Thumb Code    22  stm32f4xx_i2c.o(.text)
    I2C_SMBusAlertConfig                     0x08000f87   Thumb Code    22  stm32f4xx_i2c.o(.text)
    I2C_ARPCmd                               0x08000f9d   Thumb Code    20  stm32f4xx_i2c.o(.text)
    I2C_SendData                             0x08000fb1   Thumb Code     4  stm32f4xx_i2c.o(.text)
    I2C_ReceiveData                          0x08000fb5   Thumb Code     6  stm32f4xx_i2c.o(.text)
    I2C_TransmitPEC                          0x08000fbb   Thumb Code    20  stm32f4xx_i2c.o(.text)
    I2C_PECPositionConfig                    0x08000fcf   Thumb Code    22  stm32f4xx_i2c.o(.text)
    I2C_CalculatePEC                         0x08000fe5   Thumb Code    20  stm32f4xx_i2c.o(.text)
    I2C_GetPEC                               0x08000ff9   Thumb Code     6  stm32f4xx_i2c.o(.text)
    I2C_DMACmd                               0x08000fff   Thumb Code    20  stm32f4xx_i2c.o(.text)
    I2C_DMALastTransferCmd                   0x08001013   Thumb Code    20  stm32f4xx_i2c.o(.text)
    I2C_ReadRegister                         0x08001027   Thumb Code    10  stm32f4xx_i2c.o(.text)
    I2C_ITConfig                             0x08001031   Thumb Code    16  stm32f4xx_i2c.o(.text)
    I2C_CheckEvent                           0x08001041   Thumb Code    24  stm32f4xx_i2c.o(.text)
    I2C_GetLastEvent                         0x08001059   Thumb Code    14  stm32f4xx_i2c.o(.text)
    I2C_GetFlagStatus                        0x08001067   Thumb Code    42  stm32f4xx_i2c.o(.text)
    I2C_ClearFlag                            0x08001091   Thumb Code     6  stm32f4xx_i2c.o(.text)
    I2C_GetITStatus                          0x08001097   Thumb Code    36  stm32f4xx_i2c.o(.text)
    I2C_ClearITPendingBit                    0x080010bb   Thumb Code     6  stm32f4xx_i2c.o(.text)
    SPI_I2S_DeInit                           0x080010d5   Thumb Code   108  stm32f4xx_spi.o(.text)
    SPI_Init                                 0x08001141   Thumb Code    56  stm32f4xx_spi.o(.text)
    I2S_Init                                 0x08001179   Thumb Code   198  stm32f4xx_spi.o(.text)
    SPI_StructInit                           0x0800123f   Thumb Code    24  stm32f4xx_spi.o(.text)
    I2S_StructInit                           0x08001257   Thumb Code    18  stm32f4xx_spi.o(.text)
    SPI_Cmd                                  0x08001269   Thumb Code    20  stm32f4xx_spi.o(.text)
    I2S_Cmd                                  0x0800127d   Thumb Code    20  stm32f4xx_spi.o(.text)
    SPI_DataSizeConfig                       0x08001291   Thumb Code    16  stm32f4xx_spi.o(.text)
    SPI_BiDirectionalLineConfig              0x080012a1   Thumb Code    22  stm32f4xx_spi.o(.text)
    SPI_NSSInternalSoftwareConfig            0x080012b7   Thumb Code    24  stm32f4xx_spi.o(.text)
    SPI_SSOutputCmd                          0x080012cf   Thumb Code    20  stm32f4xx_spi.o(.text)
    SPI_TIModeCmd                            0x080012e3   Thumb Code    20  stm32f4xx_spi.o(.text)
    I2S_FullDuplexConfig                     0x080012f7   Thumb Code    58  stm32f4xx_spi.o(.text)
    SPI_I2S_ReceiveData                      0x08001331   Thumb Code     4  stm32f4xx_spi.o(.text)
    SPI_I2S_SendData                         0x08001335   Thumb Code     4  stm32f4xx_spi.o(.text)
    SPI_CalculateCRC                         0x08001339   Thumb Code    20  stm32f4xx_spi.o(.text)
    SPI_TransmitCRC                          0x0800134d   Thumb Code    10  stm32f4xx_spi.o(.text)
    SPI_GetCRC                               0x08001357   Thumb Code    12  stm32f4xx_spi.o(.text)
    SPI_GetCRCPolynomial                     0x08001363   Thumb Code     4  stm32f4xx_spi.o(.text)
    SPI_I2S_DMACmd                           0x08001367   Thumb Code    16  stm32f4xx_spi.o(.text)
    SPI_I2S_ITConfig                         0x08001377   Thumb Code    24  stm32f4xx_spi.o(.text)
    SPI_I2S_GetFlagStatus                    0x0800138f   Thumb Code    14  stm32f4xx_spi.o(.text)
    SPI_I2S_ClearFlag                        0x0800139d   Thumb Code     6  stm32f4xx_spi.o(.text)
    SPI_I2S_GetITStatus                      0x080013a3   Thumb Code    44  stm32f4xx_spi.o(.text)
    SPI_I2S_ClearITPendingBit                0x080013cf   Thumb Code    14  stm32f4xx_spi.o(.text)
    DMA_DeInit                               0x08001401   Thumb Code   272  stm32f4xx_dma.o(.text)
    DMA_Init                                 0x08001511   Thumb Code    80  stm32f4xx_dma.o(.text)
    DMA_StructInit                           0x08001561   Thumb Code    34  stm32f4xx_dma.o(.text)
    DMA_Cmd                                  0x08001583   Thumb Code    20  stm32f4xx_dma.o(.text)
    DMA_PeriphIncOffsetSizeConfig            0x08001597   Thumb Code    20  stm32f4xx_dma.o(.text)
    DMA_FlowControllerConfig                 0x080015ab   Thumb Code    20  stm32f4xx_dma.o(.text)
    DMA_SetCurrDataCounter                   0x080015bf   Thumb Code     4  stm32f4xx_dma.o(.text)
    DMA_GetCurrDataCounter                   0x080015c3   Thumb Code     6  stm32f4xx_dma.o(.text)
    DMA_DoubleBufferModeConfig               0x080015c9   Thumb Code    22  stm32f4xx_dma.o(.text)
    DMA_DoubleBufferModeCmd                  0x080015df   Thumb Code    20  stm32f4xx_dma.o(.text)
    DMA_MemoryTargetConfig                   0x080015f3   Thumb Code    10  stm32f4xx_dma.o(.text)
    DMA_GetCurrentMemoryTarget               0x080015fd   Thumb Code    14  stm32f4xx_dma.o(.text)
    DMA_GetCmdStatus                         0x0800160b   Thumb Code    14  stm32f4xx_dma.o(.text)
    DMA_GetFIFOStatus                        0x08001619   Thumb Code     8  stm32f4xx_dma.o(.text)
    DMA_GetFlagStatus                        0x08001621   Thumb Code    42  stm32f4xx_dma.o(.text)
    DMA_ClearFlag                            0x0800164b   Thumb Code    34  stm32f4xx_dma.o(.text)
    DMA_ITConfig                             0x0800166d   Thumb Code    44  stm32f4xx_dma.o(.text)
    DMA_GetITStatus                          0x08001699   Thumb Code    70  stm32f4xx_dma.o(.text)
    DMA_ClearITPendingBit                    0x080016df   Thumb Code    34  stm32f4xx_dma.o(.text)
    TM_USART_INT_GetSubPriority              0x08001721   Thumb Code    68  tm_stm32f4_usart.o(.text)
    TM_USART_InitCustomPinsCallback          0x08001765   Thumb Code     2  tm_stm32f4_usart.o(.text)
    TM_UART8_InitPins                        0x08001767   Thumb Code    40  tm_stm32f4_usart.o(.text)
    TM_UART7_InitPins                        0x0800178f   Thumb Code    60  tm_stm32f4_usart.o(.text)
    TM_USART6_InitPins                       0x080017cb   Thumb Code    60  tm_stm32f4_usart.o(.text)
    TM_UART5_InitPins                        0x08001807   Thumb Code    56  tm_stm32f4_usart.o(.text)
    TM_UART4_InitPins                        0x0800183f   Thumb Code    60  tm_stm32f4_usart.o(.text)
    TM_USART3_InitPins                       0x0800187b   Thumb Code    76  tm_stm32f4_usart.o(.text)
    TM_USART2_InitPins                       0x080018c7   Thumb Code    58  tm_stm32f4_usart.o(.text)
    TM_USART1_InitPins                       0x08001901   Thumb Code    60  tm_stm32f4_usart.o(.text)
    TM_USART_INT_GetUsart                    0x0800193d   Thumb Code    82  tm_stm32f4_usart.o(.text)
    TM_USART_Init                            0x08001aed   Thumb Code   276  tm_stm32f4_usart.o(.text)
    TM_USART_InitWithFlowControl             0x08001c01   Thumb Code   206  tm_stm32f4_usart.o(.text)
    TM_USART_Getc                            0x08001ccf   Thumb Code    52  tm_stm32f4_usart.o(.text)
    TM_USART_FindCharacter                   0x08001d03   Thumb Code    50  tm_stm32f4_usart.o(.text)
    TM_USART_Gets                            0x08001d35   Thumb Code    78  tm_stm32f4_usart.o(.text)
    TM_USART_BufferEmpty                     0x08001d83   Thumb Code    26  tm_stm32f4_usart.o(.text)
    TM_USART_BufferFull                      0x08001d9d   Thumb Code    22  tm_stm32f4_usart.o(.text)
    TM_USART_ClearBuffer                     0x08001db3   Thumb Code    16  tm_stm32f4_usart.o(.text)
    TM_USART_SetCustomStringEndCharacter     0x08001dc3   Thumb Code    12  tm_stm32f4_usart.o(.text)
    TM_USART_Puts                            0x08001dcf   Thumb Code    42  tm_stm32f4_usart.o(.text)
    TM_USART_Send                            0x08001df9   Thumb Code    48  tm_stm32f4_usart.o(.text)
    TM_USART_INT_InsertToBuffer              0x08001e29   Thumb Code    38  tm_stm32f4_usart.o(.text)
    USART1_IRQHandler                        0x08001e4f   Thumb Code    20  tm_stm32f4_usart.o(.text)
    USART2_IRQHandler                        0x08001e63   Thumb Code    22  tm_stm32f4_usart.o(.text)
    USART3_IRQHandler                        0x08001e79   Thumb Code    24  tm_stm32f4_usart.o(.text)
    UART4_IRQHandler                         0x08001e91   Thumb Code    24  tm_stm32f4_usart.o(.text)
    UART5_IRQHandler                         0x08001ea9   Thumb Code    20  tm_stm32f4_usart.o(.text)
    USART6_IRQHandler                        0x08001ebd   Thumb Code    24  tm_stm32f4_usart.o(.text)
    UART7_IRQHandler                         0x08001ed5   Thumb Code    24  tm_stm32f4_usart.o(.text)
    UART8_IRQHandler                         0x08001eed   Thumb Code    24  tm_stm32f4_usart.o(.text)
    TimingDelay_Decrement                    0x08001f29   Thumb Code    88  tm_stm32f4_delay.o(.text)
    TM_DELAY_Init                            0x08001f81   Thumb Code    60  tm_stm32f4_delay.o(.text)
    TM_DELAY_EnableDelayTimer                0x08001fbd   Thumb Code    22  tm_stm32f4_delay.o(.text)
    TM_DELAY_DisableDelayTimer               0x08001fd3   Thumb Code    14  tm_stm32f4_delay.o(.text)
    TM_DELAY_TimerCreate                     0x08001fe1   Thumb Code    68  tm_stm32f4_delay.o(.text)
    TM_DELAY_TimerDelete                     0x08002025   Thumb Code    86  tm_stm32f4_delay.o(.text)
    TM_DELAY_TimerStop                       0x0800207b   Thumb Code     6  tm_stm32f4_delay.o(.text)
    TM_DELAY_TimerStart                      0x08002081   Thumb Code     6  tm_stm32f4_delay.o(.text)
    TM_DELAY_TimerReset                      0x08002087   Thumb Code     6  tm_stm32f4_delay.o(.text)
    TM_DELAY_TimerAutoReload                 0x0800208d   Thumb Code     4  tm_stm32f4_delay.o(.text)
    TM_DELAY_TimerAutoReloadValue            0x08002091   Thumb Code     4  tm_stm32f4_delay.o(.text)
    TM_GPIO_GetPortSource                    0x080020a9   Thumb Code    10  tm_stm32f4_gpio.o(.text)
    TM_GPIO_INT_Init                         0x080020b3   Thumb Code   130  tm_stm32f4_gpio.o(.text)
    TM_GPIO_INT_EnableClock                  0x08002135   Thumb Code    20  tm_stm32f4_gpio.o(.text)
    TM_GPIO_Init                             0x08002149   Thumb Code    34  tm_stm32f4_gpio.o(.text)
    TM_GPIO_InitAlternate                    0x0800216b   Thumb Code    92  tm_stm32f4_gpio.o(.text)
    TM_GPIO_DeInit                           0x080021c7   Thumb Code    66  tm_stm32f4_gpio.o(.text)
    TM_GPIO_SetPinAsInput                    0x08002209   Thumb Code    38  tm_stm32f4_gpio.o(.text)
    TM_GPIO_SetPinAsOutput                   0x0800222f   Thumb Code    46  tm_stm32f4_gpio.o(.text)
    TM_GPIO_SetPinAsAnalog                   0x0800225d   Thumb Code    38  tm_stm32f4_gpio.o(.text)
    TM_GPIO_SetPinAsAlternate                0x08002283   Thumb Code    48  tm_stm32f4_gpio.o(.text)
    TM_GPIO_SetPullResistor                  0x080022b3   Thumb Code    46  tm_stm32f4_gpio.o(.text)
    TM_GPIO_Lock                             0x080022e1   Thumb Code    16  tm_stm32f4_gpio.o(.text)
    TM_GPIO_GetPinSource                     0x080022f1   Thumb Code    18  tm_stm32f4_gpio.o(.text)
    TM_GPIO_INT_DisableClock                 0x08002303   Thumb Code    20  tm_stm32f4_gpio.o(.text)
    TM_GPIO_GetUsedPins                      0x08002317   Thumb Code    14  tm_stm32f4_gpio.o(.text)
    TM_GPIO_GetFreePins                      0x08002325   Thumb Code    18  tm_stm32f4_gpio.o(.text)
    TM_DISCO_LedInit                         0x08002345   Thumb Code    32  tm_stm32f4_disco.o(.text)
    TM_DISCO_ButtonInit                      0x08002365   Thumb Code    24  tm_stm32f4_disco.o(.text)
    TM_DISCO_ButtonOnPressed                 0x0800237d   Thumb Code    30  tm_stm32f4_disco.o(.text)
    TM_DISCO_ButtonOnReleased                0x0800239b   Thumb Code    32  tm_stm32f4_disco.o(.text)
    TM_ILI9341_SendCommand                   0x080023f3   Thumb Code    44  tm_stm32f4_ili9341.o(.text)
    TM_ILI9341_SendData                      0x0800241f   Thumb Code    44  tm_stm32f4_ili9341.o(.text)
    TM_ILI9341_SetCursorPosition             0x0800244b   Thumb Code    74  tm_stm32f4_ili9341.o(.text)
    TM_ILI9341_INT_Fill                      0x08002495   Thumb Code   146  tm_stm32f4_ili9341.o(.text)
    TM_ILI9341_Fill                          0x08002527   Thumb Code    26  tm_stm32f4_ili9341.o(.text)
    TM_ILI9341_Delay                         0x08002541   Thumb Code    16  tm_stm32f4_ili9341.o(.text)
    TM_ILI9341_InitLCD                       0x08002551   Thumb Code   620  tm_stm32f4_ili9341.o(.text)
    TM_ILI9341_Init                          0x080027bd   Thumb Code   142  tm_stm32f4_ili9341.o(.text)
    TM_ILI9341_DisplayOn                     0x0800284b   Thumb Code     4  tm_stm32f4_ili9341.o(.text)
    TM_ILI9341_DisplayOff                    0x0800284f   Thumb Code     4  tm_stm32f4_ili9341.o(.text)
    TM_ILI9341_DrawPixel                     0x08002853   Thumb Code    34  tm_stm32f4_ili9341.o(.text)
    TM_ILI9341_Rotate                        0x08002875   Thumb Code    78  tm_stm32f4_ili9341.o(.text)
    TM_ILI9341_Putc                          0x080028c3   Thumb Code   152  tm_stm32f4_ili9341.o(.text)
    TM_ILI9341_Puts                          0x0800295b   Thumb Code    86  tm_stm32f4_ili9341.o(.text)
    TM_ILI9341_GetStringSize                 0x080029b1   Thumb Code    28  tm_stm32f4_ili9341.o(.text)
    TM_ILI9341_DrawLine                      0x080029cd   Thumb Code   218  tm_stm32f4_ili9341.o(.text)
    TM_ILI9341_DrawRectangle                 0x08002aa7   Thumb Code    68  tm_stm32f4_ili9341.o(.text)
    TM_ILI9341_DrawFilledRectangle           0x08002aeb   Thumb Code    44  tm_stm32f4_ili9341.o(.text)
    TM_ILI9341_DrawCircle                    0x08002b17   Thumb Code   284  tm_stm32f4_ili9341.o(.text)
    TM_ILI9341_DrawFilledCircle              0x08002c33   Thumb Code   248  tm_stm32f4_ili9341.o(.text)
    TM_ILI9341_Button_Add                    0x08002d2d   Thumb Code    94  tm_stm32f4_ili9341_button.o(.text)
    TM_ILI9341_Button_Draw                   0x08002d8b   Thumb Code   212  tm_stm32f4_ili9341_button.o(.text)
    TM_ILI9341_Button_DrawAll                0x08002e5f   Thumb Code    32  tm_stm32f4_ili9341_button.o(.text)
    TM_ILI9341_Button_Touch                  0x08002e7f   Thumb Code    66  tm_stm32f4_ili9341_button.o(.text)
    TM_ILI9341_Button_Enable                 0x08002ec1   Thumb Code    16  tm_stm32f4_ili9341_button.o(.text)
    TM_ILI9341_Button_Disable                0x08002ed1   Thumb Code    16  tm_stm32f4_ili9341_button.o(.text)
    TM_ILI9341_Button_Delete                 0x08002ee1   Thumb Code    16  tm_stm32f4_ili9341_button.o(.text)
    TM_ILI9341_Button_DeleteAll              0x08002ef1   Thumb Code    20  tm_stm32f4_ili9341_button.o(.text)
    TM_SPI_DMA_Init                          0x08002f47   Thumb Code    74  tm_stm32f4_spi_dma.o(.text)
    TM_SPI_DMA_InitWithStreamAndChannel      0x08002f91   Thumb Code    30  tm_stm32f4_spi_dma.o(.text)
    TM_SPI_DMA_Deinit                        0x08002faf   Thumb Code    24  tm_stm32f4_spi_dma.o(.text)
    TM_SPI_DMA_Transmit                      0x08002fc7   Thumb Code   210  tm_stm32f4_spi_dma.o(.text)
    TM_SPI_DMA_SendByte                      0x08003099   Thumb Code    94  tm_stm32f4_spi_dma.o(.text)
    TM_SPI_DMA_SendHalfWord                  0x080030f7   Thumb Code   102  tm_stm32f4_spi_dma.o(.text)
    TM_SPI_DMA_Working                       0x0800315d   Thumb Code    40  tm_stm32f4_spi_dma.o(.text)
    TM_SPI_DMA_GetStreamTX                   0x08003185   Thumb Code    10  tm_stm32f4_spi_dma.o(.text)
    TM_SPI_DMA_GetStreamRX                   0x0800318f   Thumb Code    10  tm_stm32f4_spi_dma.o(.text)
    TM_SPI_DMA_EnableInterrupts              0x08003199   Thumb Code    24  tm_stm32f4_spi_dma.o(.text)
    TM_SPI_DMA_DisableInterrupts             0x080031b1   Thumb Code    24  tm_stm32f4_spi_dma.o(.text)
    TM_DMA_ClearFlag                         0x080031f1   Thumb Code    52  tm_stm32f4_dma.o(.text)
    TM_DMA_ClearFlags                        0x08003225   Thumb Code     4  tm_stm32f4_dma.o(.text)
    TM_DMA_GetFlags                          0x08003229   Thumb Code    52  tm_stm32f4_dma.o(.text)
    TM_DMA_EnableInterrupts                  0x0800325d   Thumb Code    94  tm_stm32f4_dma.o(.text)
    TM_DMA_DisableInterrupts                 0x080032bb   Thumb Code    76  tm_stm32f4_dma.o(.text)
    TM_DMA_TransferCompleteHandler           0x08003307   Thumb Code     2  tm_stm32f4_dma.o(.text)
    TM_DMA_HalfTransferCompleteHandler       0x08003309   Thumb Code     2  tm_stm32f4_dma.o(.text)
    TM_DMA_TransferErrorHandler              0x0800330b   Thumb Code     2  tm_stm32f4_dma.o(.text)
    TM_DMA_DirectModeErrorHandler            0x0800330d   Thumb Code     2  tm_stm32f4_dma.o(.text)
    TM_DMA_FIFOErrorHandler                  0x0800330f   Thumb Code     2  tm_stm32f4_dma.o(.text)
    DMA1_Stream0_IRQHandler                  0x08003377   Thumb Code     6  tm_stm32f4_dma.o(.text)
    DMA1_Stream1_IRQHandler                  0x0800337d   Thumb Code     6  tm_stm32f4_dma.o(.text)
    DMA1_Stream2_IRQHandler                  0x08003383   Thumb Code     6  tm_stm32f4_dma.o(.text)
    DMA1_Stream3_IRQHandler                  0x08003389   Thumb Code     6  tm_stm32f4_dma.o(.text)
    DMA1_Stream4_IRQHandler                  0x0800338f   Thumb Code     6  tm_stm32f4_dma.o(.text)
    DMA1_Stream5_IRQHandler                  0x08003395   Thumb Code     6  tm_stm32f4_dma.o(.text)
    DMA1_Stream6_IRQHandler                  0x0800339b   Thumb Code     6  tm_stm32f4_dma.o(.text)
    DMA1_Stream7_IRQHandler                  0x080033a1   Thumb Code     6  tm_stm32f4_dma.o(.text)
    DMA2_Stream0_IRQHandler                  0x080033a7   Thumb Code     4  tm_stm32f4_dma.o(.text)
    DMA2_Stream1_IRQHandler                  0x080033ab   Thumb Code     6  tm_stm32f4_dma.o(.text)
    DMA2_Stream2_IRQHandler                  0x080033b1   Thumb Code     6  tm_stm32f4_dma.o(.text)
    DMA2_Stream3_IRQHandler                  0x080033b7   Thumb Code     6  tm_stm32f4_dma.o(.text)
    DMA2_Stream4_IRQHandler                  0x080033bd   Thumb Code     6  tm_stm32f4_dma.o(.text)
    DMA2_Stream5_IRQHandler                  0x080033c3   Thumb Code     6  tm_stm32f4_dma.o(.text)
    DMA2_Stream6_IRQHandler                  0x080033c9   Thumb Code     6  tm_stm32f4_dma.o(.text)
    DMA2_Stream7_IRQHandler                  0x080033cf   Thumb Code     6  tm_stm32f4_dma.o(.text)
    TM_I2C_InitCustomPinsCallback            0x080033e5   Thumb Code     2  tm_stm32f4_i2c.o(.text)
    TM_I2C3_INT_InitPins                     0x080033e7   Thumb Code    72  tm_stm32f4_i2c.o(.text)
    TM_I2C2_INT_InitPins                     0x0800342f   Thumb Code    76  tm_stm32f4_i2c.o(.text)
    TM_I2C1_INT_InitPins                     0x0800347b   Thumb Code    76  tm_stm32f4_i2c.o(.text)
    TM_I2C_Init                              0x080034c7   Thumb Code   166  tm_stm32f4_i2c.o(.text)
    TM_I2C_ReadNack                          0x0800356d   Thumb Code    64  tm_stm32f4_i2c.o(.text)
    TM_I2C_Start                             0x080035ad   Thumb Code   122  tm_stm32f4_i2c.o(.text)
    TM_I2C_Stop                              0x08003627   Thumb Code    48  tm_stm32f4_i2c.o(.text)
    TM_I2C_WriteData                         0x08003657   Thumb Code    28  tm_stm32f4_i2c.o(.text)
    TM_I2C_Read                              0x08003673   Thumb Code    50  tm_stm32f4_i2c.o(.text)
    TM_I2C_ReadAck                           0x080036a5   Thumb Code    56  tm_stm32f4_i2c.o(.text)
    TM_I2C_ReadMulti                         0x080036dd   Thumb Code    78  tm_stm32f4_i2c.o(.text)
    TM_I2C_ReadNoRegister                    0x0800372b   Thumb Code    20  tm_stm32f4_i2c.o(.text)
    TM_I2C_ReadMultiNoRegister               0x0800373f   Thumb Code    52  tm_stm32f4_i2c.o(.text)
    TM_I2C_Write                             0x08003773   Thumb Code    40  tm_stm32f4_i2c.o(.text)
    TM_I2C_WriteMulti                        0x0800379b   Thumb Code    56  tm_stm32f4_i2c.o(.text)
    TM_I2C_WriteNoRegister                   0x080037d3   Thumb Code    74  tm_stm32f4_i2c.o(.text)
    TM_I2C_WriteMultiNoRegister              0x0800381d   Thumb Code    46  tm_stm32f4_i2c.o(.text)
    TM_I2C_IsDeviceConnected                 0x0800384b   Thumb Code    28  tm_stm32f4_i2c.o(.text)
    TM_SPI_InitCustomPinsCallback            0x08003869   Thumb Code     2  tm_stm32f4_spi.o(.text)
    TM_SPI6_INT_InitPins                     0x0800386b   Thumb Code    42  tm_stm32f4_spi.o(.text)
    TM_SPI5_INT_InitPins                     0x08003895   Thumb Code    76  tm_stm32f4_spi.o(.text)
    TM_SPI4_INT_InitPins                     0x080038e1   Thumb Code    60  tm_stm32f4_spi.o(.text)
    TM_SPI3_INT_InitPins                     0x0800391d   Thumb Code    60  tm_stm32f4_spi.o(.text)
    TM_SPI2_INT_InitPins                     0x08003959   Thumb Code    90  tm_stm32f4_spi.o(.text)
    TM_SPI1_INT_InitPins                     0x080039b3   Thumb Code    58  tm_stm32f4_spi.o(.text)
    TM_SPI_Init                              0x08003b0f   Thumb Code   136  tm_stm32f4_spi.o(.text)
    TM_SPI_InitWithMode                      0x08003b97   Thumb Code   134  tm_stm32f4_spi.o(.text)
    TM_SPI_InitFull                          0x08003c1d   Thumb Code   200  tm_stm32f4_spi.o(.text)
    TM_SPI_GetPrescalerFromMaxFrequency      0x08003ce5   Thumb Code    78  tm_stm32f4_spi.o(.text)
    TM_SPI_SetDataSize                       0x08003d33   Thumb Code    44  tm_stm32f4_spi.o(.text)
    TM_SPI_SendMulti                         0x08003d5f   Thumb Code    52  tm_stm32f4_spi.o(.text)
    TM_SPI_WriteMulti                        0x08003d93   Thumb Code    50  tm_stm32f4_spi.o(.text)
    TM_SPI_ReadMulti                         0x08003dc5   Thumb Code    50  tm_stm32f4_spi.o(.text)
    TM_SPI_SendMulti16                       0x08003df7   Thumb Code    56  tm_stm32f4_spi.o(.text)
    TM_SPI_WriteMulti16                      0x08003e2f   Thumb Code    52  tm_stm32f4_spi.o(.text)
    TM_SPI_ReadMulti16                       0x08003e63   Thumb Code    52  tm_stm32f4_spi.o(.text)
    TM_STMPE811_Read                         0x08003ea9   Thumb Code    10  tm_stm32f4_stmpe811.o(.text)
    TM_STMPE811_Init                         0x08003eb3   Thumb Code   320  tm_stm32f4_stmpe811.o(.text)
    TM_STMPE811_ReadY                        0x08003ff3   Thumb Code    80  tm_stm32f4_stmpe811.o(.text)
    TM_STMPE811_ReadX                        0x08004043   Thumb Code    94  tm_stm32f4_stmpe811.o(.text)
    TM_STMPE811_ReadTouch                    0x080040a1   Thumb Code   238  tm_stm32f4_stmpe811.o(.text)
    RecoverFromErrors                        0x080041c9   Thumb Code     8  main.o(.text)
    HandleRxErrors                           0x080041d1   Thumb Code    36  main.o(.text)
    HandleTxErrors                           0x080041f5   Thumb Code    68  main.o(.text)
    ProcessMessages                          0x08004239   Thumb Code    64  main.o(.text)
    ScreenEvents                             0x08004279   Thumb Code    90  main.o(.text)
    CustomTimerHandler                       0x080042d3   Thumb Code    16  main.o(.text)
    main                                     0x080042e3   Thumb Code   186  main.o(.text)
    NMI_Handler                              0x080043a1   Thumb Code     2  stm32f4xx_it.o(.text)
    HardFault_Handler                        0x080043a3   Thumb Code     2  stm32f4xx_it.o(.text)
    MemManage_Handler                        0x080043a5   Thumb Code     2  stm32f4xx_it.o(.text)
    BusFault_Handler                         0x080043a7   Thumb Code     2  stm32f4xx_it.o(.text)
    UsageFault_Handler                       0x080043a9   Thumb Code     2  stm32f4xx_it.o(.text)
    SVC_Handler                              0x080043ab   Thumb Code     2  stm32f4xx_it.o(.text)
    DebugMon_Handler                         0x080043ad   Thumb Code     2  stm32f4xx_it.o(.text)
    PendSV_Handler                           0x080043af   Thumb Code     2  stm32f4xx_it.o(.text)
    SysTick_Handler                          0x080043b3   Thumb Code     8  stm32f4xx_it.o(.text)
    SystemInit                               0x0800447b   Thumb Code    74  system_stm32f4xx.o(.text)
    SystemCoreClockUpdate                    0x080044c5   Thumb Code   108  system_stm32f4xx.o(.text)
    CamUart_Init                             0x08004555   Thumb Code    22  camuart_communication_frames.o(.text)
    CamUart_CalculateChecksum                0x0800456b   Thumb Code    26  camuart_communication_frames.o(.text)
    CamUart_SendConnectFrame                 0x08004585   Thumb Code    44  camuart_communication_frames.o(.text)
    CamUart_SendDisconnectFrame              0x080045b1   Thumb Code    44  camuart_communication_frames.o(.text)
    CamUart_SendConfigFrame                  0x080045dd   Thumb Code    60  camuart_communication_frames.o(.text)
    CamUart_SendControlFrame                 0x08004619   Thumb Code    54  camuart_communication_frames.o(.text)
    CamUart_GetRxErrorsCount                 0x0800464f   Thumb Code    10  camuart_communication_frames.o(.text)
    CamUart_ReadMessage                      0x08004659   Thumb Code    66  camuart_communication_frames.o(.text)
    TM_USART1_ReceiveHandler                 0x0800469b   Thumb Code   306  camuart_communication_frames.o(.text)
    CamScreenP_Init                          0x080047dd   Thumb Code    18  camprocessscreen.o(.text)
    CamScreenP_HandleControlScreen           0x080047ef   Thumb Code   114  camprocessscreen.o(.text)
    CamScreenP_HandleConfigScreen            0x08004861   Thumb Code   124  camprocessscreen.o(.text)
    CamScreenP_RefreshScreen                 0x080048dd   Thumb Code    50  camprocessscreen.o(.text)
    CamScreenP_ControllerOnline              0x0800490f   Thumb Code    12  camprocessscreen.o(.text)
    CamScreenP_UpdateSpeed                   0x0800491b   Thumb Code     8  camprocessscreen.o(.text)
    CamScreenP_UpdateBattLevel               0x08004923   Thumb Code     8  camprocessscreen.o(.text)
    CamScreenP_UpdatePosition                0x0800492b   Thumb Code     8  camprocessscreen.o(.text)
    CamScreenP_UpdateAccel                   0x08004933   Thumb Code     8  camprocessscreen.o(.text)
    CamScreenP_UpdateCableLenght             0x0800493b   Thumb Code     8  camprocessscreen.o(.text)
    CamScreenP_Errors                        0x08004943   Thumb Code     8  camprocessscreen.o(.text)
    CamScreenP_SetConnected                  0x0800494b   Thumb Code    16  camprocessscreen.o(.text)
    CamScreenP_GetAccel                      0x0800495b   Thumb Code     8  camprocessscreen.o(.text)
    CamScreenP_GetCableLenght                0x08004963   Thumb Code     8  camprocessscreen.o(.text)
    CamScreenP_GetSpeed                      0x0800496b   Thumb Code    10  camprocessscreen.o(.text)
    CamScreen_Init                           0x08004979   Thumb Code    18  camscreen.o(.text)
    CamScreen_ClrScreen                      0x0800498b   Thumb Code     8  camscreen.o(.text)
    CamScreen_EcranAccueil                   0x08004993   Thumb Code    88  camscreen.o(.text)
    CamScreen_ButtonsState                   0x080049eb   Thumb Code   192  camscreen.o(.text)
    CamScreen_RefreshEcranConfig             0x08004aab   Thumb Code    96  camscreen.o(.text)
    CamScreen_EcranConfig                    0x08004b0b   Thumb Code   478  camscreen.o(.text)
    CamScreen_RefreshEcranControle           0x08004ce9   Thumb Code   950  camscreen.o(.text)
    CamScreen_EcranControle                  0x0800509f   Thumb Code  1062  camscreen.o(.text)
    CamScreen_ArretUrgence                   0x080054c5   Thumb Code     2  camscreen.o(.text)
    malloc                                   0x0800550d   Thumb Code    94  h1_alloc.o(.text)
    free                                     0x0800556b   Thumb Code    78  h1_free.o(.text)
    __2sprintf                               0x080055b9   Thumb Code    34  noretval__2sprintf.o(.text)
    __printf                                 0x080055e1   Thumb Code   104  __printf.o(.text)
    _printf_int_dec                          0x08005649   Thumb Code   104  _printf_dec.o(.text)
    __use_two_region_memory                  0x080056c1   Thumb Code     2  heapauxi.o(.text)
    __rt_heap_escrow                         0x080056c3   Thumb Code     2  heapauxi.o(.text)
    __rt_heap_expand                         0x080056c5   Thumb Code     2  heapauxi.o(.text)
    __rt_heap_descriptor                     0x080056c9   Thumb Code     8  rt_heap_descriptor_intlibspace.o(.text)
    __use_no_heap                            0x080056d1   Thumb Code     2  hguard.o(.text)
    __heap$guard                             0x080056d3   Thumb Code     2  hguard.o(.text)
    _terminate_user_alloc                    0x080056d5   Thumb Code     2  init_alloc.o(.text)
    _init_user_alloc                         0x080056d7   Thumb Code     2  init_alloc.o(.text)
    __Heap_Full                              0x080056d9   Thumb Code    34  init_alloc.o(.text)
    __Heap_Broken                            0x080056fb   Thumb Code     6  init_alloc.o(.text)
    _init_alloc                              0x08005701   Thumb Code    94  init_alloc.o(.text)
    __Heap_Initialize                        0x0800575f   Thumb Code    10  h1_init.o(.text)
    __Heap_DescSize                          0x08005769   Thumb Code     4  h1_init.o(.text)
    _printf_int_common                       0x0800576d   Thumb Code   178  _printf_intcommon.o(.text)
    _printf_char_common                      0x0800582b   Thumb Code    32  _printf_char_common.o(.text)
    _sputc                                   0x08005851   Thumb Code    10  _sputc.o(.text)
    __user_libspace                          0x0800585d   Thumb Code     8  libspace.o(.text)
    __user_perproc_libspace                  0x0800585d   Thumb Code     0  libspace.o(.text)
    __user_perthread_libspace                0x0800585d   Thumb Code     0  libspace.o(.text)
    __Heap_ProvideMemory                     0x08005865   Thumb Code    52  h1_extend.o(.text)
    __rt_SIGRTMEM                            0x08005899   Thumb Code    14  defsig_rtmem_outer.o(.text)
    __I$use$semihosting                      0x080058a7   Thumb Code     0  use_no_semi.o(.text)
    __use_no_semihosting_swi                 0x080058a7   Thumb Code     2  use_no_semi.o(.text)
    __semihosting_library_function           0x080058a9   Thumb Code     0  indicate_semi.o(.text)
    __user_setup_stackheap                   0x080058a9   Thumb Code    74  sys_stackheap_outer.o(.text)
    exit                                     0x080058f3   Thumb Code    18  exit.o(.text)
    __sig_exit                               0x08005905   Thumb Code    10  defsig_exit.o(.text)
    __rt_SIGRTMEM_inner                      0x08005911   Thumb Code    22  defsig_rtmem_inner.o(.text)
    _sys_exit                                0x08005961   Thumb Code     8  sys_exit.o(.text)
    __default_signal_display                 0x0800596d   Thumb Code    50  defsig_general.o(.text)
    _ttywrch                                 0x0800599f   Thumb Code    14  sys_wrch.o(.text)
    _fp_init                                 0x080059ad   Thumb Code    10  fpinit.o(x$fpl$fpinit)
    __fplib_config_fpu_vfp                   0x080059b5   Thumb Code     0  fpinit.o(x$fpl$fpinit)
    __fplib_config_pureend_doubles           0x080059b5   Thumb Code     0  fpinit.o(x$fpl$fpinit)
    TM_Font7x10                              0x080059b6   Data        1900  tm_stm32f4_fonts.o(.constdata)
    TM_Font11x18                             0x08006122   Data        3420  tm_stm32f4_fonts.o(.constdata)
    TM_Font16x26                             0x08006e7e   Data        4940  tm_stm32f4_fonts.o(.constdata)
    Region$$Table$$Base                      0x08008210   Number         0  anon$$obj.o(Region$$Table)
    Region$$Table$$Limit                     0x08008230   Number         0  anon$$obj.o(Region$$Table)
    TM_USART1                                0x20000010   Data          16  tm_stm32f4_usart.o(.data)
    TM_USART2                                0x20000020   Data          16  tm_stm32f4_usart.o(.data)
    TM_USART3                                0x20000030   Data          16  tm_stm32f4_usart.o(.data)
    TM_UART4                                 0x20000040   Data          16  tm_stm32f4_usart.o(.data)
    TM_UART5                                 0x20000050   Data          16  tm_stm32f4_usart.o(.data)
    TM_USART6                                0x20000060   Data          16  tm_stm32f4_usart.o(.data)
    TM_UART7                                 0x20000070   Data          16  tm_stm32f4_usart.o(.data)
    TM_UART8                                 0x20000080   Data          16  tm_stm32f4_usart.o(.data)
    TM_DELAY_Initialized                     0x20000090   Data           1  tm_stm32f4_delay.o(.data)
    TM_Time                                  0x20000094   Data           4  tm_stm32f4_delay.o(.data)
    TM_Time2                                 0x20000098   Data           4  tm_stm32f4_delay.o(.data)
    mult                                     0x2000009c   Data           4  tm_stm32f4_delay.o(.data)
    ILI9341_x                                0x200000a2   Data           2  tm_stm32f4_ili9341.o(.data)
    ILI9341_y                                0x200000a4   Data           2  tm_stm32f4_ili9341.o(.data)
    ILI9341_Opts                             0x200000a6   Data           6  tm_stm32f4_ili9341.o(.data)
    TM_Font_7x10                             0x200000ac   Data           8  tm_stm32f4_fonts.o(.data)
    TM_Font_11x18                            0x200000b4   Data           8  tm_stm32f4_fonts.o(.data)
    TM_Font_16x26                            0x200000bc   Data           8  tm_stm32f4_fonts.o(.data)
    errors_flags                             0x20000166   Data           2  main.o(.data)
    cont_command                             0x20000168   Data           2  main.o(.data)
    timer_counter_                           0x2000016c   Data           4  main.o(.data)
    error_reset_counter_                     0x20000170   Data           4  main.o(.data)
    conf_command                             0x20000174   Data           4  main.o(.data)
    SystemCoreClock                          0x20000178   Data           4  system_stm32f4xx.o(.data)
    AHBPrescTable                            0x2000017c   Data          16  system_stm32f4xx.o(.data)
    this_device_address_                     0x2000018c   Data           1  camuart_communication_frames.o(.data)
    rx_buffer_level_                         0x2000018d   Data           1  camuart_communication_frames.o(.data)
    error_count_                             0x2000018e   Data           1  camuart_communication_frames.o(.data)
    screen_status                            0x20000190   Data           1  camprocessscreen.o(.data)
    setting_                                 0x20000192   Data           4  camprocessscreen.o(.data)
    asked_settings_                          0x20000196   Data           4  camprocessscreen.o(.data)
    event_callback_                          0x2000019c   Data           4  camprocessscreen.o(.data)
    control_info_                            0x200001a0   Data          10  camprocessscreen.o(.data)
    bouton_retour_acceuil_                   0x200001ab   Data           1  camscreen.o(.data)
    bouton_retour_config_                    0x200001ac   Data           1  camscreen.o(.data)
    button_forward_                          0x200001ad   Data           1  camscreen.o(.data)
    button_backward_                         0x200001ae   Data           1  camscreen.o(.data)
    button_speed_inc_                        0x200001af   Data           1  camscreen.o(.data)
    button_speed_0_                          0x200001b0   Data           1  camscreen.o(.data)
    button_speed_dec_                        0x200001b1   Data           1  camscreen.o(.data)
    button_accel_inc_                        0x200001b2   Data           1  camscreen.o(.data)
    button_accel_dec_                        0x200001b3   Data           1  camscreen.o(.data)
    button_lenght_inc_                       0x200001b4   Data           1  camscreen.o(.data)
    button_lenght_dec_                       0x200001b5   Data           1  camscreen.o(.data)
    button_send_config_                      0x200001b6   Data           1  camscreen.o(.data)
    button_connect_                          0x200001b7   Data           1  camscreen.o(.data)
    touch_data_                              0x200001bc   Data           8  camscreen.o(.data)
    Fleche_Haut_18x23                        0x200001c4   Data         828  camscreen.o(.data)
    Fleche_Bas_18x23                         0x20000500   Data         828  camscreen.o(.data)
    TM_USART1_Buffer                         0x20000848   Data          32  tm_stm32f4_usart.o(.bss)
    TM_USART2_Buffer                         0x20000868   Data          32  tm_stm32f4_usart.o(.bss)
    TM_USART3_Buffer                         0x20000888   Data          32  tm_stm32f4_usart.o(.bss)
    TM_UART4_Buffer                          0x200008a8   Data          32  tm_stm32f4_usart.o(.bss)
    TM_UART5_Buffer                          0x200008c8   Data          32  tm_stm32f4_usart.o(.bss)
    TM_USART6_Buffer                         0x200008e8   Data          32  tm_stm32f4_usart.o(.bss)
    TM_UART7_Buffer                          0x20000908   Data          32  tm_stm32f4_usart.o(.bss)
    TM_UART8_Buffer                          0x20000928   Data          32  tm_stm32f4_usart.o(.bss)
    TM_ILI9341_Buttons                       0x20000978   Data         320  tm_stm32f4_ili9341_button.o(.bss)
    rx_buffer_                               0x20000af4   Data         300  camuart_communication_frames.o(.bss)
    button_                                  0x20000c20   Data          32  camscreen.o(.bss)
    str_                                     0x20000c40   Data          30  camscreen.o(.bss)
    __libspace_start                         0x20000c60   Data          96  libspace.o(.bss)
    __temporary_stack_top$libspace           0x20000cc0   Data           0  libspace.o(.bss)



==============================================================================

Memory Map of the image

  Image Entry point : 0x080001ad

  Load Region LR_IROM1 (Base: 0x08000000, Size: 0x00008a78, Max: 0x00200000, ABSOLUTE, COMPRESSED[0x00008310])

    Execution Region ER_IROM1 (Base: 0x08000000, Size: 0x00008230, Max: 0x00200000, ABSOLUTE)

    Base Addr    Size         Type   Attr      Idx    E Section Name        Object

    0x08000000   0x000001ac   Data   RO            3    RESET               startup_stm32f429_439xx.o
    0x080001ac   0x00000008   Code   RO         1088  * !!!main             c_w.l(__main.o)
    0x080001b4   0x00000034   Code   RO         1302    !!!scatter          c_w.l(__scatter.o)
    0x080001e8   0x0000005a   Code   RO         1300    !!dczerorl2         c_w.l(__dczerorl2.o)
    0x08000242   0x00000002   PAD
    0x08000244   0x0000001c   Code   RO         1304    !!handler_zi        c_w.l(__scatter_zi.o)
    0x08000260   0x00000000   Code   RO         1083    .ARM.Collect$$_printf_percent$$00000000  c_w.l(_printf_percent.o)
    0x08000260   0x00000006   Code   RO         1082    .ARM.Collect$$_printf_percent$$00000009  c_w.l(_printf_d.o)
    0x08000266   0x00000004   Code   RO         1124    .ARM.Collect$$_printf_percent$$00000017  c_w.l(_printf_percent_end.o)
    0x0800026a   0x00000002   Code   RO         1239    .ARM.Collect$$libinit$$00000000  c_w.l(libinit.o)
    0x0800026c   0x00000004   Code   RO         1129    .ARM.Collect$$libinit$$00000001  c_w.l(libinit2.o)
    0x08000270   0x00000000   Code   RO         1132    .ARM.Collect$$libinit$$00000004  c_w.l(libinit2.o)
    0x08000270   0x00000008   Code   RO         1133    .ARM.Collect$$libinit$$00000005  c_w.l(libinit2.o)
    0x08000278   0x00000000   Code   RO         1135    .ARM.Collect$$libinit$$0000000A  c_w.l(libinit2.o)
    0x08000278   0x00000000   Code   RO         1137    .ARM.Collect$$libinit$$0000000C  c_w.l(libinit2.o)
    0x08000278   0x00000000   Code   RO         1139    .ARM.Collect$$libinit$$0000000E  c_w.l(libinit2.o)
    0x08000278   0x00000000   Code   RO         1142    .ARM.Collect$$libinit$$00000011  c_w.l(libinit2.o)
    0x08000278   0x00000000   Code   RO         1144    .ARM.Collect$$libinit$$00000013  c_w.l(libinit2.o)
    0x08000278   0x00000000   Code   RO         1146    .ARM.Collect$$libinit$$00000015  c_w.l(libinit2.o)
    0x08000278   0x00000000   Code   RO         1148    .ARM.Collect$$libinit$$00000017  c_w.l(libinit2.o)
    0x08000278   0x00000000   Code   RO         1150    .ARM.Collect$$libinit$$00000019  c_w.l(libinit2.o)
    0x08000278   0x00000000   Code   RO         1152    .ARM.Collect$$libinit$$0000001B  c_w.l(libinit2.o)
    0x08000278   0x00000000   Code   RO         1154    .ARM.Collect$$libinit$$0000001D  c_w.l(libinit2.o)
    0x08000278   0x00000000   Code   RO         1156    .ARM.Collect$$libinit$$0000001F  c_w.l(libinit2.o)
    0x08000278   0x00000000   Code   RO         1158    .ARM.Collect$$libinit$$00000021  c_w.l(libinit2.o)
    0x08000278   0x00000000   Code   RO         1160    .ARM.Collect$$libinit$$00000023  c_w.l(libinit2.o)
    0x08000278   0x00000000   Code   RO         1162    .ARM.Collect$$libinit$$00000025  c_w.l(libinit2.o)
    0x08000278   0x00000000   Code   RO         1166    .ARM.Collect$$libinit$$0000002C  c_w.l(libinit2.o)
    0x08000278   0x00000000   Code   RO         1168    .ARM.Collect$$libinit$$0000002E  c_w.l(libinit2.o)
    0x08000278   0x00000000   Code   RO         1170    .ARM.Collect$$libinit$$00000030  c_w.l(libinit2.o)
    0x08000278   0x00000000   Code   RO         1172    .ARM.Collect$$libinit$$00000032  c_w.l(libinit2.o)
    0x08000278   0x00000002   Code   RO         1173    .ARM.Collect$$libinit$$00000033  c_w.l(libinit2.o)
    0x0800027a   0x00000002   Code   RO         1297    .ARM.Collect$$libshutdown$$00000000  c_w.l(libshutdown.o)
    0x0800027c   0x00000000   Code   RO         1253    .ARM.Collect$$libshutdown$$00000002  c_w.l(libshutdown2.o)
    0x0800027c   0x00000000   Code   RO         1255    .ARM.Collect$$libshutdown$$00000004  c_w.l(libshutdown2.o)
    0x0800027c   0x00000000   Code   RO         1258    .ARM.Collect$$libshutdown$$00000007  c_w.l(libshutdown2.o)
    0x0800027c   0x00000000   Code   RO         1261    .ARM.Collect$$libshutdown$$0000000A  c_w.l(libshutdown2.o)
    0x0800027c   0x00000000   Code   RO         1263    .ARM.Collect$$libshutdown$$0000000C  c_w.l(libshutdown2.o)
    0x0800027c   0x00000000   Code   RO         1266    .ARM.Collect$$libshutdown$$0000000F  c_w.l(libshutdown2.o)
    0x0800027c   0x00000002   Code   RO         1267    .ARM.Collect$$libshutdown$$00000010  c_w.l(libshutdown2.o)
    0x0800027e   0x00000000   Code   RO         1092    .ARM.Collect$$rtentry$$00000000  c_w.l(__rtentry.o)
    0x0800027e   0x00000000   Code   RO         1180    .ARM.Collect$$rtentry$$00000002  c_w.l(__rtentry2.o)
    0x0800027e   0x00000006   Code   RO         1192    .ARM.Collect$$rtentry$$00000004  c_w.l(__rtentry4.o)
    0x08000284   0x00000000   Code   RO         1182    .ARM.Collect$$rtentry$$00000009  c_w.l(__rtentry2.o)
    0x08000284   0x00000004   Code   RO         1183    .ARM.Collect$$rtentry$$0000000A  c_w.l(__rtentry2.o)
    0x08000288   0x00000000   Code   RO         1185    .ARM.Collect$$rtentry$$0000000C  c_w.l(__rtentry2.o)
    0x08000288   0x00000008   Code   RO         1186    .ARM.Collect$$rtentry$$0000000D  c_w.l(__rtentry2.o)
    0x08000290   0x00000002   Code   RO         1242    .ARM.Collect$$rtexit$$00000000  c_w.l(rtexit.o)
    0x08000292   0x00000000   Code   RO         1271    .ARM.Collect$$rtexit$$00000002  c_w.l(rtexit2.o)
    0x08000292   0x00000004   Code   RO         1272    .ARM.Collect$$rtexit$$00000003  c_w.l(rtexit2.o)
    0x08000296   0x00000006   Code   RO         1273    .ARM.Collect$$rtexit$$00000004  c_w.l(rtexit2.o)
    0x0800029c   0x00000000   Code   RO         1196    .emb_text           c_w.l(maybetermalloc1.o)
    0x0800029c   0x00000040   Code   RO            4    .text               startup_stm32f429_439xx.o
    0x080002dc   0x000000b0   Code   RO           13    .text               misc.o
    0x0800038c   0x00000484   Code   RO          151    .text               stm32f4xx_rcc.o
    0x08000810   0x0000020c   Code   RO          177    .text               stm32f4xx_gpio.o
    0x08000a1c   0x00000358   Code   RO          201    .text               stm32f4xx_usart.o
    0x08000d74   0x00000360   Code   RO          252    .text               stm32f4xx_i2c.o
    0x080010d4   0x0000032c   Code   RO          276    .text               stm32f4xx_spi.o
    0x08001400   0x00000320   Code   RO          300    .text               stm32f4xx_dma.o
    0x08001720   0x00000808   Code   RO          324    .text               tm_stm32f4_usart.o
    0x08001f28   0x00000180   Code   RO          372    .text               tm_stm32f4_delay.o
    0x080020a8   0x0000029c   Code   RO          414    .text               tm_stm32f4_gpio.o
    0x08002344   0x00000084   Code   RO          441    .text               tm_stm32f4_disco.o
    0x080023c8   0x00000962   Code   RO          470    .text               tm_stm32f4_ili9341.o
    0x08002d2a   0x00000002   PAD
    0x08002d2c   0x000001dc   Code   RO          521    .text               tm_stm32f4_ili9341_button.o
    0x08002f08   0x000002e8   Code   RO          631    .text               tm_stm32f4_spi_dma.o
    0x080031f0   0x000001f4   Code   RO          658    .text               tm_stm32f4_dma.o
    0x080033e4   0x00000482   Code   RO          688    .text               tm_stm32f4_i2c.o
    0x08003866   0x00000002   PAD
    0x08003868   0x00000640   Code   RO          715    .text               tm_stm32f4_spi.o
    0x08003ea8   0x00000320   Code   RO          740    .text               tm_stm32f4_stmpe811.o
    0x080041c8   0x000001d8   Code   RO          772    .text               main.o
    0x080043a0   0x0000001a   Code   RO          823    .text               stm32f4xx_it.o
    0x080043ba   0x00000002   PAD
    0x080043bc   0x00000198   Code   RO          850    .text               system_stm32f4xx.o
    0x08004554   0x00000288   Code   RO          880    .text               camuart_communication_frames.o
    0x080047dc   0x0000019c   Code   RO          916    .text               camprocessscreen.o
    0x08004978   0x00000b94   Code   RO          959    .text               camscreen.o
    0x0800550c   0x0000005e   Code   RO          996    .text               c_w.l(h1_alloc.o)
    0x0800556a   0x0000004e   Code   RO          998    .text               c_w.l(h1_free.o)
    0x080055b8   0x00000028   Code   RO         1056    .text               c_w.l(noretval__2sprintf.o)
    0x080055e0   0x00000068   Code   RO         1058    .text               c_w.l(__printf.o)
    0x08005648   0x00000078   Code   RO         1060    .text               c_w.l(_printf_dec.o)
    0x080056c0   0x00000006   Code   RO         1086    .text               c_w.l(heapauxi.o)
    0x080056c6   0x00000002   PAD
    0x080056c8   0x00000008   Code   RO         1096    .text               c_w.l(rt_heap_descriptor_intlibspace.o)
    0x080056d0   0x00000004   Code   RO         1098    .text               c_w.l(hguard.o)
    0x080056d4   0x0000008a   Code   RO         1100    .text               c_w.l(init_alloc.o)
    0x0800575e   0x0000000e   Code   RO         1104    .text               c_w.l(h1_init.o)
    0x0800576c   0x000000b2   Code   RO         1118    .text               c_w.l(_printf_intcommon.o)
    0x0800581e   0x00000002   PAD
    0x08005820   0x00000030   Code   RO         1120    .text               c_w.l(_printf_char_common.o)
    0x08005850   0x0000000a   Code   RO         1122    .text               c_w.l(_sputc.o)
    0x0800585a   0x00000002   PAD
    0x0800585c   0x00000008   Code   RO         1176    .text               c_w.l(libspace.o)
    0x08005864   0x00000034   Code   RO         1198    .text               c_w.l(h1_extend.o)
    0x08005898   0x0000000e   Code   RO         1204    .text               c_w.l(defsig_rtmem_outer.o)
    0x080058a6   0x00000002   Code   RO         1215    .text               c_w.l(use_no_semi.o)
    0x080058a8   0x00000000   Code   RO         1217    .text               c_w.l(indicate_semi.o)
    0x080058a8   0x0000004a   Code   RO         1218    .text               c_w.l(sys_stackheap_outer.o)
    0x080058f2   0x00000012   Code   RO         1224    .text               c_w.l(exit.o)
    0x08005904   0x0000000a   Code   RO         1226    .text               c_w.l(defsig_exit.o)
    0x0800590e   0x00000002   PAD
    0x08005910   0x00000050   Code   RO         1228    .text               c_w.l(defsig_rtmem_inner.o)
    0x08005960   0x0000000c   Code   RO         1240    .text               c_w.l(sys_exit.o)
    0x0800596c   0x00000032   Code   RO         1250    .text               c_w.l(defsig_general.o)
    0x0800599e   0x0000000e   Code   RO         1268    .text               c_w.l(sys_wrch.o)
    0x080059ac   0x0000000a   Code   RO         1213    x$fpl$fpinit        fz_wm.l(fpinit.o)
    0x080059b6   0x0000076c   Data   RO          569    .constdata          tm_stm32f4_fonts.o
    0x08006122   0x00000d5c   Data   RO          570    .constdata          tm_stm32f4_fonts.o
    0x08006e7e   0x0000134c   Data   RO          571    .constdata          tm_stm32f4_fonts.o
    0x080081ca   0x00000014   Data   RO          659    .constdata          tm_stm32f4_dma.o
    0x080081de   0x00000002   PAD
    0x080081e0   0x00000021   Data   RO          882    .constdata          camuart_communication_frames.o
    0x08008201   0x00000003   PAD
    0x08008204   0x0000000a   Data   RO          961    .constdata          camscreen.o
    0x0800820e   0x00000002   PAD
    0x08008210   0x00000020   Data   RO         1298    Region$$Table       anon$$obj.o


    Execution Region RW_IRAM1 (Base: 0x20000000, Size: 0x000012c0, Max: 0x00030000, ABSOLUTE, COMPRESSED[0x000000e0])

    Base Addr    Size         Type   Attr      Idx    E Section Name        Object

    0x20000000   0x00000010   Data   RW          152    .data               stm32f4xx_rcc.o
    0x20000010   0x00000080   Data   RW          333    .data               tm_stm32f4_usart.o
    0x20000090   0x00000010   Data   RW          375    .data               tm_stm32f4_delay.o
    0x200000a0   0x00000001   Data   RW          442    .data               tm_stm32f4_disco.o
    0x200000a1   0x00000001   PAD
    0x200000a2   0x0000000a   Data   RW          472    .data               tm_stm32f4_ili9341.o
    0x200000ac   0x00000008   Data   RW          572    .data               tm_stm32f4_fonts.o
    0x200000b4   0x00000008   Data   RW          573    .data               tm_stm32f4_fonts.o
    0x200000bc   0x00000008   Data   RW          574    .data               tm_stm32f4_fonts.o
    0x200000c4   0x00000090   Data   RW          633    .data               tm_stm32f4_spi_dma.o
    0x20000154   0x00000010   Data   RW          689    .data               tm_stm32f4_i2c.o
    0x20000164   0x00000014   Data   RW          773    .data               main.o
    0x20000178   0x00000014   Data   RW          851    .data               system_stm32f4xx.o
    0x2000018c   0x00000004   Data   RW          883    .data               camuart_communication_frames.o
    0x20000190   0x0000001a   Data   RW          917    .data               camprocessscreen.o
    0x200001aa   0x0000069c   Data   RW          962    .data               camscreen.o
    0x20000846   0x00000002   PAD
    0x20000848   0x00000020   Zero   RW          325    .bss                tm_stm32f4_usart.o
    0x20000868   0x00000020   Zero   RW          326    .bss                tm_stm32f4_usart.o
    0x20000888   0x00000020   Zero   RW          327    .bss                tm_stm32f4_usart.o
    0x200008a8   0x00000020   Zero   RW          328    .bss                tm_stm32f4_usart.o
    0x200008c8   0x00000020   Zero   RW          329    .bss                tm_stm32f4_usart.o
    0x200008e8   0x00000020   Zero   RW          330    .bss                tm_stm32f4_usart.o
    0x20000908   0x00000020   Zero   RW          331    .bss                tm_stm32f4_usart.o
    0x20000928   0x00000020   Zero   RW          332    .bss                tm_stm32f4_usart.o
    0x20000948   0x00000018   Zero   RW          373    .bss                tm_stm32f4_delay.o
    0x20000960   0x00000016   Zero   RW          415    .bss                tm_stm32f4_gpio.o
    0x20000976   0x00000002   PAD
    0x20000978   0x00000140   Zero   RW          522    .bss                tm_stm32f4_ili9341_button.o
    0x20000ab8   0x0000003c   Zero   RW          632    .bss                tm_stm32f4_spi_dma.o
    0x20000af4   0x0000012c   Zero   RW          881    .bss                camuart_communication_frames.o
    0x20000c20   0x0000003e   Zero   RW          960    .bss                camscreen.o
    0x20000c5e   0x00000002   PAD
    0x20000c60   0x00000060   Zero   RW         1177    .bss                c_w.l(libspace.o)
    0x20000cc0   0x00000200   Zero   RW            2    HEAP                startup_stm32f429_439xx.o
    0x20000ec0   0x00000400   Zero   RW            1    STACK               startup_stm32f429_439xx.o


==============================================================================

Image component sizes


      Code (inc. data)   RO Data    RW Data    ZI Data      Debug   Object Name

       412         20          0         26          0       5895   camprocessscreen.o
      2964        758         10       1692         62       6070   camscreen.o
       648         30         33          4        300       5351   camuart_communication_frames.o
       472          4          0         20          0       5511   main.o
       176         12          0          0          0     303297   misc.o
        64         26        428          0       1536       1048   startup_stm32f429_439xx.o
       800         32          0          0          0       7357   stm32f4xx_dma.o
       524         44          0          0          0       4837   stm32f4xx_gpio.o
       864         20          0          0          0       9563   stm32f4xx_i2c.o
        26          0          0          0          0       1464   stm32f4xx_it.o
      1156         48          0         16          0      13856   stm32f4xx_rcc.o
       812         36          0          0          0       7769   stm32f4xx_spi.o
       856         32          0          0          0       8648   stm32f4xx_usart.o
       408         36          0         20          0       2031   system_stm32f4xx.o
       384         20          0         16         24      33394   tm_stm32f4_delay.o
       132         14          0          1          0       1782   tm_stm32f4_disco.o
       500         16         20          0          0      32317   tm_stm32f4_dma.o
         0          0      10260         24          0       1501   tm_stm32f4_fonts.o
       668         14          0          0         22       5514   tm_stm32f4_gpio.o
      1154         44          0         16          0       7407   tm_stm32f4_i2c.o
      2402         34          0         10          0      15438   tm_stm32f4_ili9341.o
       476          4          0          0        320      11044   tm_stm32f4_ili9341_button.o
      1600         78          0          0          0       7177   tm_stm32f4_spi.o
       744         40          0        144         60       5118   tm_stm32f4_spi_dma.o
       800         14          0          0          0       7000   tm_stm32f4_stmpe811.o
      2056        104          0        128        256      16221   tm_stm32f4_usart.o

    ----------------------------------------------------------------------
     21104       1480      10790       2120       2584     526610   Object Totals
         0          0         32          0          0          0   (incl. Generated)
         6          0          7          3          4          0   (incl. Padding)

    ----------------------------------------------------------------------

      Code (inc. data)   RO Data    RW Data    ZI Data      Debug   Library Member Name

        90          0          0          0          0          0   __dczerorl2.o
         8          0          0          0          0         68   __main.o
       104          0          0          0          0         84   __printf.o
         0          0          0          0          0          0   __rtentry.o
        12          0          0          0          0          0   __rtentry2.o
         6          0          0          0          0          0   __rtentry4.o
        52          8          0          0          0          0   __scatter.o
        28          0          0          0          0          0   __scatter_zi.o
        48          6          0          0          0         96   _printf_char_common.o
         6          0          0          0          0          0   _printf_d.o
       120         16          0          0          0         92   _printf_dec.o
       178          0          0          0          0         88   _printf_intcommon.o
         0          0          0          0          0          0   _printf_percent.o
         4          0          0          0          0          0   _printf_percent_end.o
        10          0          0          0          0         68   _sputc.o
        10          0          0          0          0         68   defsig_exit.o
        50          0          0          0          0         88   defsig_general.o
        80         58          0          0          0         76   defsig_rtmem_inner.o
        14          0          0          0          0         80   defsig_rtmem_outer.o
        18          0          0          0          0         80   exit.o
        94          0          0          0          0         80   h1_alloc.o
        52          0          0          0          0         68   h1_extend.o
        78          0          0          0          0         80   h1_free.o
        14          0          0          0          0         84   h1_init.o
         6          0          0          0          0        152   heapauxi.o
         4          0          0          0          0        136   hguard.o
         0          0          0          0          0          0   indicate_semi.o
       138          0          0          0          0        168   init_alloc.o
         2          0          0          0          0          0   libinit.o
        14          0          0          0          0          0   libinit2.o
         2          0          0          0          0          0   libshutdown.o
         2          0          0          0          0          0   libshutdown2.o
         8          4          0          0         96         68   libspace.o
         0          0          0          0          0          0   maybetermalloc1.o
        40          6          0          0          0         84   noretval__2sprintf.o
         8          4          0          0          0         68   rt_heap_descriptor_intlibspace.o
         2          0          0          0          0          0   rtexit.o
        10          0          0          0          0          0   rtexit2.o
        12          4          0          0          0         68   sys_exit.o
        74          0          0          0          0         80   sys_stackheap_outer.o
        14          0          0          0          0         76   sys_wrch.o
         2          0          0          0          0         68   use_no_semi.o
        10          0          0          0          0        116   fpinit.o

    ----------------------------------------------------------------------
      1434        106          0          0         96       2284   Library Totals
        10          0          0          0          0          0   (incl. Padding)

    ----------------------------------------------------------------------

      Code (inc. data)   RO Data    RW Data    ZI Data      Debug   Library Name

      1414        106          0          0         96       2168   c_w.l
        10          0          0          0          0        116   fz_wm.l

    ----------------------------------------------------------------------
      1434        106          0          0         96       2284   Library Totals

    ----------------------------------------------------------------------

==============================================================================


      Code (inc. data)   RO Data    RW Data    ZI Data      Debug   

     22538       1586      10790       2120       2680     520950   Grand Totals
     22538       1586      10790        224       2680     520950   ELF Image Totals (compressed)
     22538       1586      10790        224          0          0   ROM Totals

==============================================================================

    Total RO  Size (Code + RO Data)                33328 (  32.55kB)
    Total RW  Size (RW Data + ZI Data)              4800 (   4.69kB)
    Total ROM Size (Code + RO Data + RW Data)      33552 (  32.77kB)

==============================================================================

