Component: ARM Compiler 5.06 update 1 (build 61) Tool: armlink [4d35a8]

==============================================================================

Section Cross References

    startup_stm32f429_439xx.o(STACK) refers (Special) to heapauxi.o(.text) for __use_two_region_memory
    startup_stm32f429_439xx.o(HEAP) refers (Special) to heapauxi.o(.text) for __use_two_region_memory
    startup_stm32f429_439xx.o(RESET) refers (Special) to heapauxi.o(.text) for __use_two_region_memory
    startup_stm32f429_439xx.o(RESET) refers to startup_stm32f429_439xx.o(STACK) for __initial_sp
    startup_stm32f429_439xx.o(RESET) refers to startup_stm32f429_439xx.o(.text) for Reset_Handler
    startup_stm32f429_439xx.o(RESET) refers to stm32f4xx_it.o(.text) for NMI_Handler
    startup_stm32f429_439xx.o(RESET) refers to tm_stm32f4_dma.o(.text) for DMA1_Stream0_IRQHandler
    startup_stm32f429_439xx.o(RESET) refers to tm_stm32f4_usart.o(.text) for USART1_IRQHandler
    startup_stm32f429_439xx.o(.text) refers (Special) to heapauxi.o(.text) for __use_two_region_memory
    startup_stm32f429_439xx.o(.text) refers to system_stm32f4xx.o(.text) for SystemInit
    startup_stm32f429_439xx.o(.text) refers to __main.o(!!!main) for __main
    startup_stm32f429_439xx.o(.text) refers to startup_stm32f429_439xx.o(HEAP) for Heap_Mem
    startup_stm32f429_439xx.o(.text) refers to startup_stm32f429_439xx.o(STACK) for Stack_Mem
    stm32f4xx_rcc.o(.text) refers to stm32f4xx_rcc.o(.data) for .data
    stm32f4xx_gpio.o(.text) refers to stm32f4xx_rcc.o(.text) for RCC_AHB1PeriphResetCmd
    stm32f4xx_usart.o(.text) refers to stm32f4xx_rcc.o(.text) for RCC_APB2PeriphResetCmd
    stm32f4xx_fmc.o(.text) refers to stm32f4xx_fmc.o(.constdata) for .constdata
    stm32f4xx_i2c.o(.text) refers to stm32f4xx_rcc.o(.text) for RCC_APB1PeriphResetCmd
    stm32f4xx_spi.o(.text) refers to stm32f4xx_rcc.o(.text) for RCC_APB1PeriphResetCmd
    tm_stm32f4_usart.o(.text) refers to tm_stm32f4_gpio.o(.text) for TM_GPIO_InitAlternate
    tm_stm32f4_usart.o(.text) refers to stm32f4xx_usart.o(.text) for USART_DeInit
    tm_stm32f4_usart.o(.text) refers to misc.o(.text) for NVIC_Init
    tm_stm32f4_usart.o(.text) refers to tm_stm32f4_usart.o(.data) for .data
    tm_stm32f4_usart.o(.text) refers (Weak) to camuart_communication_frames.o(.text) for TM_USART1_ReceiveHandler
    tm_stm32f4_usart.o(.data) refers to tm_stm32f4_usart.o(.bss) for TM_USART1_Buffer
    tm_stm32f4_usart.o(.data) refers to tm_stm32f4_usart.o(.bss) for TM_USART2_Buffer
    tm_stm32f4_usart.o(.data) refers to tm_stm32f4_usart.o(.bss) for TM_USART3_Buffer
    tm_stm32f4_usart.o(.data) refers to tm_stm32f4_usart.o(.bss) for TM_UART4_Buffer
    tm_stm32f4_usart.o(.data) refers to tm_stm32f4_usart.o(.bss) for TM_UART5_Buffer
    tm_stm32f4_usart.o(.data) refers to tm_stm32f4_usart.o(.bss) for TM_USART6_Buffer
    tm_stm32f4_usart.o(.data) refers to tm_stm32f4_usart.o(.bss) for TM_UART7_Buffer
    tm_stm32f4_usart.o(.data) refers to tm_stm32f4_usart.o(.bss) for TM_UART8_Buffer
    tm_stm32f4_gpio.o(.text) refers to tm_stm32f4_gpio.o(.bss) for .bss
    tm_stm32f4_delay.o(.text) refers to h1_alloc.o(.text) for malloc
    tm_stm32f4_delay.o(.text) refers to h1_free.o(.text) for free
    tm_stm32f4_delay.o(.text) refers to tm_stm32f4_delay.o(.data) for .data
    tm_stm32f4_delay.o(.text) refers to tm_stm32f4_delay.o(.bss) for .bss
    tm_stm32f4_delay.o(.text) refers to system_stm32f4xx.o(.data) for SystemCoreClock
    tm_stm32f4_disco.o(.text) refers to tm_stm32f4_gpio.o(.text) for TM_GPIO_Init
    tm_stm32f4_disco.o(.text) refers to tm_stm32f4_disco.o(.data) for .data
    tm_stm32f4_ili9341.o(.text) refers to stm32f4xx_gpio.o(.text) for GPIO_ResetBits
    tm_stm32f4_ili9341.o(.text) refers to tm_stm32f4_spi.o(.text) for TM_SPI_SetDataSize
    tm_stm32f4_ili9341.o(.text) refers to tm_stm32f4_spi_dma.o(.text) for TM_SPI_DMA_SendHalfWord
    tm_stm32f4_ili9341.o(.text) refers to tm_stm32f4_gpio.o(.text) for TM_GPIO_Init
    tm_stm32f4_ili9341.o(.text) refers to tm_stm32f4_ili9341.o(.data) for .data
    tm_stm32f4_ili9341_button.o(.text) refers to tm_stm32f4_ili9341.o(.text) for TM_ILI9341_DrawPixel
    tm_stm32f4_ili9341_button.o(.text) refers to tm_stm32f4_ili9341_button.o(.bss) for .bss
    tm_stm32f4_fonts.o(.text) refers to strlen.o(.text) for strlen
    tm_stm32f4_fonts.o(.data) refers to tm_stm32f4_fonts.o(.constdata) for TM_Font7x10
    tm_stm32f4_fonts.o(.data) refers to tm_stm32f4_fonts.o(.constdata) for TM_Font11x18
    tm_stm32f4_fonts.o(.data) refers to tm_stm32f4_fonts.o(.constdata) for TM_Font16x26
    tm_stm32f4_sdram.o(.text) refers to stm32f4xx_fmc.o(.text) for FMC_SDRAMInit
    tm_stm32f4_sdram.o(.text) refers to tm_stm32f4_gpio.o(.text) for TM_GPIO_InitAlternate
    tm_stm32f4_sdram.o(.text) refers to tm_stm32f4_sdram.o(.data) for .data
    tm_stm32f4_spi_dma.o(.text) refers to stm32f4xx_dma.o(.text) for DMA_DeInit
[...]
    Removing tm_stm32f4_ili9341_button.o(.revsh_text), (4 bytes).
    Removing tm_stm32f4_ili9341_button.o(.rrx_text), (6 bytes).
    Removing tm_stm32f4_ili9341_button.o(.text), (476 bytes).
    Removing tm_stm32f4_ili9341_button.o(.bss), (320 bytes).
    Removing tm_stm32f4_fonts.o(.rev16_text), (4 bytes).
    Removing tm_stm32f4_fonts.o(.revsh_text), (4 bytes).
    Removing tm_stm32f4_fonts.o(.rrx_text), (6 bytes).
    Removing tm_stm32f4_fonts.o(.text), (28 bytes).
    Removing tm_stm32f4_fonts.o(.constdata), (1900 bytes).
    Removing tm_stm32f4_fonts.o(.constdata), (3420 bytes).
    Removing tm_stm32f4_fonts.o(.constdata), (4940 bytes).
    Removing tm_stm32f4_fonts.o(.data), (8 bytes).
    Removing tm_stm32f4_fonts.o(.data), (8 bytes).
    Removing tm_stm32f4_fonts.o(.data), (8 bytes).
    Removing tm_stm32f4_sdram.o(.rev16_text), (4 bytes).
    Removing tm_stm32f4_sdram.o(.revsh_text), (4 bytes).
    Removing tm_stm32f4_sdram.o(.rrx_text), (6 bytes).
    Removing tm_stm32f4_sdram.o(.text), (528 bytes).
    Removing tm_stm32f4_sdram.o(.data), (1 bytes).
    Removing tm_stm32f4_spi_dma.o(.rev16_text), (4 bytes).
    Removing tm_stm32f4_spi_dma.o(.revsh_text), (4 bytes).
    Removing tm_stm32f4_spi_dma.o(.rrx_text), (6 bytes).
    Removing tm_stm32f4_spi_dma.o(.text), (744 bytes).
    Removing tm_stm32f4_spi_dma.o(.bss), (60 bytes).
    Removing tm_stm32f4_spi_dma.o(.data), (144 bytes).
    Removing tm_stm32f4_dma.o(.rev16_text), (4 bytes).
    Removing tm_stm32f4_dma.o(.revsh_text), (4 bytes).
    Removing tm_stm32f4_dma.o(.rrx_text), (6 bytes).
    Removing tm_stm32f4_i2c.o(.rev16_text), (4 bytes).
    Removing tm_stm32f4_i2c.o(.revsh_text), (4 bytes).
    Removing tm_stm32f4_i2c.o(.rrx_text), (6 bytes).
    Removing tm_stm32f4_i2c.o(.text), (1154 bytes).
    Removing tm_stm32f4_i2c.o(.data), (16 bytes).
    Removing tm_stm32f4_spi.o(.rev16_text), (4 bytes).
    Removing tm_stm32f4_spi.o(.revsh_text), (4 bytes).
    Removing tm_stm32f4_spi.o(.rrx_text), (6 bytes).
    Removing tm_stm32f4_spi.o(.text), (1600 bytes).
    Removing tm_stm32f4_stmpe811.o(.rev16_text), (4 bytes).
    Removing tm_stm32f4_stmpe811.o(.revsh_text), (4 bytes).
    Removing tm_stm32f4_stmpe811.o(.rrx_text), (6 bytes).
    Removing tm_stm32f4_stmpe811.o(.text), (800 bytes).
    Removing main.o(.rev16_text), (4 bytes).
    Removing main.o(.revsh_text), (4 bytes).
    Removing main.o(.rrx_text), (6 bytes).
    Removing stm32f4xx_it.o(.rev16_text), (4 bytes).
    Removing stm32f4xx_it.o(.revsh_text), (4 bytes).
    Removing stm32f4xx_it.o(.rrx_text), (6 bytes).
    Removing system_stm32f4xx.o(.rev16_text), (4 bytes).
    Removing system_stm32f4xx.o(.revsh_text), (4 bytes).
    Removing system_stm32f4xx.o(.rrx_text), (6 bytes).
    Removing camuart_communication_frames.o(.rev16_text), (4 bytes).
    Removing camuart_communication_frames.o(.revsh_text), (4 bytes).
    Removing camuart_communication_frames.o(.rrx_text), (6 bytes).
    Removing camprocessscreen.o(.rev16_text), (4 bytes).
    Removing camprocessscreen.o(.revsh_text), (4 bytes).
    Removing camprocessscreen.o(.rrx_text), (6 bytes).
    Removing camprocessscreen.o(.text), (52 bytes).
    Removing camprocessscreen.o(.bss), (40 bytes).
    Removing camprocessscreen.o(.data), (828 bytes).
    Removing camprocessscreen.o(.data), (828 bytes).
    Removing camprocessscreen.o(.data), (828 bytes).
    Removing camprocessscreen.o(.data), (828 bytes).
    Removing camprocessscreen.o(.data), (4 bytes).
    Removing camscreen.o(.rev16_text), (4 bytes).
    Removing camscreen.o(.revsh_text), (4 bytes).
    Removing camscreen.o(.rrx_text), (6 bytes).
    Removing camscreen.o(.text), (1824 bytes).
    Removing camscreen.o(.bss), (62 bytes).
    Removing camscreen.o(.data), (20 bytes).
    Removing camscreen.o(.data), (1 bytes).

120 unused section(s) (total 29173 bytes) removed from the image.

==============================================================================

Image Symbol Table

    Local Symbols

    Symbol Name                              Value     Ov Type        Size  Object(Section)

    ../clib/angel/boardlib.s                 0x00000000   Number         0  boardinit2.o ABSOLUTE
    ../clib/angel/boardlib.s                 0x00000000   Number         0  boardinit3.o ABSOLUTE
    ../clib/angel/boardlib.s                 0x00000000   Number         0  boardinit1.o ABSOLUTE
    ../clib/angel/boardlib.s                 0x00000000   Number         0  boardshut.o ABSOLUTE
    ../clib/angel/handlers.s                 0x00000000   Number         0  __scatter_copy.o ABSOLUTE
    ../clib/angel/handlers.s                 0x00000000   Number         0  __scatter_zi.o ABSOLUTE
    ../clib/angel/kernel.s                   0x00000000   Number         0  __rtentry4.o ABSOLUTE
    ../clib/angel/kernel.s                   0x00000000   Number         0  __rtentry2.o ABSOLUTE
    ../clib/angel/kernel.s                   0x00000000   Number         0  rtexit2.o ABSOLUTE
    ../clib/angel/kernel.s                   0x00000000   Number         0  __rtentry.o ABSOLUTE
    ../clib/angel/kernel.s                   0x00000000   Number         0  rtexit.o ABSOLUTE
    ../clib/angel/rt.s                       0x00000000   Number         0  rt_raise.o ABSOLUTE
    ../clib/angel/rt.s                       0x00000000   Number         0  rt_heap_descriptor.o ABSOLUTE
    ../clib/angel/rt.s                       0x00000000   Number         0  rt_heap_descriptor_intlibspace.o ABSOLUTE
    ../clib/angel/scatter.s                  0x00000000   Number         0  __scatter.o ABSOLUTE
    ../clib/angel/startup.s                  0x00000000   Number         0  __main.o ABSOLUTE
    ../clib/angel/sys.s                      0x00000000   Number         0  use_no_semi.o ABSOLUTE
    ../clib/angel/sys.s                      0x00000000   Number         0  indicate_semi.o ABSOLUTE
    ../clib/angel/sys.s                      0x00000000   Number         0  sys_stackheap_outer.o ABSOLUTE
    ../clib/angel/sys.s                      0x00000000   Number         0  libspace.o ABSOLUTE
    ../clib/angel/sys.s                      0x00000000   Number         0  mutex_dummy.o ABSOLUTE
    ../clib/angel/sysapp.c                   0x00000000   Number         0  sys_exit.o ABSOLUTE
    ../clib/angel/sysapp.c                   0x00000000   Number         0  sys_wrch.o ABSOLUTE
    ../clib/angel/sysapp.c                   0x00000000   Number         0  sys_command.o ABSOLUTE
    ../clib/armsys.c                         0x00000000   Number         0  argv_veneer.o ABSOLUTE
    ../clib/armsys.c                         0x00000000   Number         0  no_argv.o ABSOLUTE
    ../clib/armsys.c                         0x00000000   Number         0  _get_argv_nomalloc.o ABSOLUTE
    ../clib/armsys.c                         0x00000000   Number         0  _get_argv.o ABSOLUTE
    ../clib/armsys.c                         0x00000000   Number         0  argv_veneer.o ABSOLUTE
    ../clib/heap1.c                          0x00000000   Number         0  h1_alloc_mt.o ABSOLUTE
    ../clib/heap1.c                          0x00000000   Number         0  h1_free_mt.o ABSOLUTE
    ../clib/heap1.c                          0x00000000   Number         0  h1_final_mt.o ABSOLUTE
    ../clib/heap1.c                          0x00000000   Number         0  h1_final.o ABSOLUTE
    ../clib/heap1.c                          0x00000000   Number         0  h1_init.o ABSOLUTE
    ../clib/heap1.c                          0x00000000   Number         0  h1_alloc.o ABSOLUTE
    ../clib/heap1.c                          0x00000000   Number         0  h1_init_mt.o ABSOLUTE
    ../clib/heap1.c                          0x00000000   Number         0  h1_free.o ABSOLUTE
    ../clib/heap1.c                          0x00000000   Number         0  h1_extend.o ABSOLUTE
    ../clib/heap1.c                          0x00000000   Number         0  h1_extend_mt.o ABSOLUTE
    ../clib/heap2.c                          0x00000000   Number         0  heap2.o ABSOLUTE
    ../clib/heap2.c                          0x00000000   Number         0  heap2mt.o ABSOLUTE
    ../clib/heap2.c                          0x00000000   Number         0  fdtree.o ABSOLUTE
    ../clib/heapalloc.c                      0x00000000   Number         0  malloc.o ABSOLUTE
    ../clib/heapalloc.c                      0x00000000   Number         0  hguard.o ABSOLUTE
    ../clib/heapalloc.c                      0x00000000   Number         0  free.o ABSOLUTE
    ../clib/heapalloc.c                      0x00000000   Number         0  init_alloc.o ABSOLUTE
    ../clib/heapalloc.c                      0x00000000   Number         0  maybetermalloc2.o ABSOLUTE
    ../clib/heapalloc.c                      0x00000000   Number         0  term_alloc.o ABSOLUTE
    ../clib/heapalloc.c                      0x00000000   Number         0  maybetermalloc2.o ABSOLUTE
    ../clib/heapalloc.c                      0x00000000   Number         0  maybetermalloc1.o ABSOLUTE
    ../clib/heapalloc.c                      0x00000000   Number         0  maybetermalloc1.o ABSOLUTE
    ../clib/heapalloc.c                      0x00000000   Number         0  hrguard.o ABSOLUTE
    ../clib/heapalloc.c                      0x00000000   Number         0  heapstubs.o ABSOLUTE
    ../clib/heapaux.c                        0x00000000   Number         0  heapauxa.o ABSOLUTE
    ../clib/heapaux.c                        0x00000000   Number         0  heapauxi.o ABSOLUTE
    ../clib/libinit.s                        0x00000000   Number         0  libshutdown.o ABSOLUTE
    ../clib/libinit.s                        0x00000000   Number         0  libshutdown2.o ABSOLUTE
    ../clib/libinit.s                        0x00000000   Number         0  libinit2.o ABSOLUTE
    ../clib/libinit.s                        0x00000000   Number         0  libinit.o ABSOLUTE
    ../clib/memcpset.s                       0x00000000   Number         0  rt_memcpy_w.o ABSOLUTE
    ../clib/printf.c                         0x00000000   Number         0  __2sprintf.o ABSOLUTE
    ../clib/printf.c                         0x00000000   Number         0  noretval__2sprintf.o ABSOLUTE
    ../clib/printf.c                         0x00000000   Number         0  __printf.o ABSOLUTE
    ../clib/printf.c                         0x00000000   Number         0  _printf_dec.o ABSOLUTE
    ../clib/printf.c                         0x00000000   Number         0  __printf_flags.o ABSOLUTE
    ../clib/printf.c                         0x00000000   Number         0  __printf_ss.o ABSOLUTE
    ../clib/printf.c                         0x00000000   Number         0  __printf_flags_ss.o ABSOLUTE
    ../clib/printf.c                         0x00000000   Number         0  __printf_wp.o ABSOLUTE
    ../clib/printf.c                         0x00000000   Number         0  __printf_ss_wp.o ABSOLUTE
    ../clib/printf.c                         0x00000000   Number         0  __printf_flags_ss_wp.o ABSOLUTE
    ../clib/printf.c                         0x00000000   Number         0  _sputc.o ABSOLUTE
    ../clib/printf.c                         0x00000000   Number         0  __printf_nopercent.o ABSOLUTE
    ../clib/printf.c                         0x00000000   Number         0  __printf_flags_wp.o ABSOLUTE
    ../clib/printf.c                         0x00000000   Number         0  _printf_char_common.o ABSOLUTE
    ../clib/printf.c                         0x00000000   Number         0  _printf_intcommon.o ABSOLUTE
    ../clib/printf_percent.s                 0x00000000   Number         0  _printf_d.o ABSOLUTE
    ../clib/printf_percent.s                 0x00000000   Number         0  _printf_percent.o ABSOLUTE
    ../clib/printf_percent.s                 0x00000000   Number         0  _printf_percent_end.o ABSOLUTE
    ../clib/signal.c                         0x00000000   Number         0  defsig_cppl_inner.o ABSOLUTE
    ../clib/signal.c                         0x00000000   Number         0  defsig_segv_inner.o ABSOLUTE
    ../clib/signal.c                         0x00000000   Number         0  defsig_general.o ABSOLUTE
    ../clib/signal.c                         0x00000000   Number         0  defsig_abrt_inner.o ABSOLUTE
    ../clib/signal.c                         0x00000000   Number         0  defsig_rtred_inner.o ABSOLUTE
    ../clib/signal.c                         0x00000000   Number         0  defsig_rtmem_inner.o ABSOLUTE
    ../clib/signal.c                         0x00000000   Number         0  defsig_other.o ABSOLUTE
    ../clib/signal.c                         0x00000000   Number         0  defsig_rtmem_formal.o ABSOLUTE
    ../clib/signal.c                         0x00000000   Number         0  defsig_rtmem_outer.o ABSOLUTE
    ../clib/signal.c                         0x00000000   Number         0  defsig_fpe_inner.o ABSOLUTE
    ../clib/signal.c                         0x00000000   Number         0  defsig_exit.o ABSOLUTE
    ../clib/signal.c                         0x00000000   Number         0  defsig_stak_inner.o ABSOLUTE
    ../clib/signal.c                         0x00000000   Number         0  defsig_pvfn_inner.o ABSOLUTE
    ../clib/signal.c                         0x00000000   Number         0  __raise.o ABSOLUTE
    ../clib/signal.s                         0x00000000   Number         0  defsig.o ABSOLUTE
    ../clib/stdlib.c                         0x00000000   Number         0  exit.o ABSOLUTE
    ../clib/string.c                         0x00000000   Number         0  strlen.o ABSOLUTE
    ../fplib/fpinit.s                        0x00000000   Number         0  fpinit.o ABSOLUTE
    ..\00-STM32F429_ELE400_Librairies\CamProcessScreen.c 0x00000000   Number         0  camprocessscreen.o ABSOLUTE
    ..\00-STM32F429_ELE400_Librairies\CamScreen.c 0x00000000   Number         0  camscreen.o ABSOLUTE
    ..\00-STM32F429_ELE400_Librairies\CamUart_communication_frames.c 0x00000000   Number         0  camuart_communication_frames.o ABSOLUTE
    ..\00-STM32F429_LIBRARIES\tm_stm32f4_delay.c 0x00000000   Number         0  tm_stm32f4_delay.o ABSOLUTE
    ..\00-STM32F429_LIBRARIES\tm_stm32f4_disco.c 0x00000000   Number         0  tm_stm32f4_disco.o ABSOLUTE
    ..\00-STM32F429_LIBRARIES\tm_stm32f4_dma.c 0x00000000   Number         0  tm_stm32f4_dma.o ABSOLUTE
    ..\00-STM32F429_LIBRARIES\tm_stm32f4_fonts.c 0x00000000   Number         0  tm_stm32f4_fonts.o ABSOLUTE
    ..\00-STM32F429_LIBRARIES\tm_stm32f4_gpio.c 0x00000000   Number         0  tm_stm32f4_gpio.o ABSOLUTE
    ..\00-STM32F429_LIBRARIES\tm_stm32f4_i2c.c 0x00000000   Number         0  tm_stm32f4_i2c.o ABSOLUTE
    ..\00-STM32F429_LIBRARIES\tm_stm32f4_ili9341.c 0x00000000   Number         0  tm_stm32f4_ili9341.o ABSOLUTE
    ..\00-STM32F429_LIBRARIES\tm_stm32f4_ili9341_button.c 0x00000000   Number         0  tm_stm32f4_ili9341_button.o ABSOLUTE
    ..\00-STM32F429_LIBRARIES\tm_stm32f4_sdram.c 0x00000000   Number         0  tm_stm32f4_sdram.o ABSOLUTE
    ..\00-STM32F429_LIBRARIES\tm_stm32f4_spi.c 0x00000000   Number         0  tm_stm32f4_spi.o ABSOLUTE
    ..\00-STM32F429_LIBRARIES\tm_stm32f4_spi_dma.c 0x00000000   Number         0  tm_stm32f4_spi_dma.o ABSOLUTE
    ..\00-STM32F429_LIBRARIES\tm_stm32f4_stmpe811.c 0x00000000   Number         0  tm_stm32f4_stmpe811.o ABSOLUTE
    ..\00-STM32F429_LIBRARIES\tm_stm32f4_usart.c 0x00000000   Number         0  tm_stm32f4_usart.o ABSOLUTE
    ..\00-STM32F4xx_STANDARD_PERIPHERAL_DRIVERS\CMSIS\Device\ST\STM32F4xx\Source\Templates\arm\startup_stm32f429_439xx.s 0x00000000   Number         0  startup_stm32f429_439xx.o ABSOLUTE
    ..\00-STM32F4xx_STANDARD_PERIPHERAL_DRIVERS\STM32F4xx_StdPeriph_Driver\src\misc.c 0x00000000   Number         0  misc.o ABSOLUTE
    ..\00-STM32F4xx_STANDARD_PERIPHERAL_DRIVERS\STM32F4xx_StdPeriph_Driver\src\stm32f4xx_gpio.c 0x00000000   Number         0  stm32f4xx_gpio.o ABSOLUTE
    ..\00-STM32F4xx_STANDARD_PERIPHERAL_DRIVERS\STM32F4xx_StdPeriph_Driver\src\stm32f4xx_rcc.c 0x00000000   Number         0  stm32f4xx_rcc.o ABSOLUTE
    ..\00-STM32F4xx_STANDARD_PERIPHERAL_DRIVERS\STM32F4xx_StdPeriph_Driver\src\stm32f4xx_usart.c 0x00000000   Number         0  stm32f4xx_usart.o ABSOLUTE
    ..\00-STM32F4xx_STANDARD_PERIPHERAL_DRIVERS\STM32F4xx_StdPeriph_Driver_working\src\stm32f4xx_dma.c 0x00000000   Number         0  stm32f4xx_dma.o ABSOLUTE
    ..\00-STM32F4xx_STANDARD_PERIPHERAL_DRIVERS\STM32F4xx_StdPeriph_Driver_working\src\stm32f4xx_fmc.c 0x00000000   Number         0  stm32f4xx_fmc.o ABSOLUTE
    ..\00-STM32F4xx_STANDARD_PERIPHERAL_DRIVERS\STM32F4xx_StdPeriph_Driver_working\src\stm32f4xx_i2c.c 0x00000000   Number         0  stm32f4xx_i2c.o ABSOLUTE
    ..\00-STM32F4xx_STANDARD_PERIPHERAL_DRIVERS\STM32F4xx_StdPeriph_Driver_working\src\stm32f4xx_spi.c 0x00000000   Number         0  stm32f4xx_spi.o ABSOLUTE
    ..\\00-STM32F429_ELE400_Librairies\\CamProcessScreen.c 0x00000000   Number         0  camprocessscreen.o ABSOLUTE
    ..\\00-STM32F429_ELE400_Librairies\\CamScreen.c 0x00000000   Number         0  camscreen.o ABSOLUTE
    ..\\00-STM32F429_ELE400_Librairies\\CamUart_communication_frames.c 0x00000000   Number         0  camuart_communication_frames.o ABSOLUTE
    ..\\00-STM32F429_LIBRARIES\\tm_stm32f4_delay.c 0x00000000   Number         0  tm_stm32f4_delay.o ABSOLUTE
    ..\\00-STM32F429_LIBRARIES\\tm_stm32f4_disco.c 0x00000000   Number         0  tm_stm32f4_disco.o ABSOLUTE
    ..\\00-STM32F429_LIBRARIES\\tm_stm32f4_dma.c 0x00000000   Number         0  tm_stm32f4_dma.o ABSOLUTE
    ..\\00-STM32F429_LIBRARIES\\tm_stm32f4_fonts.c 0x00000000   Number         0  tm_stm32f4_fonts.o ABSOLUTE
    ..\\00-STM32F429_LIBRARIES\\tm_stm32f4_gpio.c 0x00000000   Number         0  tm_stm32f4_gpio.o ABSOLUTE
    ..\\00-STM32F429_LIBRARIES\\tm_stm32f4_i2c.c 0x00000000   Number         0  tm_stm32f4_i2c.o ABSOLUTE
    ..\\00-STM32F429_LIBRARIES\\tm_stm32f4_ili9341.c 0x00000000   Number         0  tm_stm32f4_ili9341.o ABSOLUTE
    ..\\00-STM32F429_LIBRARIES\\tm_stm32f4_ili9341_button.c 0x00000000   Number         0  tm_stm32f4_ili9341_button.o ABSOLUTE
    ..\\00-STM32F429_LIBRARIES\\tm_stm32f4_sdram.c 0x00000000   Number         0  tm_stm32f4_sdram.o ABSOLUTE
    ..\\00-STM32F429_LIBRARIES\\tm_stm32f4_spi.c 0x00000000   Number         0  tm_stm32f4_spi.o ABSOLUTE
    ..\\00-STM32F429_LIBRARIES\\tm_stm32f4_spi_dma.c 0x00000000   Number         0  tm_stm32f4_spi_dma.o ABSOLUTE
    ..\\00-STM32F429_LIBRARIES\\tm_stm32f4_stmpe811.c 0x00000000   Number         0  tm_stm32f4_stmpe811.o ABSOLUTE
    ..\\00-STM32F429_LIBRARIES\\tm_stm32f4_usart.c 0x00000000   Number         0  tm_stm32f4_usart.o ABSOLUTE
    ..\\00-STM32F4xx_STANDARD_PERIPHERAL_DRIVERS\\STM32F4xx_StdPeriph_Driver\\src\\misc.c 0x00000000   Number         0  misc.o ABSOLUTE
    ..\\00-STM32F4xx_STANDARD_PERIPHERAL_DRIVERS\\STM32F4xx_StdPeriph_Driver\\src\\stm32f4xx_gpio.c 0x00000000   Number         0  stm32f4xx_gpio.o ABSOLUTE
    ..\\00-STM32F4xx_STANDARD_PERIPHERAL_DRIVERS\\STM32F4xx_StdPeriph_Driver\\src\\stm32f4xx_rcc.c 0x00000000   Number         0  stm32f4xx_rcc.o ABSOLUTE
    ..\\00-STM32F4xx_STANDARD_PERIPHERAL_DRIVERS\\STM32F4xx_StdPeriph_Driver\\src\\stm32f4xx_usart.c 0x00000000   Number         0  stm32f4xx_usart.o ABSOLUTE
    ..\\00-STM32F4xx_STANDARD_PERIPHERAL_DRIVERS\\STM32F4xx_StdPeriph_Driver_working\\src\\stm32f4xx_dma.c 0x00000000   Number         0  stm32f4xx_dma.o ABSOLUTE
    ..\\00-STM32F4xx_STANDARD_PERIPHERAL_DRIVERS\\STM32F4xx_StdPeriph_Driver_working\\src\\stm32f4xx_fmc.c 0x00000000   Number         0  stm32f4xx_fmc.o ABSOLUTE
    ..\\00-STM32F4xx_STANDARD_PERIPHERAL_DRIVERS\\STM32F4xx_StdPeriph_Driver_working\\src\\stm32f4xx_i2c.c 0x00000000   Number         0  stm32f4xx_i2c.o ABSOLUTE
    ..\\00-STM32F4xx_STANDARD_PERIPHERAL_DRIVERS\\STM32F4xx_StdPeriph_Driver_working\\src\\stm32f4xx_spi.c 0x00000000   Number         0  stm32f4xx_spi.o ABSOLUTE
    User\\main.c                             0x00000000   Number         0  main.o ABSOLUTE
    User\\stm32f4xx_it.c                     0x00000000   Number         0  stm32f4xx_it.o ABSOLUTE
    User\\system_stm32f4xx.c                 0x00000000   Number         0  system_stm32f4xx.o ABSOLUTE
    User\main.c                              0x00000000   Number         0  main.o ABSOLUTE
    User\stm32f4xx_it.c                      0x00000000   Number         0  stm32f4xx_it.o ABSOLUTE
    User\system_stm32f4xx.c                  0x00000000   Number         0  system_stm32f4xx.o ABSOLUTE
    dc.s                                     0x00000000   Number         0  dc.o ABSOLUTE
    RESET                                    0x08000000   Section      428  startup_stm32f429_439xx.o(RESET)
    !!!main                                  0x080001ac   Section        8  __main.o(!!!main)
    !!!scatter                               0x080001b4   Section       52  __scatter.o(!!!scatter)
    !!handler_copy                           0x080001e8   Section       26  __scatter_copy.o(!!handler_copy)
    !!handler_zi                             0x08000204   Section       28  __scatter_zi.o(!!handler_zi)
    .ARM.Collect$$libinit$$00000000          0x08000220   Section        2  libinit.o(.ARM.Collect$$libinit$$00000000)
    .ARM.Collect$$libinit$$00000001          0x08000222   Section        4  libinit2.o(.ARM.Collect$$libinit$$00000001)
    .ARM.Collect$$libinit$$00000004          0x08000226   Section        0  libinit2.o(.ARM.Collect$$libinit$$00000004)
    .ARM.Collect$$libinit$$00000005          0x08000226   Section        8  libinit2.o(.ARM.Collect$$libinit$$00000005)
    .ARM.Collect$$libinit$$0000000A          0x0800022e   Section        0  libinit2.o(.ARM.Collect$$libinit$$0000000A)
    .ARM.Collect$$libinit$$0000000C          0x0800022e   Section        0  libinit2.o(.ARM.Collect$$libinit$$0000000C)
    .ARM.Collect$$libinit$$0000000E          0x0800022e   Section        0  libinit2.o(.ARM.Collect$$libinit$$0000000E)
    .ARM.Collect$$libinit$$00000011          0x0800022e   Section        0  libinit2.o(.ARM.Collect$$libinit$$00000011)
    .ARM.Collect$$libinit$$00000013          0x0800022e   Section        0  libinit2.o(.ARM.Collect$$libinit$$00000013)
    .ARM.Collect$$libinit$$00000015          0x0800022e   Section        0  libinit2.o(.ARM.Collect$$libinit$$00000015)
    .ARM.Collect$$libinit$$00000017          0x0800022e   Section        0  libinit2.o(.ARM.Collect$$libinit$$00000017)
    .ARM.Collect$$libinit$$00000019          0x0800022e   Section        0  libinit2.o(.ARM.Collect$$libinit$$00000019)
    .ARM.Collect$$libinit$$0000001B          0x0800022e   Section        0  libinit2.o(.ARM.Collect$$libinit$$0000001B)
    .ARM.Collect$$libinit$$0000001D          0x0800022e   Section        0  libinit2.o(.ARM.Collect$$libinit$$0000001D)
    .ARM.Collect$$libinit$$0000001F          0x0800022e   Section        0  libinit2.o(.ARM.Collect$$libinit$$0000001F)
    .ARM.Collect$$libinit$$00000021          0x0800022e   Section        0  libinit2.o(.ARM.Collect$$libinit$$00000021)
    .ARM.Collect$$libinit$$00000023          0x0800022e   Section        0  libinit2.o(.ARM.Collect$$libinit$$00000023)
    .ARM.Collect$$libinit$$00000025          0x0800022e   Section        0  libinit2.o(.ARM.Collect$$libinit$$00000025)
    .ARM.Collect$$libinit$$0000002C          0x0800022e   Section        0  libinit2.o(.ARM.Collect$$libinit$$0000002C)
    .ARM.Collect$$libinit$$0000002E          0x0800022e   Section        0  libinit2.o(.ARM.Collect$$libinit$$0000002E)
    .ARM.Collect$$libinit$$00000030          0x0800022e   Section        0  libinit2.o(.ARM.Collect$$libinit$$00000030)
    .ARM.Collect$$libinit$$00000032          0x0800022e   Section        0  libinit2.o(.ARM.Collect$$libinit$$00000032)
    .ARM.Collect$$libinit$$00000033          0x0800022e   Section        2  libinit2.o(.ARM.Collect$$libinit$$00000033)
    .ARM.Collect$$libshutdown$$00000000      0x08000230   Section        2  libshutdown.o(.ARM.Collect$$libshutdown$$00000000)
    .ARM.Collect$$libshutdown$$00000002      0x08000232   Section        0  libshutdown2.o(.ARM.Collect$$libshutdown$$00000002)
    .ARM.Collect$$libshutdown$$00000004      0x08000232   Section        0  libshutdown2.o(.ARM.Collect$$libshutdown$$00000004)
    .ARM.Collect$$libshutdown$$00000007      0x08000232   Section        0  libshutdown2.o(.ARM.Collect$$libshutdown$$00000007)
    .ARM.Collect$$libshutdown$$0000000A      0x08000232   Section        0  libshutdown2.o(.ARM.Collect$$libshutdown$$0000000A)
    .ARM.Collect$$libshutdown$$0000000C      0x08000232   Section        0  libshutdown2.o(.ARM.Collect$$libshutdown$$0000000C)
    .ARM.Collect$$libshutdown$$0000000F      0x08000232   Section        0  libshutdown2.o(.ARM.Collect$$libshutdown$$0000000F)
    .ARM.Collect$$libshutdown$$00000010      0x08000232   Section        2  libshutdown2.o(.ARM.Collect$$libshutdown$$00000010)
    .ARM.Collect$$rtentry$$00000000          0x08000234   Section        0  __rtentry.o(.ARM.Collect$$rtentry$$00000000)
    .ARM.Collect$$rtentry$$00000002          0x08000234   Section        0  __rtentry2.o(.ARM.Collect$$rtentry$$00000002)
    .ARM.Collect$$rtentry$$00000004          0x08000234   Section        6  __rtentry4.o(.ARM.Collect$$rtentry$$00000004)
    .ARM.Collect$$rtentry$$00000009          0x0800023a   Section        0  __rtentry2.o(.ARM.Collect$$rtentry$$00000009)
    .ARM.Collect$$rtentry$$0000000A          0x0800023a   Section        4  __rtentry2.o(.ARM.Collect$$rtentry$$0000000A)
    .ARM.Collect$$rtentry$$0000000C          0x0800023e   Section        0  __rtentry2.o(.ARM.Collect$$rtentry$$0000000C)
    .ARM.Collect$$rtentry$$0000000D          0x0800023e   Section        8  __rtentry2.o(.ARM.Collect$$rtentry$$0000000D)
    .ARM.Collect$$rtexit$$00000000           0x08000246   Section        2  rtexit.o(.ARM.Collect$$rtexit$$00000000)
    .ARM.Collect$$rtexit$$00000002           0x08000248   Section        0  rtexit2.o(.ARM.Collect$$rtexit$$00000002)
    .ARM.Collect$$rtexit$$00000003           0x08000248   Section        4  rtexit2.o(.ARM.Collect$$rtexit$$00000003)
    .ARM.Collect$$rtexit$$00000004           0x0800024c   Section        6  rtexit2.o(.ARM.Collect$$rtexit$$00000004)
    .emb_text                                0x08000254   Section        0  maybetermalloc1.o(.emb_text)
    .text                                    0x08000254   Section       64  startup_stm32f429_439xx.o(.text)
    $v0                                      0x08000254   Number         0  startup_stm32f429_439xx.o(.text)
    .text                                    0x08000294   Section        0  misc.o(.text)
    .text                                    0x08000344   Section        0  stm32f4xx_rcc.o(.text)
    .text                                    0x080007c8   Section        0  stm32f4xx_usart.o(.text)
    .text                                    0x08000b20   Section        0  tm_stm32f4_usart.o(.text)
    TM_USART_INT_Init                        0x08000d8f   Thumb Code   350  tm_stm32f4_usart.o(.text)
    .text                                    0x08001328   Section        0  tm_stm32f4_gpio.o(.text)
    .text                                    0x080015c4   Section        0  tm_stm32f4_delay.o(.text)
    .text                                    0x08001744   Section        0  tm_stm32f4_disco.o(.text)
    .text                                    0x080017c8   Section        0  tm_stm32f4_dma.o(.text)
    TM_DMA_INT_ProcessInterrupt              0x080018e9   Thumb Code   102  tm_stm32f4_dma.o(.text)
    .text                                    0x080019bc   Section        0  main.o(.text)
    .text                                    0x08001c44   Section        0  stm32f4xx_it.o(.text)
    .text                                    0x08001c60   Section        0  system_stm32f4xx.o(.text)
    SetSysClock                              0x08001c61   Thumb Code   190  system_stm32f4xx.o(.text)
    .text                                    0x08001df8   Section        0  camuart_communication_frames.o(.text)
    .text                                    0x08002080   Section        0  h1_alloc.o(.text)
    .text                                    0x080020de   Section        0  h1_free.o(.text)
    .text                                    0x0800212c   Section        0  heapauxi.o(.text)
    .text                                    0x08002134   Section        8  rt_heap_descriptor_intlibspace.o(.text)
    .text                                    0x0800213c   Section        0  hguard.o(.text)
    .text                                    0x08002140   Section        0  init_alloc.o(.text)
    .text                                    0x080021ca   Section        0  h1_init.o(.text)
    .text                                    0x080021d8   Section        8  libspace.o(.text)
    .text                                    0x080021e0   Section        0  h1_extend.o(.text)
    .text                                    0x08002214   Section        0  defsig_rtmem_outer.o(.text)
    .text                                    0x08002222   Section        2  use_no_semi.o(.text)
    .text                                    0x08002224   Section       74  sys_stackheap_outer.o(.text)
    .text                                    0x08002224   Section        0  indicate_semi.o(.text)
    .text                                    0x0800226e   Section        0  exit.o(.text)
    .text                                    0x08002280   Section        0  defsig_exit.o(.text)
    .text                                    0x0800228c   Section        0  defsig_rtmem_inner.o(.text)
    .text                                    0x080022dc   Section        0  sys_exit.o(.text)
    .text                                    0x080022e8   Section        0  defsig_general.o(.text)
    .text                                    0x0800231a   Section        0  sys_wrch.o(.text)
    x$fpl$fpinit                             0x08002328   Section       10  fpinit.o(x$fpl$fpinit)
    $v0                                      0x08002328   Number         0  fpinit.o(x$fpl$fpinit)
    .constdata                               0x08002332   Section       20  tm_stm32f4_dma.o(.constdata)
    DMA_Flags_Bit_Pos                        0x08002332   Data           4  tm_stm32f4_dma.o(.constdata)
    DMA_IRQs                                 0x08002336   Data          16  tm_stm32f4_dma.o(.constdata)
    .constdata                               0x08002348   Section       33  camuart_communication_frames.o(.constdata)
    .data                                    0x20000000   Section       16  stm32f4xx_rcc.o(.data)
    APBAHBPrescTable                         0x20000000   Data          16  stm32f4xx_rcc.o(.data)
    .data                                    0x20000010   Section      128  tm_stm32f4_usart.o(.data)
    .data                                    0x20000090   Section       16  tm_stm32f4_delay.o(.data)
    .data                                    0x200000a0   Section        1  tm_stm32f4_disco.o(.data)
    TM_INT_DISCO_ButtonPressed               0x200000a0   Data           1  tm_stm32f4_disco.o(.data)
    .data                                    0x200000a4   Section       20  main.o(.data)
    tx_error                                 0x200000a4   Data           1  main.o(.data)
    .data                                    0x200000b8   Section       20  system_stm32f4xx.o(.data)
    .data                                    0x200000cc   Section        4  camuart_communication_frames.o(.data)
    state                                    0x200000cf   Data           1  camuart_communication_frames.o(.data)
    .bss                                     0x200000d0   Section       32  tm_stm32f4_usart.o(.bss)
    .bss                                     0x200000f0   Section       32  tm_stm32f4_usart.o(.bss)
    .bss                                     0x20000110   Section       32  tm_stm32f4_usart.o(.bss)
    .bss                                     0x20000130   Section       32  tm_stm32f4_usart.o(.bss)
    .bss                                     0x20000150   Section       32  tm_stm32f4_usart.o(.bss)
    .bss                                     0x20000170   Section       32  tm_stm32f4_usart.o(.bss)
    .bss                                     0x20000190   Section       32  tm_stm32f4_usart.o(.bss)
    .bss                                     0x200001b0   Section       32  tm_stm32f4_usart.o(.bss)
    .bss                                     0x200001d0   Section       22  tm_stm32f4_gpio.o(.bss)
    GPIO_UsedPins                            0x200001d0   Data          22  tm_stm32f4_gpio.o(.bss)
    .bss                                     0x200001e8   Section       24  tm_stm32f4_delay.o(.bss)
    CustomTimers                             0x200001e8   Data          24  tm_stm32f4_delay.o(.bss)
    .bss                                     0x20000200   Section      300  camuart_communication_frames.o(.bss)
    .bss                                     0x2000032c   Section       96  libspace.o(.bss)
    HEAP                                     0x20000390   Section      512  startup_stm32f429_439xx.o(HEAP)
    Heap_Mem                                 0x20000390   Data         512  startup_stm32f429_439xx.o(HEAP)
    STACK                                    0x20000590   Section     1024  startup_stm32f429_439xx.o(STACK)
    Stack_Mem                                0x20000590   Data        1024  startup_stm32f429_439xx.o(STACK)
    __initial_sp                             0x20000990   Data           0  startup_stm32f429_439xx.o(STACK)

    Global Symbols

    Symbol Name                              Value     Ov Type        Size  Object(Section)

    BuildAttributes$$THM_ISAv4$E$P$D$K$B$S$7EM$VFPi3$EXTD16$VFPS$VFMA$PE$A:L22UL41UL21$X:L11$S22US41US21$IEEE1$IW$USESV6$~STKCKD$USESV7$~SHL$OTIME$ROPI$EBA8$UX$STANDARDLIB$REQ8$PRES8$EABIv2 0x00000000   Number         0  anon$$obj.o ABSOLUTE
    __ARM_use_no_argv                        0x00000000   Number         0  main.o ABSOLUTE
    TM_DELAY_1msHandler                       - Undefined Weak Reference
    __ARM_exceptions_init                     - Undefined Weak Reference
    __alloca_initialize                       - Undefined Weak Reference
    __arm_preinit_                            - Undefined Weak Reference
    __cpp_initialize__aeabi_                  - Undefined Weak Reference
    __cxa_finalize                            - Undefined Weak Reference
    __rt_locale                               - Undefined Weak Reference
    __sigvec_lookup                           - Undefined Weak Reference
    __user_heap_extent                        - Undefined Weak Reference
    _atexit_init                              - Undefined Weak Reference
    _call_atexit_fns                          - Undefined Weak Reference
    _clock_init                               - Undefined Weak Reference
    _fp_trap_init                             - Undefined Weak Reference
    _fp_trap_shutdown                         - Undefined Weak Reference
    _get_lc_collate                           - Undefined Weak Reference
    _get_lc_ctype                             - Undefined Weak Reference
    _get_lc_monetary                          - Undefined Weak Reference
    _get_lc_numeric                           - Undefined Weak Reference
    _get_lc_time                              - Undefined Weak Reference
    _getenv_init                              - Undefined Weak Reference
    _handle_redirection                       - Undefined Weak Reference
    _initio                                   - Undefined Weak Reference
    _mutex_acquire                            - Undefined Weak Reference
    _mutex_free                               - Undefined Weak Reference
    _mutex_release                            - Undefined Weak Reference
    _printf_post_padding                      - Undefined Weak Reference
    _printf_pre_padding                       - Undefined Weak Reference
    _printf_truncate_signed                   - Undefined Weak Reference
    _printf_truncate_unsigned                 - Undefined Weak Reference
    _rand_init                                - Undefined Weak Reference
    _signal_finish                            - Undefined Weak Reference
    _signal_init                              - Undefined Weak Reference
    _terminateio                              - Undefined Weak Reference
    __Vectors_Size                           0x000001ac   Number         0  startup_stm32f429_439xx.o ABSOLUTE
    __Vectors                                0x08000000   Data           4  startup_stm32f429_439xx.o(RESET)
    __Vectors_End                            0x080001ac   Data           0  startup_stm32f429_439xx.o(RESET)
    __main                                   0x080001ad   Thumb Code     8  __main.o(!!!main)
    __scatterload                            0x080001b5   Thumb Code     0  __scatter.o(!!!scatter)
    __scatterload_rt2                        0x080001b5   Thumb Code    44  __scatter.o(!!!scatter)
    __scatterload_rt2_thumb_only             0x080001b5   Thumb Code     0  __scatter.o(!!!scatter)
    __scatterload_null                       0x080001c3   Thumb Code     0  __scatter.o(!!!scatter)
    __scatterload_copy                       0x080001e9   Thumb Code    26  __scatter_copy.o(!!handler_copy)
    __scatterload_zeroinit                   0x08000205   Thumb Code    28  __scatter_zi.o(!!handler_zi)
    __rt_lib_init                            0x08000221   Thumb Code     0  libinit.o(.ARM.Collect$$libinit$$00000000)
    __rt_lib_init_fp_1                       0x08000223   Thumb Code     0  libinit2.o(.ARM.Collect$$libinit$$00000001)
    __rt_lib_init_heap_2                     0x08000227   Thumb Code     0  libinit2.o(.ARM.Collect$$libinit$$00000005)
    __rt_lib_init_preinit_1                  0x08000227   Thumb Code     0  libinit2.o(.ARM.Collect$$libinit$$00000004)
    __rt_lib_init_alloca_1                   0x0800022f   Thumb Code     0  libinit2.o(.ARM.Collect$$libinit$$0000002E)
    __rt_lib_init_argv_1                     0x0800022f   Thumb Code     0  libinit2.o(.ARM.Collect$$libinit$$0000002C)
    __rt_lib_init_atexit_1                   0x0800022f   Thumb Code     0  libinit2.o(.ARM.Collect$$libinit$$0000001B)
    __rt_lib_init_clock_1                    0x0800022f   Thumb Code     0  libinit2.o(.ARM.Collect$$libinit$$00000021)
    __rt_lib_init_cpp_1                      0x0800022f   Thumb Code     0  libinit2.o(.ARM.Collect$$libinit$$00000032)
    __rt_lib_init_exceptions_1               0x0800022f   Thumb Code     0  libinit2.o(.ARM.Collect$$libinit$$00000030)
    __rt_lib_init_fp_trap_1                  0x0800022f   Thumb Code     0  libinit2.o(.ARM.Collect$$libinit$$0000001F)
    __rt_lib_init_getenv_1                   0x0800022f   Thumb Code     0  libinit2.o(.ARM.Collect$$libinit$$00000023)
    __rt_lib_init_heap_1                     0x0800022f   Thumb Code     0  libinit2.o(.ARM.Collect$$libinit$$0000000A)
    __rt_lib_init_lc_collate_1               0x0800022f   Thumb Code     0  libinit2.o(.ARM.Collect$$libinit$$00000011)
    __rt_lib_init_lc_ctype_1                 0x0800022f   Thumb Code     0  libinit2.o(.ARM.Collect$$libinit$$00000013)
    __rt_lib_init_lc_monetary_1              0x0800022f   Thumb Code     0  libinit2.o(.ARM.Collect$$libinit$$00000015)
    __rt_lib_init_lc_numeric_1               0x0800022f   Thumb Code     0  libinit2.o(.ARM.Collect$$libinit$$00000017)
    __rt_lib_init_lc_time_1                  0x0800022f   Thumb Code     0  libinit2.o(.ARM.Collect$$libinit$$00000019)
    __rt_lib_init_rand_1                     0x0800022f   Thumb Code     0  libinit2.o(.ARM.Collect$$libinit$$0000000E)
    __rt_lib_init_return                     0x0800022f   Thumb Code     0  libinit2.o(.ARM.Collect$$libinit$$00000033)
    __rt_lib_init_signal_1                   0x0800022f   Thumb Code     0  libinit2.o(.ARM.Collect$$libinit$$0000001D)
    __rt_lib_init_stdio_1                    0x0800022f   Thumb Code     0  libinit2.o(.ARM.Collect$$libinit$$00000025)
    __rt_lib_init_user_alloc_1               0x0800022f   Thumb Code     0  libinit2.o(.ARM.Collect$$libinit$$0000000C)
    __rt_lib_shutdown                        0x08000231   Thumb Code     0  libshutdown.o(.ARM.Collect$$libshutdown$$00000000)
    __rt_lib_shutdown_cpp_1                  0x08000233   Thumb Code     0  libshutdown2.o(.ARM.Collect$$libshutdown$$00000002)
    __rt_lib_shutdown_fp_trap_1              0x08000233   Thumb Code     0  libshutdown2.o(.ARM.Collect$$libshutdown$$00000007)
    __rt_lib_shutdown_heap_1                 0x08000233   Thumb Code     0  libshutdown2.o(.ARM.Collect$$libshutdown$$0000000F)
    __rt_lib_shutdown_return                 0x08000233   Thumb Code     0  libshutdown2.o(.ARM.Collect$$libshutdown$$00000010)
    __rt_lib_shutdown_signal_1               0x08000233   Thumb Code     0  libshutdown2.o(.ARM.Collect$$libshutdown$$0000000A)
    __rt_lib_shutdown_stdio_1                0x08000233   Thumb Code     0  libshutdown2.o(.ARM.Collect$$libshutdown$$00000004)
    __rt_lib_shutdown_user_alloc_1           0x08000233   Thumb Code     0  libshutdown2.o(.ARM.Collect$$libshutdown$$0000000C)
    __rt_entry                               0x08000235   Thumb Code     0  __rtentry.o(.ARM.Collect$$rtentry$$00000000)
    __rt_entry_presh_1                       0x08000235   Thumb Code     0  __rtentry2.o(.ARM.Collect$$rtentry$$00000002)
    __rt_entry_sh                            0x08000235   Thumb Code     0  __rtentry4.o(.ARM.Collect$$rtentry$$00000004)
    __rt_entry_li                            0x0800023b   Thumb Code     0  __rtentry2.o(.ARM.Collect$$rtentry$$0000000A)
    __rt_entry_postsh_1                      0x0800023b   Thumb Code     0  __rtentry2.o(.ARM.Collect$$rtentry$$00000009)
    __rt_entry_main                          0x0800023f   Thumb Code     0  __rtentry2.o(.ARM.Collect$$rtentry$$0000000D)
    __rt_entry_postli_1                      0x0800023f   Thumb Code     0  __rtentry2.o(.ARM.Collect$$rtentry$$0000000C)
    __rt_exit                                0x08000247   Thumb Code     0  rtexit.o(.ARM.Collect$$rtexit$$00000000)
    __rt_exit_ls                             0x08000249   Thumb Code     0  rtexit2.o(.ARM.Collect$$rtexit$$00000003)
    __rt_exit_prels_1                        0x08000249   Thumb Code     0  rtexit2.o(.ARM.Collect$$rtexit$$00000002)
    __rt_exit_exit                           0x0800024d   Thumb Code     0  rtexit2.o(.ARM.Collect$$rtexit$$00000004)
    Reset_Handler                            0x08000255   Thumb Code     8  startup_stm32f429_439xx.o(.text)
    _maybe_terminate_alloc                   0x08000255   Thumb Code     0  maybetermalloc1.o(.emb_text)
    ADC_IRQHandler                           0x0800026f   Thumb Code     0  startup_stm32f429_439xx.o(.text)
    CAN1_RX0_IRQHandler                      0x0800026f   Thumb Code     0  startup_stm32f429_439xx.o(.text)
    CAN1_RX1_IRQHandler                      0x0800026f   Thumb Code     0  startup_stm32f429_439xx.o(.text)
    CAN1_SCE_IRQHandler                      0x0800026f   Thumb Code     0  startup_stm32f429_439xx.o(.text)
    CAN1_TX_IRQHandler                       0x0800026f   Thumb Code     0  startup_stm32f429_439xx.o(.text)
    CAN2_RX0_IRQHandler                      0x0800026f   Thumb Code     0  startup_stm32f429_439xx.o(.text)
    CAN2_RX1_IRQHandler                      0x0800026f   Thumb Code     0  startup_stm32f429_439xx.o(.text)
    CAN2_SCE_IRQHandler                      0x0800026f   Thumb Code     0  startup_stm32f429_439xx.o(.text)
    CAN2_TX_IRQHandler                       0x0800026f   Thumb Code     0  startup_stm32f429_439xx.o(.text)
    CRYP_IRQHandler                          0x0800026f   Thumb Code     0  startup_stm32f429_439xx.o(.text)
    DCMI_IRQHandler                          0x0800026f   Thumb Code     0  startup_stm32f429_439xx.o(.text)
    DMA2D_IRQHandler                         0x0800026f   Thumb Code     0  startup_stm32f429_439xx.o(.text)
    ETH_IRQHandler                           0x0800026f   Thumb Code     0  startup_stm32f429_439xx.o(.text)
    ETH_WKUP_IRQHandler                      0x0800026f   Thumb Code     0  startup_stm32f429_439xx.o(.text)
    EXTI0_IRQHandler                         0x0800026f   Thumb Code     0  startup_stm32f429_439xx.o(.text)
    EXTI15_10_IRQHandler                     0x0800026f   Thumb Code     0  startup_stm32f429_439xx.o(.text)
    EXTI1_IRQHandler                         0x0800026f   Thumb Code     0  startup_stm32f429_439xx.o(.text)
    EXTI2_IRQHandler                         0x0800026f   Thumb Code     0  startup_stm32f429_439xx.o(.text)
    EXTI3_IRQHandler                         0x0800026f   Thumb Code     0  startup_stm32f429_439xx.o(.text)
    EXTI4_IRQHandler                         0x0800026f   Thumb Code     0  startup_stm32f429_439xx.o(.text)
    EXTI9_5_IRQHandler                       0x0800026f   Thumb Code     0  startup_stm32f429_439xx.o(.text)
    FLASH_IRQHandler                         0x0800026f   Thumb Code     0  startup_stm32f429_439xx.o(.text)
    FMC_IRQHandler                           0x0800026f   Thumb Code     0  startup_stm32f429_439xx.o(.text)
    FPU_IRQHandler                           0x0800026f   Thumb Code     0  startup_stm32f429_439xx.o(.text)
    HASH_RNG_IRQHandler                      0x0800026f   Thumb Code     0  startup_stm32f429_439xx.o(.text)
    I2C1_ER_IRQHandler                       0x0800026f   Thumb Code     0  startup_stm32f429_439xx.o(.text)
    I2C1_EV_IRQHandler                       0x0800026f   Thumb Code     0  startup_stm32f429_439xx.o(.text)
    I2C2_ER_IRQHandler                       0x0800026f   Thumb Code     0  startup_stm32f429_439xx.o(.text)
    I2C2_EV_IRQHandler                       0x0800026f   Thumb Code     0  startup_stm32f429_439xx.o(.text)
    I2C3_ER_IRQHandler                       0x0800026f   Thumb Code     0  startup_stm32f429_439xx.o(.text)
    I2C3_EV_IRQHandler                       0x0800026f   Thumb Code     0  startup_stm32f429_439xx.o(.text)
    LTDC_ER_IRQHandler                       0x0800026f   Thumb Code     0  startup_stm32f429_439xx.o(.text)
    LTDC_IRQHandler                          0x0800026f   Thumb Code     0  startup_stm32f429_439xx.o(.text)
    OTG_FS_IRQHandler                        0x0800026f   Thumb Code     0  startup_stm32f429_439xx.o(.text)
    OTG_FS_WKUP_IRQHandler                   0x0800026f   Thumb Code     0  startup_stm32f429_439xx.o(.text)
    OTG_HS_EP1_IN_IRQHandler                 0x0800026f   Thumb Code     0  startup_stm32f429_439xx.o(.text)
    OTG_HS_EP1_OUT_IRQHandler                0x0800026f   Thumb Code     0  startup_stm32f429_439xx.o(.text)
    OTG_HS_IRQHandler                        0x0800026f   Thumb Code     0  startup_stm32f429_439xx.o(.text)
    OTG_HS_WKUP_IRQHandler                   0x0800026f   Thumb Code     0  startup_stm32f429_439xx.o(.text)
    PVD_IRQHandler                           0x0800026f   Thumb Code     0  startup_stm32f429_439xx.o(.text)
    RCC_IRQHandler                           0x0800026f   Thumb Code     0  startup_stm32f429_439xx.o(.text)
    RTC_Alarm_IRQHandler                     0x0800026f   Thumb Code     0  startup_stm32f429_439xx.o(.text)
    RTC_WKUP_IRQHandler                      0x0800026f   Thumb Code     0  startup_stm32f429_439xx.o(.text)
    SAI1_IRQHandler                          0x0800026f   Thumb Code     0  startup_stm32f429_439xx.o(.text)
    SDIO_IRQHandler                          0x0800026f   Thumb Code     0  startup_stm32f429_439xx.o(.text)
    SPI1_IRQHandler                          0x0800026f   Thumb Code     0  startup_stm32f429_439xx.o(.text)
    SPI2_IRQHandler                          0x0800026f   Thumb Code     0  startup_stm32f429_439xx.o(.text)
    SPI3_IRQHandler                          0x0800026f   Thumb Code     0  startup_stm32f429_439xx.o(.text)
    SPI4_IRQHandler                          0x0800026f   Thumb Code     0  startup_stm32f429_439xx.o(.text)
    SPI5_IRQHandler                          0x0800026f   Thumb Code     0  startup_stm32f429_439xx.o(.text)
    SPI6_IRQHandler                          0x0800026f   Thumb Code     0  startup_stm32f429_439xx.o(.text)
    TAMP_STAMP_IRQHandler                    0x0800026f   Thumb Code     0  startup_stm32f429_439xx.o(.text)
    TIM1_BRK_TIM9_IRQHandler                 0x0800026f   Thumb Code     0  startup_stm32f429_439xx.o(.text)
    TIM1_CC_IRQHandler                       0x0800026f   Thumb Code     0  startup_stm32f429_439xx.o(.text)
    TIM1_TRG_COM_TIM11_IRQHandler            0x0800026f   Thumb Code     0  startup_stm32f429_439xx.o(.text)
    TIM1_UP_TIM10_IRQHandler                 0x0800026f   Thumb Code     0  startup_stm32f429_439xx.o(.text)
    TIM2_IRQHandler                          0x0800026f   Thumb Code     0  startup_stm32f429_439xx.o(.text)
    TIM3_IRQHandler                          0x0800026f   Thumb Code     0  startup_stm32f429_439xx.o(.text)
    TIM4_IRQHandler                          0x0800026f   Thumb Code     0  startup_stm32f429_439xx.o(.text)
    TIM5_IRQHandler                          0x0800026f   Thumb Code     0  startup_stm32f429_439xx.o(.text)
    TIM6_DAC_IRQHandler                      0x0800026f   Thumb Code     0  startup_stm32f429_439xx.o(.text)
    TIM7_IRQHandler                          0x0800026f   Thumb Code     0  startup_stm32f429_439xx.o(.text)
    TIM8_BRK_TIM12_IRQHandler                0x0800026f   Thumb Code     0  startup_stm32f429_439xx.o(.text)
    TIM8_CC_IRQHandler                       0x0800026f   Thumb Code     0  startup_stm32f429_439xx.o(.text)
    TIM8_TRG_COM_TIM14_IRQHandler            0x0800026f   Thumb Code     0  startup_stm32f429_439xx.o(.text)
    TIM8_UP_TIM13_IRQHandler                 0x0800026f   Thumb Code     0  startup_stm32f429_439xx.o(.text)
    WWDG_IRQHandler                          0x0800026f   Thumb Code     0  startup_stm32f429_439xx.o(.text)
    __user_initial_stackheap                 0x08000271   Thumb Code     0  startup_stm32f429_439xx.o(.text)
    NVIC_PriorityGroupConfig                 0x08000295   Thumb Code    10  misc.o(.text)
    NVIC_Init                                0x0800029f   Thumb Code    96  misc.o(.text)
    NVIC_SetVectorTable                      0x080002ff   Thumb Code    14  misc.o(.text)
    NVIC_SystemLPConfig                      0x0800030d   Thumb Code    20  misc.o(.text)
    SysTick_CLKSourceConfig                  0x08000321   Thumb Code    24  misc.o(.text)
    RCC_DeInit                               0x08000345   Thumb Code    68  stm32f4xx_rcc.o(.text)
    RCC_HSEConfig                            0x08000389   Thumb Code    12  stm32f4xx_rcc.o(.text)
    RCC_GetFlagStatus                        0x08000395   Thumb Code    46  stm32f4xx_rcc.o(.text)
    RCC_WaitForHSEStartUp                    0x080003c3   Thumb Code    44  stm32f4xx_rcc.o(.text)
    RCC_AdjustHSICalibrationValue            0x080003ef   Thumb Code    16  stm32f4xx_rcc.o(.text)
    RCC_HSICmd                               0x080003ff   Thumb Code     6  stm32f4xx_rcc.o(.text)
    RCC_LSEConfig                            0x08000405   Thumb Code    24  stm32f4xx_rcc.o(.text)
    RCC_LSICmd                               0x0800041d   Thumb Code     6  stm32f4xx_rcc.o(.text)
    RCC_PLLConfig                            0x08000423   Thumb Code    32  stm32f4xx_rcc.o(.text)
    RCC_PLLCmd                               0x08000443   Thumb Code     6  stm32f4xx_rcc.o(.text)
    RCC_PLLI2SConfig                         0x08000449   Thumb Code    18  stm32f4xx_rcc.o(.text)
    RCC_PLLI2SCmd                            0x0800045b   Thumb Code     6  stm32f4xx_rcc.o(.text)
    RCC_PLLSAIConfig                         0x08000461   Thumb Code    18  stm32f4xx_rcc.o(.text)
    RCC_PLLSAICmd                            0x08000473   Thumb Code     6  stm32f4xx_rcc.o(.text)
    RCC_ClockSecuritySystemCmd               0x08000479   Thumb Code     6  stm32f4xx_rcc.o(.text)
    RCC_MCO1Config                           0x0800047f   Thumb Code    18  stm32f4xx_rcc.o(.text)
    RCC_MCO2Config                           0x08000491   Thumb Code    18  stm32f4xx_rcc.o(.text)
    RCC_SYSCLKConfig                         0x080004a3   Thumb Code    16  stm32f4xx_rcc.o(.text)
    RCC_GetSYSCLKSource                      0x080004b3   Thumb Code    12  stm32f4xx_rcc.o(.text)
    RCC_HCLKConfig                           0x080004bf   Thumb Code    16  stm32f4xx_rcc.o(.text)
    RCC_PCLK1Config                          0x080004cf   Thumb Code    16  stm32f4xx_rcc.o(.text)
    RCC_PCLK2Config                          0x080004df   Thumb Code    18  stm32f4xx_rcc.o(.text)
    RCC_GetClocksFreq                        0x080004f1   Thumb Code   134  stm32f4xx_rcc.o(.text)
    RCC_RTCCLKConfig                         0x08000577   Thumb Code    42  stm32f4xx_rcc.o(.text)
    RCC_RTCCLKCmd                            0x080005a1   Thumb Code     8  stm32f4xx_rcc.o(.text)
    RCC_BackupResetCmd                       0x080005a9   Thumb Code     8  stm32f4xx_rcc.o(.text)
    RCC_I2SCLKConfig                         0x080005b1   Thumb Code     8  stm32f4xx_rcc.o(.text)
    RCC_SAIBlockACLKConfig                   0x080005b9   Thumb Code    16  stm32f4xx_rcc.o(.text)
    RCC_SAIBlockBCLKConfig                   0x080005c9   Thumb Code    16  stm32f4xx_rcc.o(.text)
    RCC_SAIPLLI2SClkDivConfig                0x080005d9   Thumb Code    18  stm32f4xx_rcc.o(.text)
    RCC_SAIPLLSAIClkDivConfig                0x080005eb   Thumb Code    24  stm32f4xx_rcc.o(.text)
    RCC_LTDCCLKDivConfig                     0x08000603   Thumb Code    16  stm32f4xx_rcc.o(.text)
    RCC_TIMCLKPresConfig                     0x08000613   Thumb Code     8  stm32f4xx_rcc.o(.text)
    RCC_AHB1PeriphClockCmd                   0x0800061b   Thumb Code    20  stm32f4xx_rcc.o(.text)
    RCC_AHB2PeriphClockCmd                   0x0800062f   Thumb Code    20  stm32f4xx_rcc.o(.text)
    RCC_AHB3PeriphClockCmd                   0x08000643   Thumb Code    20  stm32f4xx_rcc.o(.text)
    RCC_APB1PeriphClockCmd                   0x08000657   Thumb Code    20  stm32f4xx_rcc.o(.text)
    RCC_APB2PeriphClockCmd                   0x0800066b   Thumb Code    20  stm32f4xx_rcc.o(.text)
    RCC_AHB1PeriphResetCmd                   0x0800067f   Thumb Code    20  stm32f4xx_rcc.o(.text)
    RCC_AHB2PeriphResetCmd                   0x08000693   Thumb Code    20  stm32f4xx_rcc.o(.text)
    RCC_AHB3PeriphResetCmd                   0x080006a7   Thumb Code    20  stm32f4xx_rcc.o(.text)
    RCC_APB1PeriphResetCmd                   0x080006bb   Thumb Code    20  stm32f4xx_rcc.o(.text)
    RCC_APB2PeriphResetCmd                   0x080006cf   Thumb Code    20  stm32f4xx_rcc.o(.text)
    RCC_AHB1PeriphClockLPModeCmd             0x080006e3   Thumb Code    20  stm32f4xx_rcc.o(.text)
    RCC_AHB2PeriphClockLPModeCmd             0x080006f7   Thumb Code    20  stm32f4xx_rcc.o(.text)
    RCC_AHB3PeriphClockLPModeCmd             0x0800070b   Thumb Code    20  stm32f4xx_rcc.o(.text)
    RCC_APB1PeriphClockLPModeCmd             0x0800071f   Thumb Code    64  stm32f4xx_rcc.o(.text)
    RCC_APB2PeriphClockLPModeCmd             0x0800075f   Thumb Code    18  stm32f4xx_rcc.o(.text)
    RCC_LSEModeConfig                        0x08000771   Thumb Code    24  stm32f4xx_rcc.o(.text)
    RCC_ITConfig                             0x08000789   Thumb Code    20  stm32f4xx_rcc.o(.text)
    RCC_ClearFlag                            0x0800079d   Thumb Code    14  stm32f4xx_rcc.o(.text)
    RCC_GetITStatus                          0x080007ab   Thumb Code    18  stm32f4xx_rcc.o(.text)
    RCC_ClearITPendingBit                    0x080007bd   Thumb Code     8  stm32f4xx_rcc.o(.text)
    USART_DeInit                             0x080007c9   Thumb Code   138  stm32f4xx_usart.o(.text)
    USART_Init                               0x08000853   Thumb Code   164  stm32f4xx_usart.o(.text)
    USART_StructInit                         0x080008f7   Thumb Code    22  stm32f4xx_usart.o(.text)
    USART_ClockInit                          0x0800090d   Thumb Code    28  stm32f4xx_usart.o(.text)
    USART_ClockStructInit                    0x08000929   Thumb Code    12  stm32f4xx_usart.o(.text)
    USART_Cmd                                0x08000935   Thumb Code    20  stm32f4xx_usart.o(.text)
    USART_SetPrescaler                       0x08000949   Thumb Code    16  stm32f4xx_usart.o(.text)
    USART_OverSampling8Cmd                   0x08000959   Thumb Code    20  stm32f4xx_usart.o(.text)
    USART_OneBitMethodCmd                    0x0800096d   Thumb Code    20  stm32f4xx_usart.o(.text)
    USART_SendData                           0x08000981   Thumb Code     8  stm32f4xx_usart.o(.text)
    USART_ReceiveData                        0x08000989   Thumb Code     8  stm32f4xx_usart.o(.text)
    USART_SetAddress                         0x08000991   Thumb Code    16  stm32f4xx_usart.o(.text)
    USART_ReceiverWakeUpCmd                  0x080009a1   Thumb Code    20  stm32f4xx_usart.o(.text)
    USART_WakeUpConfig                       0x080009b5   Thumb Code    16  stm32f4xx_usart.o(.text)
    USART_LINBreakDetectLengthConfig         0x080009c5   Thumb Code    16  stm32f4xx_usart.o(.text)
    USART_LINCmd                             0x080009d5   Thumb Code    20  stm32f4xx_usart.o(.text)
    USART_SendBreak                          0x080009e9   Thumb Code    10  stm32f4xx_usart.o(.text)
    USART_HalfDuplexCmd                      0x080009f3   Thumb Code    20  stm32f4xx_usart.o(.text)
    USART_SetGuardTime                       0x08000a07   Thumb Code    16  stm32f4xx_usart.o(.text)
    USART_SmartCardCmd                       0x08000a17   Thumb Code    20  stm32f4xx_usart.o(.text)
    USART_SmartCardNACKCmd                   0x08000a2b   Thumb Code    20  stm32f4xx_usart.o(.text)
    USART_IrDAConfig                         0x08000a3f   Thumb Code    16  stm32f4xx_usart.o(.text)
    USART_IrDACmd                            0x08000a4f   Thumb Code    20  stm32f4xx_usart.o(.text)
    USART_DMACmd                             0x08000a63   Thumb Code    16  stm32f4xx_usart.o(.text)
    USART_ITConfig                           0x08000a73   Thumb Code    48  stm32f4xx_usart.o(.text)
    USART_GetFlagStatus                      0x08000aa3   Thumb Code    14  stm32f4xx_usart.o(.text)
    USART_ClearFlag                          0x08000ab1   Thumb Code     6  stm32f4xx_usart.o(.text)
    USART_GetITStatus                        0x08000ab7   Thumb Code    62  stm32f4xx_usart.o(.text)
    USART_ClearITPendingBit                  0x08000af5   Thumb Code    12  stm32f4xx_usart.o(.text)
    TM_USART_INT_GetSubPriority              0x08000b21   Thumb Code    68  tm_stm32f4_usart.o(.text)
    TM_USART_InitCustomPinsCallback          0x08000b65   Thumb Code     2  tm_stm32f4_usart.o(.text)
    TM_UART8_InitPins                        0x08000b67   Thumb Code    40  tm_stm32f4_usart.o(.text)
    TM_UART7_InitPins                        0x08000b8f   Thumb Code    60  tm_stm32f4_usart.o(.text)
    TM_USART6_InitPins                       0x08000bcb   Thumb Code    60  tm_stm32f4_usart.o(.text)
    TM_UART5_InitPins                        0x08000c07   Thumb Code    56  tm_stm32f4_usart.o(.text)
    TM_UART4_InitPins                        0x08000c3f   Thumb Code    60  tm_stm32f4_usart.o(.text)
    TM_USART3_InitPins                       0x08000c7b   Thumb Code    76  tm_stm32f4_usart.o(.text)
    TM_USART2_InitPins                       0x08000cc7   Thumb Code    58  tm_stm32f4_usart.o(.text)
    TM_USART1_InitPins                       0x08000d01   Thumb Code    60  tm_stm32f4_usart.o(.text)
    TM_USART_INT_GetUsart                    0x08000d3d   Thumb Code    82  tm_stm32f4_usart.o(.text)
    TM_USART_Init                            0x08000eed   Thumb Code   276  tm_stm32f4_usart.o(.text)
    TM_USART_InitWithFlowControl             0x08001001   Thumb Code   206  tm_stm32f4_usart.o(.text)
    TM_USART_Getc                            0x080010cf   Thumb Code    52  tm_stm32f4_usart.o(.text)
    TM_USART_FindCharacter                   0x08001103   Thumb Code    50  tm_stm32f4_usart.o(.text)
    TM_USART_Gets                            0x08001135   Thumb Code    78  tm_stm32f4_usart.o(.text)
    TM_USART_BufferEmpty                     0x08001183   Thumb Code    26  tm_stm32f4_usart.o(.text)
    TM_USART_BufferFull                      0x0800119d   Thumb Code    22  tm_stm32f4_usart.o(.text)
    TM_USART_ClearBuffer                     0x080011b3   Thumb Code    16  tm_stm32f4_usart.o(.text)
    TM_USART_SetCustomStringEndCharacter     0x080011c3   Thumb Code    12  tm_stm32f4_usart.o(.text)
    TM_USART_Puts                            0x080011cf   Thumb Code    42  tm_stm32f4_usart.o(.text)
    TM_USART_Send                            0x080011f9   Thumb Code    48  tm_stm32f4_usart.o(.text)
    TM_USART_INT_InsertToBuffer              0x08001229   Thumb Code    38  tm_stm32f4_usart.o(.text)
    USART1_IRQHandler                        0x0800124f   Thumb Code    20  tm_stm32f4_usart.o(.text)
    USART2_IRQHandler                        0x08001263   Thumb Code    22  tm_stm32f4_usart.o(.text)
    USART3_IRQHandler                        0x08001279   Thumb Code    24  tm_stm32f4_usart.o(.text)
    UART4_IRQHandler                         0x08001291   Thumb Code    24  tm_stm32f4_usart.o(.text)
    UART5_IRQHandler                         0x080012a9   Thumb Code    20  tm_stm32f4_usart.o(.text)
    USART6_IRQHandler                        0x080012bd   Thumb Code    24  tm_stm32f4_usart.o(.text)
    UART7_IRQHandler                         0x080012d5   Thumb Code    24  tm_stm32f4_usart.o(.text)
    UART8_IRQHandler                         0x080012ed   Thumb Code    24  tm_stm32f4_usart.o(.text)
    TM_GPIO_GetPortSource                    0x08001329   Thumb Code    10  tm_stm32f4_gpio.o(.text)
    TM_GPIO_INT_Init                         0x08001333   Thumb Code   130  tm_stm32f4_gpio.o(.text)
    TM_GPIO_INT_EnableClock                  0x080013b5   Thumb Code    20  tm_stm32f4_gpio.o(.text)
    TM_GPIO_Init                             0x080013c9   Thumb Code    34  tm_stm32f4_gpio.o(.text)
    TM_GPIO_InitAlternate                    0x080013eb   Thumb Code    92  tm_stm32f4_gpio.o(.text)
    TM_GPIO_DeInit                           0x08001447   Thumb Code    66  tm_stm32f4_gpio.o(.text)
    TM_GPIO_SetPinAsInput                    0x08001489   Thumb Code    38  tm_stm32f4_gpio.o(.text)
    TM_GPIO_SetPinAsOutput                   0x080014af   Thumb Code    46  tm_stm32f4_gpio.o(.text)
    TM_GPIO_SetPinAsAnalog                   0x080014dd   Thumb Code    38  tm_stm32f4_gpio.o(.text)
    TM_GPIO_SetPinAsAlternate                0x08001503   Thumb Code    48  tm_stm32f4_gpio.o(.text)
    TM_GPIO_SetPullResistor                  0x08001533   Thumb Code    46  tm_stm32f4_gpio.o(.text)
    TM_GPIO_Lock                             0x08001561   Thumb Code    16  tm_stm32f4_gpio.o(.text)
    TM_GPIO_GetPinSource                     0x08001571   Thumb Code    18  tm_stm32f4_gpio.o(.text)
    TM_GPIO_INT_DisableClock                 0x08001583   Thumb Code    20  tm_stm32f4_gpio.o(.text)
    TM_GPIO_GetUsedPins                      0x08001597   Thumb Code    14  tm_stm32f4_gpio.o(.text)
    TM_GPIO_GetFreePins                      0x080015a5   Thumb Code    18  tm_stm32f4_gpio.o(.text)
    TimingDelay_Decrement                    0x080015c5   Thumb Code    88  tm_stm32f4_delay.o(.text)
    TM_DELAY_Init                            0x0800161d   Thumb Code    60  tm_stm32f4_delay.o(.text)
    TM_DELAY_EnableDelayTimer                0x08001659   Thumb Code    22  tm_stm32f4_delay.o(.text)
    TM_DELAY_DisableDelayTimer               0x0800166f   Thumb Code    14  tm_stm32f4_delay.o(.text)
    TM_DELAY_TimerCreate                     0x0800167d   Thumb Code    68  tm_stm32f4_delay.o(.text)
    TM_DELAY_TimerDelete                     0x080016c1   Thumb Code    86  tm_stm32f4_delay.o(.text)
    TM_DELAY_TimerStop                       0x08001717   Thumb Code     6  tm_stm32f4_delay.o(.text)
    TM_DELAY_TimerStart                      0x0800171d   Thumb Code     6  tm_stm32f4_delay.o(.text)
    TM_DELAY_TimerReset                      0x08001723   Thumb Code     6  tm_stm32f4_delay.o(.text)
    TM_DELAY_TimerAutoReload                 0x08001729   Thumb Code     4  tm_stm32f4_delay.o(.text)
    TM_DELAY_TimerAutoReloadValue            0x0800172d   Thumb Code     4  tm_stm32f4_delay.o(.text)
    TM_DISCO_LedInit                         0x08001745   Thumb Code    32  tm_stm32f4_disco.o(.text)
    TM_DISCO_ButtonInit                      0x08001765   Thumb Code    24  tm_stm32f4_disco.o(.text)
    TM_DISCO_ButtonOnPressed                 0x0800177d   Thumb Code    30  tm_stm32f4_disco.o(.text)
    TM_DISCO_ButtonOnReleased                0x0800179b   Thumb Code    32  tm_stm32f4_disco.o(.text)
    TM_DMA_ClearFlag                         0x080017c9   Thumb Code    52  tm_stm32f4_dma.o(.text)
    TM_DMA_ClearFlags                        0x080017fd   Thumb Code     4  tm_stm32f4_dma.o(.text)
    TM_DMA_GetFlags                          0x08001801   Thumb Code    52  tm_stm32f4_dma.o(.text)
    TM_DMA_EnableInterrupts                  0x08001835   Thumb Code    94  tm_stm32f4_dma.o(.text)
    TM_DMA_DisableInterrupts                 0x08001893   Thumb Code    76  tm_stm32f4_dma.o(.text)
    TM_DMA_TransferCompleteHandler           0x080018df   Thumb Code     2  tm_stm32f4_dma.o(.text)
    TM_DMA_HalfTransferCompleteHandler       0x080018e1   Thumb Code     2  tm_stm32f4_dma.o(.text)
    TM_DMA_TransferErrorHandler              0x080018e3   Thumb Code     2  tm_stm32f4_dma.o(.text)
    TM_DMA_DirectModeErrorHandler            0x080018e5   Thumb Code     2  tm_stm32f4_dma.o(.text)
    TM_DMA_FIFOErrorHandler                  0x080018e7   Thumb Code     2  tm_stm32f4_dma.o(.text)
    DMA1_Stream0_IRQHandler                  0x0800194f   Thumb Code     6  tm_stm32f4_dma.o(.text)
    DMA1_Stream1_IRQHandler                  0x08001955   Thumb Code     6  tm_stm32f4_dma.o(.text)
    DMA1_Stream2_IRQHandler                  0x0800195b   Thumb Code     6  tm_stm32f4_dma.o(.text)
    DMA1_Stream3_IRQHandler                  0x08001961   Thumb Code     6  tm_stm32f4_dma.o(.text)
    DMA1_Stream4_IRQHandler                  0x08001967   Thumb Code     6  tm_stm32f4_dma.o(.text)
    DMA1_Stream5_IRQHandler                  0x0800196d   Thumb Code     6  tm_stm32f4_dma.o(.text)
    DMA1_Stream6_IRQHandler                  0x08001973   Thumb Code     6  tm_stm32f4_dma.o(.text)
    DMA1_Stream7_IRQHandler                  0x08001979   Thumb Code     6  tm_stm32f4_dma.o(.text)
    DMA2_Stream0_IRQHandler                  0x0800197f   Thumb Code     4  tm_stm32f4_dma.o(.text)
    DMA2_Stream1_IRQHandler                  0x08001983   Thumb Code     6  tm_stm32f4_dma.o(.text)
    DMA2_Stream2_IRQHandler                  0x08001989   Thumb Code     6  tm_stm32f4_dma.o(.text)
    DMA2_Stream3_IRQHandler                  0x0800198f   Thumb Code     6  tm_stm32f4_dma.o(.text)
    DMA2_Stream4_IRQHandler                  0x08001995   Thumb Code     6  tm_stm32f4_dma.o(.text)
    DMA2_Stream5_IRQHandler                  0x0800199b   Thumb Code     6  tm_stm32f4_dma.o(.text)
    DMA2_Stream6_IRQHandler                  0x080019a1   Thumb Code     6  tm_stm32f4_dma.o(.text)
    DMA2_Stream7_IRQHandler                  0x080019a7   Thumb Code     6  tm_stm32f4_dma.o(.text)
    RecoverFromErrors                        0x080019bd   Thumb Code     8  main.o(.text)
    HandleRxErrors                           0x080019c5   Thumb Code    30  main.o(.text)
    HandleTxErrors                           0x080019e3   Thumb Code   110  main.o(.text)
    ProcessMessages                          0x08001a51   Thumb Code     2  main.o(.text)
    CustomTimerHandler                       0x08001a53   Thumb Code    16  main.o(.text)
    main                                     0x08001a63   Thumb Code   296  main.o(.text)
    SendCommand                              0x08001b8b   Thumb Code     2  main.o(.text)
    NMI_Handler                              0x08001c45   Thumb Code     2  stm32f4xx_it.o(.text)
    HardFault_Handler                        0x08001c47   Thumb Code     2  stm32f4xx_it.o(.text)
    MemManage_Handler                        0x08001c49   Thumb Code     2  stm32f4xx_it.o(.text)
    BusFault_Handler                         0x08001c4b   Thumb Code     2  stm32f4xx_it.o(.text)
    UsageFault_Handler                       0x08001c4d   Thumb Code     2  stm32f4xx_it.o(.text)
    SVC_Handler                              0x08001c4f   Thumb Code     2  stm32f4xx_it.o(.text)
    DebugMon_Handler                         0x08001c51   Thumb Code     2  stm32f4xx_it.o(.text)
    PendSV_Handler                           0x08001c53   Thumb Code     2  stm32f4xx_it.o(.text)
    SysTick_Handler                          0x08001c57   Thumb Code     8  stm32f4xx_it.o(.text)
    SystemInit                               0x08001d1f   Thumb Code    74  system_stm32f4xx.o(.text)
    SystemCoreClockUpdate                    0x08001d69   Thumb Code   108  system_stm32f4xx.o(.text)
    CamUart_Init                             0x08001df9   Thumb Code    22  camuart_communication_frames.o(.text)
    CamUart_CalculateChecksum                0x08001e0f   Thumb Code    26  camuart_communication_frames.o(.text)
    CamUart_SendConnectFrame                 0x08001e29   Thumb Code    44  camuart_communication_frames.o(.text)
    CamUart_SendDisconnectFrame              0x08001e55   Thumb Code    44  camuart_communication_frames.o(.text)
    CamUart_SendConfigFrame                  0x08001e81   Thumb Code    60  camuart_communication_frames.o(.text)
    CamUart_SendControlFrame                 0x08001ebd   Thumb Code    54  camuart_communication_frames.o(.text)
    CamUart_GetRxErrorsCount                 0x08001ef3   Thumb Code    10  camuart_communication_frames.o(.text)
    CamUart_ReadMessage                      0x08001efd   Thumb Code    66  camuart_communication_frames.o(.text)
    TM_USART1_ReceiveHandler                 0x08001f3f   Thumb Code   306  camuart_communication_frames.o(.text)
    malloc                                   0x08002081   Thumb Code    94  h1_alloc.o(.text)
    free                                     0x080020df   Thumb Code    78  h1_free.o(.text)
    __use_two_region_memory                  0x0800212d   Thumb Code     2  heapauxi.o(.text)
    __rt_heap_escrow                         0x0800212f   Thumb Code     2  heapauxi.o(.text)
    __rt_heap_expand                         0x08002131   Thumb Code     2  heapauxi.o(.text)
    __rt_heap_descriptor                     0x08002135   Thumb Code     8  rt_heap_descriptor_intlibspace.o(.text)
    __use_no_heap                            0x0800213d   Thumb Code     2  hguard.o(.text)
    __heap$guard                             0x0800213f   Thumb Code     2  hguard.o(.text)
    _terminate_user_alloc                    0x08002141   Thumb Code     2  init_alloc.o(.text)
    _init_user_alloc                         0x08002143   Thumb Code     2  init_alloc.o(.text)
    __Heap_Full                              0x08002145   Thumb Code    34  init_alloc.o(.text)
    __Heap_Broken                            0x08002167   Thumb Code     6  init_alloc.o(.text)
    _init_alloc                              0x0800216d   Thumb Code    94  init_alloc.o(.text)
    __Heap_Initialize                        0x080021cb   Thumb Code    10  h1_init.o(.text)
    __Heap_DescSize                          0x080021d5   Thumb Code     4  h1_init.o(.text)
    __user_libspace                          0x080021d9   Thumb Code     8  libspace.o(.text)
    __user_perproc_libspace                  0x080021d9   Thumb Code     0  libspace.o(.text)
    __user_perthread_libspace                0x080021d9   Thumb Code     0  libspace.o(.text)
    __Heap_ProvideMemory                     0x080021e1   Thumb Code    52  h1_extend.o(.text)
    __rt_SIGRTMEM                            0x08002215   Thumb Code    14  defsig_rtmem_outer.o(.text)
    __I$use$semihosting                      0x08002223   Thumb Code     0  use_no_semi.o(.text)
    __use_no_semihosting_swi                 0x08002223   Thumb Code     2  use_no_semi.o(.text)
    __semihosting_library_function           0x08002225   Thumb Code     0  indicate_semi.o(.text)
    __user_setup_stackheap                   0x08002225   Thumb Code    74  sys_stackheap_outer.o(.text)
    exit                                     0x0800226f   Thumb Code    18  exit.o(.text)
    __sig_exit                               0x08002281   Thumb Code    10  defsig_exit.o(.text)
    __rt_SIGRTMEM_inner                      0x0800228d   Thumb Code    22  defsig_rtmem_inner.o(.text)
    _sys_exit                                0x080022dd   Thumb Code     8  sys_exit.o(.text)
    __default_signal_display                 0x080022e9   Thumb Code    50  defsig_general.o(.text)
    _ttywrch                                 0x0800231b   Thumb Code    14  sys_wrch.o(.text)
    _fp_init                                 0x08002329   Thumb Code    10  fpinit.o(x$fpl$fpinit)
    __fplib_config_fpu_vfp                   0x08002331   Thumb Code     0  fpinit.o(x$fpl$fpinit)
    __fplib_config_pureend_doubles           0x08002331   Thumb Code     0  fpinit.o(x$fpl$fpinit)
    Region$$Table$$Base                      0x0800236c   Number         0  anon$$obj.o(Region$$Table)
    Region$$Table$$Limit                     0x0800238c   Number         0  anon$$obj.o(Region$$Table)
    TM_USART1                                0x20000010   Data          16  tm_stm32f4_usart.o(.data)
    TM_USART2                                0x20000020   Data          16  tm_stm32f4_usart.o(.data)
    TM_USART3                                0x20000030   Data          16  tm_stm32f4_usart.o(.data)
    TM_UART4                                 0x20000040   Data          16  tm_stm32f4_usart.o(.data)
    TM_UART5                                 0x20000050   Data          16  tm_stm32f4_usart.o(.data)
    TM_USART6                                0x20000060   Data          16  tm_stm32f4_usart.o(.data)
    TM_UART7                                 0x20000070   Data          16  tm_stm32f4_usart.o(.data)
    TM_UART8                                 0x20000080   Data          16  tm_stm32f4_usart.o(.data)
    TM_DELAY_Initialized                     0x20000090   Data           1  tm_stm32f4_delay.o(.data)
    TM_Time                                  0x20000094   Data           4  tm_stm32f4_delay.o(.data)
    TM_Time2                                 0x20000098   Data           4  tm_stm32f4_delay.o(.data)
    mult                                     0x2000009c   Data           4  tm_stm32f4_delay.o(.data)
    errors_flags                             0x200000a6   Data           2  main.o(.data)
    cont_command                             0x200000a8   Data           2  main.o(.data)
    timer_counter_                           0x200000ac   Data           4  main.o(.data)
    error_reset_counter_                     0x200000b0   Data           4  main.o(.data)
    conf_command                             0x200000b4   Data           4  main.o(.data)
    SystemCoreClock                          0x200000b8   Data           4  system_stm32f4xx.o(.data)
    AHBPrescTable                            0x200000bc   Data          16  system_stm32f4xx.o(.data)
    this_device_address_                     0x200000cc   Data           1  camuart_communication_frames.o(.data)
    rx_buffer_level_                         0x200000cd   Data           1  camuart_communication_frames.o(.data)
    error_count_                             0x200000ce   Data           1  camuart_communication_frames.o(.data)
    TM_USART1_Buffer                         0x200000d0   Data          32  tm_stm32f4_usart.o(.bss)
    TM_USART2_Buffer                         0x200000f0   Data          32  tm_stm32f4_usart.o(.bss)
    TM_USART3_Buffer                         0x20000110   Data          32  tm_stm32f4_usart.o(.bss)
    TM_UART4_Buffer                          0x20000130   Data          32  tm_stm32f4_usart.o(.bss)
    TM_UART5_Buffer                          0x20000150   Data          32  tm_stm32f4_usart.o(.bss)
    TM_USART6_Buffer                         0x20000170   Data          32  tm_stm32f4_usart.o(.bss)
    TM_UART7_Buffer                          0x20000190   Data          32  tm_stm32f4_usart.o(.bss)
    TM_UART8_Buffer                          0x200001b0   Data          32  tm_stm32f4_usart.o(.bss)
    rx_buffer_                               0x20000200   Data         300  camuart_communication_frames.o(.bss)
    __libspace_start                         0x2000032c   Data          96  libspace.o(.bss)
    __temporary_stack_top$libspace           0x2000038c   Data           0  libspace.o(.bss)



==============================================================================

Memory Map of the image

  Image Entry point : 0x080001ad

  Load Region LR_IROM1 (Base: 0x08000000, Size: 0x0000245c, Max: 0x00200000, ABSOLUTE)

    Execution Region ER_IROM1 (Base: 0x08000000, Size: 0x0000238c, Max: 0x00200000, ABSOLUTE)

    Base Addr    Size         Type   Attr      Idx    E Section Name        Object

    0x08000000   0x000001ac   Data   RO            3    RESET               startup_stm32f429_439xx.o
    0x080001ac   0x00000008   Code   RO         1077  * !!!main             c_w.l(__main.o)
    0x080001b4   0x00000034   Code   RO         1289    !!!scatter          c_w.l(__scatter.o)
    0x080001e8   0x0000001a   Code   RO         1291    !!handler_copy      c_w.l(__scatter_copy.o)
    0x08000202   0x00000002   PAD
    0x08000204   0x0000001c   Code   RO         1293    !!handler_zi        c_w.l(__scatter_zi.o)
    0x08000220   0x00000002   Code   RO         1228    .ARM.Collect$$libinit$$00000000  c_w.l(libinit.o)
    0x08000222   0x00000004   Code   RO         1118    .ARM.Collect$$libinit$$00000001  c_w.l(libinit2.o)
    0x08000226   0x00000000   Code   RO         1121    .ARM.Collect$$libinit$$00000004  c_w.l(libinit2.o)
    0x08000226   0x00000008   Code   RO         1122    .ARM.Collect$$libinit$$00000005  c_w.l(libinit2.o)
    0x0800022e   0x00000000   Code   RO         1124    .ARM.Collect$$libinit$$0000000A  c_w.l(libinit2.o)
    0x0800022e   0x00000000   Code   RO         1126    .ARM.Collect$$libinit$$0000000C  c_w.l(libinit2.o)
    0x0800022e   0x00000000   Code   RO         1128    .ARM.Collect$$libinit$$0000000E  c_w.l(libinit2.o)
    0x0800022e   0x00000000   Code   RO         1131    .ARM.Collect$$libinit$$00000011  c_w.l(libinit2.o)
    0x0800022e   0x00000000   Code   RO         1133    .ARM.Collect$$libinit$$00000013  c_w.l(libinit2.o)
    0x0800022e   0x00000000   Code   RO         1135    .ARM.Collect$$libinit$$00000015  c_w.l(libinit2.o)
    0x0800022e   0x00000000   Code   RO         1137    .ARM.Collect$$libinit$$00000017  c_w.l(libinit2.o)
    0x0800022e   0x00000000   Code   RO         1139    .ARM.Collect$$libinit$$00000019  c_w.l(libinit2.o)
    0x0800022e   0x00000000   Code   RO         1141    .ARM.Collect$$libinit$$0000001B  c_w.l(libinit2.o)
    0x0800022e   0x00000000   Code   RO         1143    .ARM.Collect$$libinit$$0000001D  c_w.l(libinit2.o)
    0x0800022e   0x00000000   Code   RO         1145    .ARM.Collect$$libinit$$0000001F  c_w.l(libinit2.o)
    0x0800022e   0x00000000   Code   RO         1147    .ARM.Collect$$libinit$$00000021  c_w.l(libinit2.o)
    0x0800022e   0x00000000   Code   RO         1149    .ARM.Collect$$libinit$$00000023  c_w.l(libinit2.o)
    0x0800022e   0x00000000   Code   RO         1151    .ARM.Collect$$libinit$$00000025  c_w.l(libinit2.o)
    0x0800022e   0x00000000   Code   RO         1155    .ARM.Collect$$libinit$$0000002C  c_w.l(libinit2.o)
    0x0800022e   0x00000000   Code   RO         1157    .ARM.Collect$$libinit$$0000002E  c_w.l(libinit2.o)
    0x0800022e   0x00000000   Code   RO         1159    .ARM.Collect$$libinit$$00000030  c_w.l(libinit2.o)
    0x0800022e   0x00000000   Code   RO         1161    .ARM.Collect$$libinit$$00000032  c_w.l(libinit2.o)
    0x0800022e   0x00000002   Code   RO         1162    .ARM.Collect$$libinit$$00000033  c_w.l(libinit2.o)
    0x08000230   0x00000002   Code   RO         1286    .ARM.Collect$$libshutdown$$00000000  c_w.l(libshutdown.o)
    0x08000232   0x00000000   Code   RO         1242    .ARM.Collect$$libshutdown$$00000002  c_w.l(libshutdown2.o)
    0x08000232   0x00000000   Code   RO         1244    .ARM.Collect$$libshutdown$$00000004  c_w.l(libshutdown2.o)
    0x08000232   0x00000000   Code   RO         1247    .ARM.Collect$$libshutdown$$00000007  c_w.l(libshutdown2.o)
    0x08000232   0x00000000   Code   RO         1250    .ARM.Collect$$libshutdown$$0000000A  c_w.l(libshutdown2.o)
    0x08000232   0x00000000   Code   RO         1252    .ARM.Collect$$libshutdown$$0000000C  c_w.l(libshutdown2.o)
    0x08000232   0x00000000   Code   RO         1255    .ARM.Collect$$libshutdown$$0000000F  c_w.l(libshutdown2.o)
    0x08000232   0x00000002   Code   RO         1256    .ARM.Collect$$libshutdown$$00000010  c_w.l(libshutdown2.o)
    0x08000234   0x00000000   Code   RO         1081    .ARM.Collect$$rtentry$$00000000  c_w.l(__rtentry.o)
    0x08000234   0x00000000   Code   RO         1169    .ARM.Collect$$rtentry$$00000002  c_w.l(__rtentry2.o)
    0x08000234   0x00000006   Code   RO         1181    .ARM.Collect$$rtentry$$00000004  c_w.l(__rtentry4.o)
    0x0800023a   0x00000000   Code   RO         1171    .ARM.Collect$$rtentry$$00000009  c_w.l(__rtentry2.o)
    0x0800023a   0x00000004   Code   RO         1172    .ARM.Collect$$rtentry$$0000000A  c_w.l(__rtentry2.o)
    0x0800023e   0x00000000   Code   RO         1174    .ARM.Collect$$rtentry$$0000000C  c_w.l(__rtentry2.o)
    0x0800023e   0x00000008   Code   RO         1175    .ARM.Collect$$rtentry$$0000000D  c_w.l(__rtentry2.o)
    0x08000246   0x00000002   Code   RO         1231    .ARM.Collect$$rtexit$$00000000  c_w.l(rtexit.o)
    0x08000248   0x00000000   Code   RO         1260    .ARM.Collect$$rtexit$$00000002  c_w.l(rtexit2.o)
    0x08000248   0x00000004   Code   RO         1261    .ARM.Collect$$rtexit$$00000003  c_w.l(rtexit2.o)
    0x0800024c   0x00000006   Code   RO         1262    .ARM.Collect$$rtexit$$00000004  c_w.l(rtexit2.o)
    0x08000252   0x00000002   PAD
    0x08000254   0x00000000   Code   RO         1185    .emb_text           c_w.l(maybetermalloc1.o)
    0x08000254   0x00000040   Code   RO            4    .text               startup_stm32f429_439xx.o
    0x08000294   0x000000b0   Code   RO           13    .text               misc.o
    0x08000344   0x00000484   Code   RO          151    .text               stm32f4xx_rcc.o
    0x080007c8   0x00000358   Code   RO          201    .text               stm32f4xx_usart.o
    0x08000b20   0x00000808   Code   RO          324    .text               tm_stm32f4_usart.o
    0x08001328   0x0000029c   Code   RO          372    .text               tm_stm32f4_gpio.o
    0x080015c4   0x00000180   Code   RO          399    .text               tm_stm32f4_delay.o
    0x08001744   0x00000084   Code   RO          441    .text               tm_stm32f4_disco.o
    0x080017c8   0x000001f4   Code   RO          658    .text               tm_stm32f4_dma.o
    0x080019bc   0x00000288   Code   RO          772    .text               main.o
    0x08001c44   0x0000001a   Code   RO          809    .text               stm32f4xx_it.o
    0x08001c5e   0x00000002   PAD
    0x08001c60   0x00000198   Code   RO          836    .text               system_stm32f4xx.o
    0x08001df8   0x00000288   Code   RO          866    .text               camuart_communication_frames.o
    0x08002080   0x0000005e   Code   RO          985    .text               c_w.l(h1_alloc.o)
    0x080020de   0x0000004e   Code   RO          987    .text               c_w.l(h1_free.o)
    0x0800212c   0x00000006   Code   RO         1075    .text               c_w.l(heapauxi.o)
    0x08002132   0x00000002   PAD
    0x08002134   0x00000008   Code   RO         1085    .text               c_w.l(rt_heap_descriptor_intlibspace.o)
    0x0800213c   0x00000004   Code   RO         1087    .text               c_w.l(hguard.o)
    0x08002140   0x0000008a   Code   RO         1089    .text               c_w.l(init_alloc.o)
    0x080021ca   0x0000000e   Code   RO         1093    .text               c_w.l(h1_init.o)
    0x080021d8   0x00000008   Code   RO         1165    .text               c_w.l(libspace.o)
    0x080021e0   0x00000034   Code   RO         1187    .text               c_w.l(h1_extend.o)
    0x08002214   0x0000000e   Code   RO         1193    .text               c_w.l(defsig_rtmem_outer.o)
    0x08002222   0x00000002   Code   RO         1204    .text               c_w.l(use_no_semi.o)
    0x08002224   0x00000000   Code   RO         1206    .text               c_w.l(indicate_semi.o)
    0x08002224   0x0000004a   Code   RO         1207    .text               c_w.l(sys_stackheap_outer.o)
    0x0800226e   0x00000012   Code   RO         1213    .text               c_w.l(exit.o)
    0x08002280   0x0000000a   Code   RO         1215    .text               c_w.l(defsig_exit.o)
    0x0800228a   0x00000002   PAD
    0x0800228c   0x00000050   Code   RO         1217    .text               c_w.l(defsig_rtmem_inner.o)
    0x080022dc   0x0000000c   Code   RO         1229    .text               c_w.l(sys_exit.o)
    0x080022e8   0x00000032   Code   RO         1239    .text               c_w.l(defsig_general.o)
    0x0800231a   0x0000000e   Code   RO         1257    .text               c_w.l(sys_wrch.o)
    0x08002328   0x0000000a   Code   RO         1202    x$fpl$fpinit        fz_wm.l(fpinit.o)
    0x08002332   0x00000014   Data   RO          659    .constdata          tm_stm32f4_dma.o
    0x08002346   0x00000002   PAD
    0x08002348   0x00000021   Data   RO          868    .constdata          camuart_communication_frames.o
    0x08002369   0x00000003   PAD
    0x0800236c   0x00000020   Data   RO         1287    Region$$Table       anon$$obj.o


    Execution Region RW_IRAM1 (Base: 0x20000000, Size: 0x00000990, Max: 0x00030000, ABSOLUTE)

    Base Addr    Size         Type   Attr      Idx    E Section Name        Object

    0x20000000   0x00000010   Data   RW          152    .data               stm32f4xx_rcc.o
    0x20000010   0x00000080   Data   RW          333    .data               tm_stm32f4_usart.o
    0x20000090   0x00000010   Data   RW          402    .data               tm_stm32f4_delay.o
    0x200000a0   0x00000001   Data   RW          442    .data               tm_stm32f4_disco.o
    0x200000a1   0x00000003   PAD
    0x200000a4   0x00000014   Data   RW          773    .data               main.o
    0x200000b8   0x00000014   Data   RW          837    .data               system_stm32f4xx.o
    0x200000cc   0x00000004   Data   RW          869    .data               camuart_communication_frames.o
    0x200000d0   0x00000020   Zero   RW          325    .bss                tm_stm32f4_usart.o
    0x200000f0   0x00000020   Zero   RW          326    .bss                tm_stm32f4_usart.o
    0x20000110   0x00000020   Zero   RW          327    .bss                tm_stm32f4_usart.o
    0x20000130   0x00000020   Zero   RW          328    .bss                tm_stm32f4_usart.o
    0x20000150   0x00000020   Zero   RW          329    .bss                tm_stm32f4_usart.o
    0x20000170   0x00000020   Zero   RW          330    .bss                tm_stm32f4_usart.o
    0x20000190   0x00000020   Zero   RW          331    .bss                tm_stm32f4_usart.o
    0x200001b0   0x00000020   Zero   RW          332    .bss                tm_stm32f4_usart.o
    0x200001d0   0x00000016   Zero   RW          373    .bss                tm_stm32f4_gpio.o
    0x200001e6   0x00000002   PAD
    0x200001e8   0x00000018   Zero   RW          400    .bss                tm_stm32f4_delay.o
    0x20000200   0x0000012c   Zero   RW          867    .bss                camuart_communication_frames.o
    0x2000032c   0x00000060   Zero   RW         1166    .bss                c_w.l(libspace.o)
    0x2000038c   0x00000004   PAD
    0x20000390   0x00000200   Zero   RW            2    HEAP                startup_stm32f429_439xx.o
    0x20000590   0x00000400   Zero   RW            1    STACK               startup_stm32f429_439xx.o


==============================================================================

Image component sizes


      Code (inc. data)   RO Data    RW Data    ZI Data      Debug   Object Name

       648         30         33          4        300       5431   camuart_communication_frames.o
       648        184          0         20          0       4589   main.o
       176         12          0          0          0     266681   misc.o
        64         26        428          0       1536       1064   startup_stm32f429_439xx.o
        26          0          0          0          0       1480   stm32f4xx_it.o
      1156         48          0         16          0      13908   stm32f4xx_rcc.o
       856         32          0          0          0       8684   stm32f4xx_usart.o
       408         36          0         20          0       2087   system_stm32f4xx.o
       384         20          0         16         24      33498   tm_stm32f4_delay.o
       132         14          0          1          0       1842   tm_stm32f4_disco.o
       500         16         20          0          0      32385   tm_stm32f4_dma.o
       668         14          0          0         22       5566   tm_stm32f4_gpio.o
         0          0          0          0          0       1180   tm_stm32f4_ili9341_button.o
      2056        104          0        128        256      16309   tm_stm32f4_usart.o

    ----------------------------------------------------------------------
      7724        536        518        208       2140     394704   Object Totals
         0          0         32          0          0          0   (incl. Generated)
         2          0          5          3          2          0   (incl. Padding)

    ----------------------------------------------------------------------

      Code (inc. data)   RO Data    RW Data    ZI Data      Debug   Library Member Name

         8          0          0          0          0         68   __main.o
         0          0          0          0          0          0   __rtentry.o
        12          0          0          0          0          0   __rtentry2.o
         6          0          0          0          0          0   __rtentry4.o
        52          8          0          0          0          0   __scatter.o
        26          0          0          0          0          0   __scatter_copy.o
        28          0          0          0          0          0   __scatter_zi.o
        10          0          0          0          0         68   defsig_exit.o
        50          0          0          0          0         88   defsig_general.o
        80         58          0          0          0         76   defsig_rtmem_inner.o
        14          0          0          0          0         80   defsig_rtmem_outer.o
        18          0          0          0          0         80   exit.o
        94          0          0          0          0         80   h1_alloc.o
        52          0          0          0          0         68   h1_extend.o
        78          0          0          0          0         80   h1_free.o
        14          0          0          0          0         84   h1_init.o
         6          0          0          0          0        152   heapauxi.o
         4          0          0          0          0        136   hguard.o
         0          0          0          0          0          0   indicate_semi.o
       138          0          0          0          0        168   init_alloc.o
         2          0          0          0          0          0   libinit.o
        14          0          0          0          0          0   libinit2.o
         2          0          0          0          0          0   libshutdown.o
         2          0          0          0          0          0   libshutdown2.o
         8          4          0          0         96         68   libspace.o
         0          0          0          0          0          0   maybetermalloc1.o
         8          4          0          0          0         68   rt_heap_descriptor_intlibspace.o
         2          0          0          0          0          0   rtexit.o
        10          0          0          0          0          0   rtexit2.o
        12          4          0          0          0         68   sys_exit.o
        74          0          0          0          0         80   sys_stackheap_outer.o
        14          0          0          0          0         76   sys_wrch.o
         2          0          0          0          0         68   use_no_semi.o
        10          0          0          0          0        116   fpinit.o

    ----------------------------------------------------------------------
       858         78          0          0        100       1772   Library Totals
         8          0          0          0          4          0   (incl. Padding)

    ----------------------------------------------------------------------

      Code (inc. data)   RO Data    RW Data    ZI Data      Debug   Library Name

       840         78          0          0         96       1656   c_w.l
        10          0          0          0          0        116   fz_wm.l

    ----------------------------------------------------------------------
       858         78          0          0        100       1772   Library Totals

    ----------------------------------------------------------------------

==============================================================================


      Code (inc. data)   RO Data    RW Data    ZI Data      Debug   

      8582        614        518        208       2240     392444   Grand Totals
      8582        614        518        208       2240     392444   ELF Image Totals
      8582        614        518        208          0          0   ROM Totals

==============================================================================

    Total RO  Size (Code + RO Data)                 9100 (   8.89kB)
    Total RW  Size (RW Data + ZI Data)              2448 (   2.39kB)
    Total ROM Size (Code + RO Data + RW Data)       9308 (   9.09kB)

==============================================================================

